
===========================================================================
report_checks -unconstrained
===========================================================================
======================= Typical Corner ===================================

Startpoint: ainv (input port clocked by fake_clk)
Endpoint: zero (output port clocked by fake_clk)
Path Group: fake_clk
Path Type: max

Fanout     Cap    Slew   Delay    Time   Description
-----------------------------------------------------------------------------
                          0.00    0.00   clock fake_clk (rise edge)
                          0.00    0.00   clock network delay (propagated)
                          2.00    2.00 ^ input external delay
     1    0.00    0.02    0.01    2.01 ^ ainv (in)
                                         ainv (net)
                  0.02    0.00    2.01 ^ input33/A (sky130_fd_sc_hd__clkbuf_1)
     1    0.00    0.06    0.08    2.09 ^ input33/X (sky130_fd_sc_hd__clkbuf_1)
                                         net33 (net)
                  0.06    0.00    2.09 ^ fanout127/A (sky130_fd_sc_hd__clkbuf_4)
     7    0.04    0.13    0.21    2.30 ^ fanout127/X (sky130_fd_sc_hd__clkbuf_4)
                                         net127 (net)
                  0.13    0.00    2.30 ^ fanout124/A (sky130_fd_sc_hd__clkbuf_4)
    10    0.05    0.15    0.26    2.56 ^ fanout124/X (sky130_fd_sc_hd__clkbuf_4)
                                         net124 (net)
                  0.15    0.00    2.56 ^ _1409_/S (sky130_fd_sc_hd__mux2_1)
     4    0.01    0.09    0.40    2.96 v _1409_/X (sky130_fd_sc_hd__mux2_1)
                                         _0082_ (net)
                  0.09    0.00    2.96 v _1406_/B (sky130_fd_sc_hd__xor2_1)
     2    0.01    0.07    0.18    3.14 v _1406_/X (sky130_fd_sc_hd__xor2_1)
                                         _0090_ (net)
                  0.07    0.00    3.14 v _1407_/B (sky130_fd_sc_hd__and2_0)
     1    0.00    0.03    0.16    3.30 v _1407_/X (sky130_fd_sc_hd__and2_0)
                                         _0087_ (net)
                  0.03    0.00    3.30 v _1404_/SLEEP (sky130_fd_sc_hd__lpflow_inputiso1p_1)
     2    0.01    0.06    0.25    3.55 v _1404_/X (sky130_fd_sc_hd__lpflow_inputiso1p_1)
                                         _0088_ (net)
                  0.06    0.00    3.55 v _1575_/A (sky130_fd_sc_hd__and2_0)
     1    0.00    0.03    0.14    3.69 v _1575_/X (sky130_fd_sc_hd__and2_0)
                                         _0579_ (net)
                  0.03    0.00    3.69 v _1572_/SLEEP (sky130_fd_sc_hd__lpflow_inputiso1p_1)
     2    0.01    0.07    0.25    3.94 v _1572_/X (sky130_fd_sc_hd__lpflow_inputiso1p_1)
                                         _0580_ (net)
                  0.07    0.00    3.94 v _1729_/A (sky130_fd_sc_hd__and2_0)
     1    0.00    0.03    0.14    4.08 v _1729_/X (sky130_fd_sc_hd__and2_0)
                                         _1030_ (net)
                  0.03    0.00    4.08 v _1726_/SLEEP (sky130_fd_sc_hd__lpflow_inputiso1p_1)
     2    0.01    0.07    0.25    4.33 v _1726_/X (sky130_fd_sc_hd__lpflow_inputiso1p_1)
                                         _1031_ (net)
                  0.07    0.00    4.33 v _1757_/A (sky130_fd_sc_hd__and2_0)
     1    0.00    0.04    0.14    4.47 v _1757_/X (sky130_fd_sc_hd__and2_0)
                                         _1112_ (net)
                  0.04    0.00    4.47 v _1754_/SLEEP (sky130_fd_sc_hd__lpflow_inputiso1p_1)
     2    0.01    0.07    0.25    4.72 v _1754_/X (sky130_fd_sc_hd__lpflow_inputiso1p_1)
                                         _1113_ (net)
                  0.07    0.00    4.72 v _1771_/A (sky130_fd_sc_hd__and2_0)
     1    0.00    0.03    0.14    4.86 v _1771_/X (sky130_fd_sc_hd__and2_0)
                                         _1153_ (net)
                  0.03    0.00    4.86 v _1768_/SLEEP (sky130_fd_sc_hd__lpflow_inputiso1p_1)
     2    0.01    0.06    0.25    5.11 v _1768_/X (sky130_fd_sc_hd__lpflow_inputiso1p_1)
                                         _1154_ (net)
                  0.06    0.00    5.11 v _1785_/A (sky130_fd_sc_hd__and2_0)
     1    0.00    0.03    0.14    5.25 v _1785_/X (sky130_fd_sc_hd__and2_0)
                                         _1194_ (net)
                  0.03    0.00    5.25 v _1782_/SLEEP (sky130_fd_sc_hd__lpflow_inputiso1p_1)
     2    0.01    0.07    0.25    5.50 v _1782_/X (sky130_fd_sc_hd__lpflow_inputiso1p_1)
                                         _1195_ (net)
                  0.07    0.00    5.50 v _1799_/A (sky130_fd_sc_hd__and2_0)
     1    0.00    0.03    0.14    5.64 v _1799_/X (sky130_fd_sc_hd__and2_0)
                                         _1235_ (net)
                  0.03    0.00    5.64 v _1796_/SLEEP (sky130_fd_sc_hd__lpflow_inputiso1p_1)
     2    0.01    0.06    0.25    5.89 v _1796_/X (sky130_fd_sc_hd__lpflow_inputiso1p_1)
                                         _1236_ (net)
                  0.06    0.00    5.89 v _1813_/A (sky130_fd_sc_hd__and2_0)
     1    0.00    0.03    0.14    6.03 v _1813_/X (sky130_fd_sc_hd__and2_0)
                                         _1276_ (net)
                  0.03    0.00    6.03 v _1810_/SLEEP (sky130_fd_sc_hd__lpflow_inputiso1p_1)
     2    0.01    0.07    0.25    6.28 v _1810_/X (sky130_fd_sc_hd__lpflow_inputiso1p_1)
                                         _1277_ (net)
                  0.07    0.00    6.28 v _1827_/A (sky130_fd_sc_hd__and2_0)
     1    0.00    0.04    0.14    6.42 v _1827_/X (sky130_fd_sc_hd__and2_0)
                                         _1317_ (net)
                  0.04    0.00    6.42 v _1824_/SLEEP (sky130_fd_sc_hd__lpflow_inputiso1p_1)
     2    0.01    0.07    0.26    6.68 v _1824_/X (sky130_fd_sc_hd__lpflow_inputiso1p_1)
                                         _1318_ (net)
                  0.07    0.00    6.68 v _1841_/A (sky130_fd_sc_hd__and2_0)
     1    0.00    0.03    0.14    6.82 v _1841_/X (sky130_fd_sc_hd__and2_0)
                                         _1358_ (net)
                  0.03    0.00    6.82 v _1838_/SLEEP (sky130_fd_sc_hd__lpflow_inputiso1p_1)
     2    0.01    0.06    0.25    7.07 v _1838_/X (sky130_fd_sc_hd__lpflow_inputiso1p_1)
                                         _0178_ (net)
                  0.06    0.00    7.07 v _1435_/A (sky130_fd_sc_hd__and2_0)
     1    0.00    0.04    0.14    7.21 v _1435_/X (sky130_fd_sc_hd__and2_0)
                                         _0169_ (net)
                  0.04    0.00    7.21 v _1432_/SLEEP (sky130_fd_sc_hd__lpflow_inputiso1p_1)
     2    0.01    0.07    0.25    7.46 v _1432_/X (sky130_fd_sc_hd__lpflow_inputiso1p_1)
                                         _0170_ (net)
                  0.07    0.00    7.46 v _1449_/A (sky130_fd_sc_hd__and2_0)
     1    0.00    0.03    0.14    7.59 v _1449_/X (sky130_fd_sc_hd__and2_0)
                                         _0210_ (net)
                  0.03    0.00    7.59 v _1446_/SLEEP (sky130_fd_sc_hd__lpflow_inputiso1p_1)
     2    0.01    0.07    0.25    7.84 v _1446_/X (sky130_fd_sc_hd__lpflow_inputiso1p_1)
                                         _0211_ (net)
                  0.07    0.00    7.84 v _1463_/A (sky130_fd_sc_hd__and2_0)
     1    0.00    0.03    0.14    7.98 v _1463_/X (sky130_fd_sc_hd__and2_0)
                                         _0251_ (net)
                  0.03    0.00    7.98 v _1460_/SLEEP (sky130_fd_sc_hd__lpflow_inputiso1p_1)
     2    0.01    0.06    0.25    8.23 v _1460_/X (sky130_fd_sc_hd__lpflow_inputiso1p_1)
                                         _0252_ (net)
                  0.06    0.00    8.23 v _1477_/A (sky130_fd_sc_hd__and2_0)
     1    0.00    0.03    0.13    8.37 v _1477_/X (sky130_fd_sc_hd__and2_0)
                                         _0292_ (net)
                  0.03    0.00    8.37 v _1474_/SLEEP (sky130_fd_sc_hd__lpflow_inputiso1p_1)
     2    0.01    0.07    0.25    8.62 v _1474_/X (sky130_fd_sc_hd__lpflow_inputiso1p_1)
                                         _0293_ (net)
                  0.07    0.00    8.62 v _1491_/A (sky130_fd_sc_hd__and2_0)
     1    0.00    0.04    0.14    8.76 v _1491_/X (sky130_fd_sc_hd__and2_0)
                                         _0333_ (net)
                  0.04    0.00    8.76 v _1488_/SLEEP (sky130_fd_sc_hd__lpflow_inputiso1p_1)
     2    0.01    0.07    0.25    9.01 v _1488_/X (sky130_fd_sc_hd__lpflow_inputiso1p_1)
                                         _0334_ (net)
                  0.07    0.00    9.01 v _1505_/A (sky130_fd_sc_hd__and2_0)
     1    0.00    0.03    0.13    9.15 v _1505_/X (sky130_fd_sc_hd__and2_0)
                                         _0374_ (net)
                  0.03    0.00    9.15 v _1502_/SLEEP (sky130_fd_sc_hd__lpflow_inputiso1p_1)
     2    0.01    0.07    0.25    9.40 v _1502_/X (sky130_fd_sc_hd__lpflow_inputiso1p_1)
                                         _0375_ (net)
                  0.07    0.00    9.40 v _1519_/A (sky130_fd_sc_hd__and2_0)
     1    0.00    0.03    0.14    9.54 v _1519_/X (sky130_fd_sc_hd__and2_0)
                                         _0415_ (net)
                  0.03    0.00    9.54 v _1516_/SLEEP (sky130_fd_sc_hd__lpflow_inputiso1p_1)
     2    0.01    0.07    0.25    9.79 v _1516_/X (sky130_fd_sc_hd__lpflow_inputiso1p_1)
                                         _0416_ (net)
                  0.07    0.00    9.79 v _1533_/A (sky130_fd_sc_hd__and2_0)
     1    0.00    0.03    0.14    9.92 v _1533_/X (sky130_fd_sc_hd__and2_0)
                                         _0456_ (net)
                  0.03    0.00    9.92 v _1530_/SLEEP (sky130_fd_sc_hd__lpflow_inputiso1p_1)
     2    0.01    0.07    0.25   10.18 v _1530_/X (sky130_fd_sc_hd__lpflow_inputiso1p_1)
                                         _0457_ (net)
                  0.07    0.00   10.18 v _1547_/A (sky130_fd_sc_hd__and2_0)
     1    0.00    0.03    0.13   10.31 v _1547_/X (sky130_fd_sc_hd__and2_0)
                                         _0497_ (net)
                  0.03    0.00   10.31 v _1544_/SLEEP (sky130_fd_sc_hd__lpflow_inputiso1p_1)
     2    0.01    0.06    0.25   10.56 v _1544_/X (sky130_fd_sc_hd__lpflow_inputiso1p_1)
                                         _0498_ (net)
                  0.06    0.00   10.56 v _1561_/A (sky130_fd_sc_hd__and2_0)
     1    0.00    0.03    0.14   10.70 v _1561_/X (sky130_fd_sc_hd__and2_0)
                                         _0538_ (net)
                  0.03    0.00   10.70 v _1558_/SLEEP (sky130_fd_sc_hd__lpflow_inputiso1p_1)
     2    0.01    0.07    0.25   10.95 v _1558_/X (sky130_fd_sc_hd__lpflow_inputiso1p_1)
                                         _0539_ (net)
                  0.07    0.00   10.95 v _1589_/A (sky130_fd_sc_hd__and2_0)
     1    0.00    0.03    0.14   11.09 v _1589_/X (sky130_fd_sc_hd__and2_0)
                                         _0620_ (net)
                  0.03    0.00   11.09 v _1586_/SLEEP (sky130_fd_sc_hd__lpflow_inputiso1p_1)
     2    0.01    0.07    0.25   11.34 v _1586_/X (sky130_fd_sc_hd__lpflow_inputiso1p_1)
                                         _0621_ (net)
                  0.07    0.00   11.34 v _1603_/A (sky130_fd_sc_hd__and2_0)
     1    0.00    0.04    0.14   11.48 v _1603_/X (sky130_fd_sc_hd__and2_0)
                                         _0661_ (net)
                  0.04    0.00   11.48 v _1600_/SLEEP (sky130_fd_sc_hd__lpflow_inputiso1p_1)
     2    0.01    0.07    0.26   11.74 v _1600_/X (sky130_fd_sc_hd__lpflow_inputiso1p_1)
                                         _0662_ (net)
                  0.07    0.00   11.74 v _1617_/A (sky130_fd_sc_hd__and2_0)
     1    0.00    0.03    0.14   11.87 v _1617_/X (sky130_fd_sc_hd__and2_0)
                                         _0702_ (net)
                  0.03    0.00   11.87 v _1614_/SLEEP (sky130_fd_sc_hd__lpflow_inputiso1p_1)
     2    0.01    0.07    0.25   12.13 v _1614_/X (sky130_fd_sc_hd__lpflow_inputiso1p_1)
                                         _0703_ (net)
                  0.07    0.00   12.13 v _1631_/A (sky130_fd_sc_hd__and2_0)
     1    0.00    0.03    0.14   12.26 v _1631_/X (sky130_fd_sc_hd__and2_0)
                                         _0743_ (net)
                  0.03    0.00   12.26 v _1628_/SLEEP (sky130_fd_sc_hd__lpflow_inputiso1p_1)
     2    0.01    0.07    0.25   12.52 v _1628_/X (sky130_fd_sc_hd__lpflow_inputiso1p_1)
                                         _0744_ (net)
                  0.07    0.00   12.52 v _1645_/A (sky130_fd_sc_hd__and2_0)
     1    0.00    0.03    0.13   12.65 v _1645_/X (sky130_fd_sc_hd__and2_0)
                                         _0784_ (net)
                  0.03    0.00   12.65 v _1642_/SLEEP (sky130_fd_sc_hd__lpflow_inputiso1p_1)
     2    0.01    0.07    0.25   12.90 v _1642_/X (sky130_fd_sc_hd__lpflow_inputiso1p_1)
                                         _0785_ (net)
                  0.07    0.00   12.90 v _1659_/A (sky130_fd_sc_hd__and2_0)
     1    0.00    0.03    0.13   13.04 v _1659_/X (sky130_fd_sc_hd__and2_0)
                                         _0825_ (net)
                  0.03    0.00   13.04 v _1656_/SLEEP (sky130_fd_sc_hd__lpflow_inputiso1p_1)
     2    0.01    0.07    0.25   13.29 v _1656_/X (sky130_fd_sc_hd__lpflow_inputiso1p_1)
                                         _0826_ (net)
                  0.07    0.00   13.29 v _1673_/A (sky130_fd_sc_hd__and2_0)
     1    0.00    0.03    0.14   13.43 v _1673_/X (sky130_fd_sc_hd__and2_0)
                                         _0866_ (net)
                  0.03    0.00   13.43 v _1670_/SLEEP (sky130_fd_sc_hd__lpflow_inputiso1p_1)
     2    0.01    0.07    0.25   13.68 v _1670_/X (sky130_fd_sc_hd__lpflow_inputiso1p_1)
                                         _0867_ (net)
                  0.07    0.00   13.68 v _1687_/A (sky130_fd_sc_hd__and2_0)
     1    0.00    0.03    0.14   13.82 v _1687_/X (sky130_fd_sc_hd__and2_0)
                                         _0907_ (net)
                  0.03    0.00   13.82 v _1684_/SLEEP (sky130_fd_sc_hd__lpflow_inputiso1p_1)
     2    0.01    0.06    0.25   14.07 v _1684_/X (sky130_fd_sc_hd__lpflow_inputiso1p_1)
                                         _0908_ (net)
                  0.06    0.00   14.07 v _1701_/A (sky130_fd_sc_hd__and2_0)
     1    0.00    0.03    0.14   14.21 v _1701_/X (sky130_fd_sc_hd__and2_0)
                                         _0948_ (net)
                  0.03    0.00   14.21 v _1698_/SLEEP (sky130_fd_sc_hd__lpflow_inputiso1p_1)
     2    0.01    0.07    0.25   14.46 v _1698_/X (sky130_fd_sc_hd__lpflow_inputiso1p_1)
                                         _0949_ (net)
                  0.07    0.00   14.46 v _1715_/A (sky130_fd_sc_hd__and2_0)
     1    0.00    0.03    0.14   14.59 v _1715_/X (sky130_fd_sc_hd__and2_0)
                                         _0989_ (net)
                  0.03    0.00   14.59 v _1712_/SLEEP (sky130_fd_sc_hd__lpflow_inputiso1p_1)
     2    0.01    0.07    0.25   14.85 v _1712_/X (sky130_fd_sc_hd__lpflow_inputiso1p_1)
                                         _0990_ (net)
                  0.07    0.00   14.85 v _1743_/A (sky130_fd_sc_hd__and2_0)
     1    0.00    0.03    0.14   14.99 v _1743_/X (sky130_fd_sc_hd__and2_0)
                                         _1071_ (net)
                  0.03    0.00   14.99 v _1740_/SLEEP (sky130_fd_sc_hd__lpflow_inputiso1p_1)
     3    0.01    0.08    0.28   15.26 v _1740_/X (sky130_fd_sc_hd__lpflow_inputiso1p_1)
                                         _0030_ (net)
                  0.08    0.00   15.26 v _1422_/A (sky130_fd_sc_hd__xor2_1)
     2    0.00    0.07    0.19   15.45 v _1422_/X (sky130_fd_sc_hd__xor2_1)
                                         _0108_ (net)
                  0.07    0.00   15.45 v _1411_/A1 (sky130_fd_sc_hd__mux2_1)
     1    0.00    0.06    0.31   15.76 v _1411_/X (sky130_fd_sc_hd__mux2_1)
                                         _0105_ (net)
                  0.06    0.00   15.76 v _1412_/A1 (sky130_fd_sc_hd__mux2_1)
     2    0.01    0.07    0.32   16.09 v _1412_/X (sky130_fd_sc_hd__mux2_1)
                                         _0043_ (net)
                  0.07    0.00   16.09 v _1395_/A (sky130_fd_sc_hd__nor4_1)
     1    0.01    0.29    0.35   16.44 ^ _1395_/Y (sky130_fd_sc_hd__nor4_1)
                                         _0039_ (net)
                  0.29    0.00   16.44 ^ _1397_/C (sky130_fd_sc_hd__nand4_1)
     1    0.00    0.10    0.13   16.57 v _1397_/Y (sky130_fd_sc_hd__nand4_1)
                                         _0041_ (net)
                  0.10    0.00   16.57 v _1398_/B (sky130_fd_sc_hd__nor2_1)
     1    0.01    0.11    0.14   16.71 ^ _1398_/Y (sky130_fd_sc_hd__nor2_1)
                                         net104 (net)
                  0.11    0.00   16.71 ^ output104/A (sky130_fd_sc_hd__buf_2)
     1    0.03    0.17    0.24   16.94 ^ output104/X (sky130_fd_sc_hd__buf_2)
                                         zero (net)
                  0.17    0.00   16.94 ^ zero (out)
                                 16.94   data arrival time

                         10.00   10.00   clock fake_clk (rise edge)
                          0.00   10.00   clock network delay (propagated)
                         -0.25    9.75   clock uncertainty
                          0.00    9.75   clock reconvergence pessimism
                         -2.00    7.75   output external delay
                                  7.75   data required time
-----------------------------------------------------------------------------
                                  7.75   data required time
                                -16.94   data arrival time
-----------------------------------------------------------------------------
                                 -9.19   slack (VIOLATED)




===========================================================================
report_checks --slack_max -0.01
============================================================================
======================= Typical Corner ===================================

Startpoint: ainv (input port clocked by fake_clk)
Endpoint: zero (output port clocked by fake_clk)
Path Group: fake_clk
Path Type: max

Fanout     Cap    Slew   Delay    Time   Description
-----------------------------------------------------------------------------
                          0.00    0.00   clock fake_clk (rise edge)
                          0.00    0.00   clock network delay (propagated)
                          2.00    2.00 ^ input external delay
     1    0.00    0.02    0.01    2.01 ^ ainv (in)
                                         ainv (net)
                  0.02    0.00    2.01 ^ input33/A (sky130_fd_sc_hd__clkbuf_1)
     1    0.00    0.06    0.08    2.09 ^ input33/X (sky130_fd_sc_hd__clkbuf_1)
                                         net33 (net)
                  0.06    0.00    2.09 ^ fanout127/A (sky130_fd_sc_hd__clkbuf_4)
     7    0.04    0.13    0.21    2.30 ^ fanout127/X (sky130_fd_sc_hd__clkbuf_4)
                                         net127 (net)
                  0.13    0.00    2.30 ^ fanout124/A (sky130_fd_sc_hd__clkbuf_4)
    10    0.05    0.15    0.26    2.56 ^ fanout124/X (sky130_fd_sc_hd__clkbuf_4)
                                         net124 (net)
                  0.15    0.00    2.56 ^ _1409_/S (sky130_fd_sc_hd__mux2_1)
     4    0.01    0.09    0.40    2.96 v _1409_/X (sky130_fd_sc_hd__mux2_1)
                                         _0082_ (net)
                  0.09    0.00    2.96 v _1406_/B (sky130_fd_sc_hd__xor2_1)
     2    0.01    0.07    0.18    3.14 v _1406_/X (sky130_fd_sc_hd__xor2_1)
                                         _0090_ (net)
                  0.07    0.00    3.14 v _1407_/B (sky130_fd_sc_hd__and2_0)
     1    0.00    0.03    0.16    3.30 v _1407_/X (sky130_fd_sc_hd__and2_0)
                                         _0087_ (net)
                  0.03    0.00    3.30 v _1404_/SLEEP (sky130_fd_sc_hd__lpflow_inputiso1p_1)
     2    0.01    0.06    0.25    3.55 v _1404_/X (sky130_fd_sc_hd__lpflow_inputiso1p_1)
                                         _0088_ (net)
                  0.06    0.00    3.55 v _1575_/A (sky130_fd_sc_hd__and2_0)
     1    0.00    0.03    0.14    3.69 v _1575_/X (sky130_fd_sc_hd__and2_0)
                                         _0579_ (net)
                  0.03    0.00    3.69 v _1572_/SLEEP (sky130_fd_sc_hd__lpflow_inputiso1p_1)
     2    0.01    0.07    0.25    3.94 v _1572_/X (sky130_fd_sc_hd__lpflow_inputiso1p_1)
                                         _0580_ (net)
                  0.07    0.00    3.94 v _1729_/A (sky130_fd_sc_hd__and2_0)
     1    0.00    0.03    0.14    4.08 v _1729_/X (sky130_fd_sc_hd__and2_0)
                                         _1030_ (net)
                  0.03    0.00    4.08 v _1726_/SLEEP (sky130_fd_sc_hd__lpflow_inputiso1p_1)
     2    0.01    0.07    0.25    4.33 v _1726_/X (sky130_fd_sc_hd__lpflow_inputiso1p_1)
                                         _1031_ (net)
                  0.07    0.00    4.33 v _1757_/A (sky130_fd_sc_hd__and2_0)
     1    0.00    0.04    0.14    4.47 v _1757_/X (sky130_fd_sc_hd__and2_0)
                                         _1112_ (net)
                  0.04    0.00    4.47 v _1754_/SLEEP (sky130_fd_sc_hd__lpflow_inputiso1p_1)
     2    0.01    0.07    0.25    4.72 v _1754_/X (sky130_fd_sc_hd__lpflow_inputiso1p_1)
                                         _1113_ (net)
                  0.07    0.00    4.72 v _1771_/A (sky130_fd_sc_hd__and2_0)
     1    0.00    0.03    0.14    4.86 v _1771_/X (sky130_fd_sc_hd__and2_0)
                                         _1153_ (net)
                  0.03    0.00    4.86 v _1768_/SLEEP (sky130_fd_sc_hd__lpflow_inputiso1p_1)
     2    0.01    0.06    0.25    5.11 v _1768_/X (sky130_fd_sc_hd__lpflow_inputiso1p_1)
                                         _1154_ (net)
                  0.06    0.00    5.11 v _1785_/A (sky130_fd_sc_hd__and2_0)
     1    0.00    0.03    0.14    5.25 v _1785_/X (sky130_fd_sc_hd__and2_0)
                                         _1194_ (net)
                  0.03    0.00    5.25 v _1782_/SLEEP (sky130_fd_sc_hd__lpflow_inputiso1p_1)
     2    0.01    0.07    0.25    5.50 v _1782_/X (sky130_fd_sc_hd__lpflow_inputiso1p_1)
                                         _1195_ (net)
                  0.07    0.00    5.50 v _1799_/A (sky130_fd_sc_hd__and2_0)
     1    0.00    0.03    0.14    5.64 v _1799_/X (sky130_fd_sc_hd__and2_0)
                                         _1235_ (net)
                  0.03    0.00    5.64 v _1796_/SLEEP (sky130_fd_sc_hd__lpflow_inputiso1p_1)
     2    0.01    0.06    0.25    5.89 v _1796_/X (sky130_fd_sc_hd__lpflow_inputiso1p_1)
                                         _1236_ (net)
                  0.06    0.00    5.89 v _1813_/A (sky130_fd_sc_hd__and2_0)
     1    0.00    0.03    0.14    6.03 v _1813_/X (sky130_fd_sc_hd__and2_0)
                                         _1276_ (net)
                  0.03    0.00    6.03 v _1810_/SLEEP (sky130_fd_sc_hd__lpflow_inputiso1p_1)
     2    0.01    0.07    0.25    6.28 v _1810_/X (sky130_fd_sc_hd__lpflow_inputiso1p_1)
                                         _1277_ (net)
                  0.07    0.00    6.28 v _1827_/A (sky130_fd_sc_hd__and2_0)
     1    0.00    0.04    0.14    6.42 v _1827_/X (sky130_fd_sc_hd__and2_0)
                                         _1317_ (net)
                  0.04    0.00    6.42 v _1824_/SLEEP (sky130_fd_sc_hd__lpflow_inputiso1p_1)
     2    0.01    0.07    0.26    6.68 v _1824_/X (sky130_fd_sc_hd__lpflow_inputiso1p_1)
                                         _1318_ (net)
                  0.07    0.00    6.68 v _1841_/A (sky130_fd_sc_hd__and2_0)
     1    0.00    0.03    0.14    6.82 v _1841_/X (sky130_fd_sc_hd__and2_0)
                                         _1358_ (net)
                  0.03    0.00    6.82 v _1838_/SLEEP (sky130_fd_sc_hd__lpflow_inputiso1p_1)
     2    0.01    0.06    0.25    7.07 v _1838_/X (sky130_fd_sc_hd__lpflow_inputiso1p_1)
                                         _0178_ (net)
                  0.06    0.00    7.07 v _1435_/A (sky130_fd_sc_hd__and2_0)
     1    0.00    0.04    0.14    7.21 v _1435_/X (sky130_fd_sc_hd__and2_0)
                                         _0169_ (net)
                  0.04    0.00    7.21 v _1432_/SLEEP (sky130_fd_sc_hd__lpflow_inputiso1p_1)
     2    0.01    0.07    0.25    7.46 v _1432_/X (sky130_fd_sc_hd__lpflow_inputiso1p_1)
                                         _0170_ (net)
                  0.07    0.00    7.46 v _1449_/A (sky130_fd_sc_hd__and2_0)
     1    0.00    0.03    0.14    7.59 v _1449_/X (sky130_fd_sc_hd__and2_0)
                                         _0210_ (net)
                  0.03    0.00    7.59 v _1446_/SLEEP (sky130_fd_sc_hd__lpflow_inputiso1p_1)
     2    0.01    0.07    0.25    7.84 v _1446_/X (sky130_fd_sc_hd__lpflow_inputiso1p_1)
                                         _0211_ (net)
                  0.07    0.00    7.84 v _1463_/A (sky130_fd_sc_hd__and2_0)
     1    0.00    0.03    0.14    7.98 v _1463_/X (sky130_fd_sc_hd__and2_0)
                                         _0251_ (net)
                  0.03    0.00    7.98 v _1460_/SLEEP (sky130_fd_sc_hd__lpflow_inputiso1p_1)
     2    0.01    0.06    0.25    8.23 v _1460_/X (sky130_fd_sc_hd__lpflow_inputiso1p_1)
                                         _0252_ (net)
                  0.06    0.00    8.23 v _1477_/A (sky130_fd_sc_hd__and2_0)
     1    0.00    0.03    0.13    8.37 v _1477_/X (sky130_fd_sc_hd__and2_0)
                                         _0292_ (net)
                  0.03    0.00    8.37 v _1474_/SLEEP (sky130_fd_sc_hd__lpflow_inputiso1p_1)
     2    0.01    0.07    0.25    8.62 v _1474_/X (sky130_fd_sc_hd__lpflow_inputiso1p_1)
                                         _0293_ (net)
                  0.07    0.00    8.62 v _1491_/A (sky130_fd_sc_hd__and2_0)
     1    0.00    0.04    0.14    8.76 v _1491_/X (sky130_fd_sc_hd__and2_0)
                                         _0333_ (net)
                  0.04    0.00    8.76 v _1488_/SLEEP (sky130_fd_sc_hd__lpflow_inputiso1p_1)
     2    0.01    0.07    0.25    9.01 v _1488_/X (sky130_fd_sc_hd__lpflow_inputiso1p_1)
                                         _0334_ (net)
                  0.07    0.00    9.01 v _1505_/A (sky130_fd_sc_hd__and2_0)
     1    0.00    0.03    0.13    9.15 v _1505_/X (sky130_fd_sc_hd__and2_0)
                                         _0374_ (net)
                  0.03    0.00    9.15 v _1502_/SLEEP (sky130_fd_sc_hd__lpflow_inputiso1p_1)
     2    0.01    0.07    0.25    9.40 v _1502_/X (sky130_fd_sc_hd__lpflow_inputiso1p_1)
                                         _0375_ (net)
                  0.07    0.00    9.40 v _1519_/A (sky130_fd_sc_hd__and2_0)
     1    0.00    0.03    0.14    9.54 v _1519_/X (sky130_fd_sc_hd__and2_0)
                                         _0415_ (net)
                  0.03    0.00    9.54 v _1516_/SLEEP (sky130_fd_sc_hd__lpflow_inputiso1p_1)
     2    0.01    0.07    0.25    9.79 v _1516_/X (sky130_fd_sc_hd__lpflow_inputiso1p_1)
                                         _0416_ (net)
                  0.07    0.00    9.79 v _1533_/A (sky130_fd_sc_hd__and2_0)
     1    0.00    0.03    0.14    9.92 v _1533_/X (sky130_fd_sc_hd__and2_0)
                                         _0456_ (net)
                  0.03    0.00    9.92 v _1530_/SLEEP (sky130_fd_sc_hd__lpflow_inputiso1p_1)
     2    0.01    0.07    0.25   10.18 v _1530_/X (sky130_fd_sc_hd__lpflow_inputiso1p_1)
                                         _0457_ (net)
                  0.07    0.00   10.18 v _1547_/A (sky130_fd_sc_hd__and2_0)
     1    0.00    0.03    0.13   10.31 v _1547_/X (sky130_fd_sc_hd__and2_0)
                                         _0497_ (net)
                  0.03    0.00   10.31 v _1544_/SLEEP (sky130_fd_sc_hd__lpflow_inputiso1p_1)
     2    0.01    0.06    0.25   10.56 v _1544_/X (sky130_fd_sc_hd__lpflow_inputiso1p_1)
                                         _0498_ (net)
                  0.06    0.00   10.56 v _1561_/A (sky130_fd_sc_hd__and2_0)
     1    0.00    0.03    0.14   10.70 v _1561_/X (sky130_fd_sc_hd__and2_0)
                                         _0538_ (net)
                  0.03    0.00   10.70 v _1558_/SLEEP (sky130_fd_sc_hd__lpflow_inputiso1p_1)
     2    0.01    0.07    0.25   10.95 v _1558_/X (sky130_fd_sc_hd__lpflow_inputiso1p_1)
                                         _0539_ (net)
                  0.07    0.00   10.95 v _1589_/A (sky130_fd_sc_hd__and2_0)
     1    0.00    0.03    0.14   11.09 v _1589_/X (sky130_fd_sc_hd__and2_0)
                                         _0620_ (net)
                  0.03    0.00   11.09 v _1586_/SLEEP (sky130_fd_sc_hd__lpflow_inputiso1p_1)
     2    0.01    0.07    0.25   11.34 v _1586_/X (sky130_fd_sc_hd__lpflow_inputiso1p_1)
                                         _0621_ (net)
                  0.07    0.00   11.34 v _1603_/A (sky130_fd_sc_hd__and2_0)
     1    0.00    0.04    0.14   11.48 v _1603_/X (sky130_fd_sc_hd__and2_0)
                                         _0661_ (net)
                  0.04    0.00   11.48 v _1600_/SLEEP (sky130_fd_sc_hd__lpflow_inputiso1p_1)
     2    0.01    0.07    0.26   11.74 v _1600_/X (sky130_fd_sc_hd__lpflow_inputiso1p_1)
                                         _0662_ (net)
                  0.07    0.00   11.74 v _1617_/A (sky130_fd_sc_hd__and2_0)
     1    0.00    0.03    0.14   11.87 v _1617_/X (sky130_fd_sc_hd__and2_0)
                                         _0702_ (net)
                  0.03    0.00   11.87 v _1614_/SLEEP (sky130_fd_sc_hd__lpflow_inputiso1p_1)
     2    0.01    0.07    0.25   12.13 v _1614_/X (sky130_fd_sc_hd__lpflow_inputiso1p_1)
                                         _0703_ (net)
                  0.07    0.00   12.13 v _1631_/A (sky130_fd_sc_hd__and2_0)
     1    0.00    0.03    0.14   12.26 v _1631_/X (sky130_fd_sc_hd__and2_0)
                                         _0743_ (net)
                  0.03    0.00   12.26 v _1628_/SLEEP (sky130_fd_sc_hd__lpflow_inputiso1p_1)
     2    0.01    0.07    0.25   12.52 v _1628_/X (sky130_fd_sc_hd__lpflow_inputiso1p_1)
                                         _0744_ (net)
                  0.07    0.00   12.52 v _1645_/A (sky130_fd_sc_hd__and2_0)
     1    0.00    0.03    0.13   12.65 v _1645_/X (sky130_fd_sc_hd__and2_0)
                                         _0784_ (net)
                  0.03    0.00   12.65 v _1642_/SLEEP (sky130_fd_sc_hd__lpflow_inputiso1p_1)
     2    0.01    0.07    0.25   12.90 v _1642_/X (sky130_fd_sc_hd__lpflow_inputiso1p_1)
                                         _0785_ (net)
                  0.07    0.00   12.90 v _1659_/A (sky130_fd_sc_hd__and2_0)
     1    0.00    0.03    0.13   13.04 v _1659_/X (sky130_fd_sc_hd__and2_0)
                                         _0825_ (net)
                  0.03    0.00   13.04 v _1656_/SLEEP (sky130_fd_sc_hd__lpflow_inputiso1p_1)
     2    0.01    0.07    0.25   13.29 v _1656_/X (sky130_fd_sc_hd__lpflow_inputiso1p_1)
                                         _0826_ (net)
                  0.07    0.00   13.29 v _1673_/A (sky130_fd_sc_hd__and2_0)
     1    0.00    0.03    0.14   13.43 v _1673_/X (sky130_fd_sc_hd__and2_0)
                                         _0866_ (net)
                  0.03    0.00   13.43 v _1670_/SLEEP (sky130_fd_sc_hd__lpflow_inputiso1p_1)
     2    0.01    0.07    0.25   13.68 v _1670_/X (sky130_fd_sc_hd__lpflow_inputiso1p_1)
                                         _0867_ (net)
                  0.07    0.00   13.68 v _1687_/A (sky130_fd_sc_hd__and2_0)
     1    0.00    0.03    0.14   13.82 v _1687_/X (sky130_fd_sc_hd__and2_0)
                                         _0907_ (net)
                  0.03    0.00   13.82 v _1684_/SLEEP (sky130_fd_sc_hd__lpflow_inputiso1p_1)
     2    0.01    0.06    0.25   14.07 v _1684_/X (sky130_fd_sc_hd__lpflow_inputiso1p_1)
                                         _0908_ (net)
                  0.06    0.00   14.07 v _1701_/A (sky130_fd_sc_hd__and2_0)
     1    0.00    0.03    0.14   14.21 v _1701_/X (sky130_fd_sc_hd__and2_0)
                                         _0948_ (net)
                  0.03    0.00   14.21 v _1698_/SLEEP (sky130_fd_sc_hd__lpflow_inputiso1p_1)
     2    0.01    0.07    0.25   14.46 v _1698_/X (sky130_fd_sc_hd__lpflow_inputiso1p_1)
                                         _0949_ (net)
                  0.07    0.00   14.46 v _1715_/A (sky130_fd_sc_hd__and2_0)
     1    0.00    0.03    0.14   14.59 v _1715_/X (sky130_fd_sc_hd__and2_0)
                                         _0989_ (net)
                  0.03    0.00   14.59 v _1712_/SLEEP (sky130_fd_sc_hd__lpflow_inputiso1p_1)
     2    0.01    0.07    0.25   14.85 v _1712_/X (sky130_fd_sc_hd__lpflow_inputiso1p_1)
                                         _0990_ (net)
                  0.07    0.00   14.85 v _1743_/A (sky130_fd_sc_hd__and2_0)
     1    0.00    0.03    0.14   14.99 v _1743_/X (sky130_fd_sc_hd__and2_0)
                                         _1071_ (net)
                  0.03    0.00   14.99 v _1740_/SLEEP (sky130_fd_sc_hd__lpflow_inputiso1p_1)
     3    0.01    0.08    0.28   15.26 v _1740_/X (sky130_fd_sc_hd__lpflow_inputiso1p_1)
                                         _0030_ (net)
                  0.08    0.00   15.26 v _1422_/A (sky130_fd_sc_hd__xor2_1)
     2    0.00    0.07    0.19   15.45 v _1422_/X (sky130_fd_sc_hd__xor2_1)
                                         _0108_ (net)
                  0.07    0.00   15.45 v _1411_/A1 (sky130_fd_sc_hd__mux2_1)
     1    0.00    0.06    0.31   15.76 v _1411_/X (sky130_fd_sc_hd__mux2_1)
                                         _0105_ (net)
                  0.06    0.00   15.76 v _1412_/A1 (sky130_fd_sc_hd__mux2_1)
     2    0.01    0.07    0.32   16.09 v _1412_/X (sky130_fd_sc_hd__mux2_1)
                                         _0043_ (net)
                  0.07    0.00   16.09 v _1395_/A (sky130_fd_sc_hd__nor4_1)
     1    0.01    0.29    0.35   16.44 ^ _1395_/Y (sky130_fd_sc_hd__nor4_1)
                                         _0039_ (net)
                  0.29    0.00   16.44 ^ _1397_/C (sky130_fd_sc_hd__nand4_1)
     1    0.00    0.10    0.13   16.57 v _1397_/Y (sky130_fd_sc_hd__nand4_1)
                                         _0041_ (net)
                  0.10    0.00   16.57 v _1398_/B (sky130_fd_sc_hd__nor2_1)
     1    0.01    0.11    0.14   16.71 ^ _1398_/Y (sky130_fd_sc_hd__nor2_1)
                                         net104 (net)
                  0.11    0.00   16.71 ^ output104/A (sky130_fd_sc_hd__buf_2)
     1    0.03    0.17    0.24   16.94 ^ output104/X (sky130_fd_sc_hd__buf_2)
                                         zero (net)
                  0.17    0.00   16.94 ^ zero (out)
                                 16.94   data arrival time

                         10.00   10.00   clock fake_clk (rise edge)
                          0.00   10.00   clock network delay (propagated)
                         -0.25    9.75   clock uncertainty
                          0.00    9.75   clock reconvergence pessimism
                         -2.00    7.75   output external delay
                                  7.75   data required time
-----------------------------------------------------------------------------
                                  7.75   data required time
                                -16.94   data arrival time
-----------------------------------------------------------------------------
                                 -9.19   slack (VIOLATED)




===========================================================================
 report_check_types -max_slew -max_cap -max_fanout -violators
============================================================================
======================= Typical Corner ===================================


max slew violations count Typical: 0
max fanout violations count Typical: 0
max cap violations count Typical: 0

===========================================================================
report_parasitic_annotation -report_unannotated
============================================================================
Found 32 unannotated drivers.
 fake_clk
 _1425__150/HI
 _1439__151/HI
 _1453__152/HI
 _1467__153/HI
 _1481__154/HI
 _1495__155/HI
 _1509__156/HI
 _1523__157/HI
 _1537__158/HI
 _1551__128/HI
 _1565__129/HI
 _1579__130/HI
 _1593__131/HI
 _1607__132/HI
 _1621__133/HI
 _1635__134/HI
 _1649__135/HI
 _1663__136/HI
 _1677__137/HI
 _1691__138/HI
 _1705__139/HI
 _1719__140/HI
 _1733__141/HI
 _1747__142/HI
 _1761__143/HI
 _1775__144/HI
 _1789__145/HI
 _1803__146/HI
 _1817__147/HI
 _1831__148/HI
 _1845__149/HI
Found 0 partially unannotated drivers.

===========================================================================
max slew violation count 0
max fanout violation count 0
max cap violation count 0
============================================================================

===========================================================================
check_setup -verbose -unconstrained_endpoints -multiple_clock -no_clock -no_input_delay -loops -generated_clocks
===========================================================================
