<?xml version="1.0" encoding="ISO-8859-1" ?>
<link_info>
   <banner>TMS320C2000 Linker PC v22.6.1.LTS</banner>
   <copyright>Copyright (c) 1996-2018 Texas Instruments Incorporated</copyright>
   <link_time>0x67471465</link_time>
   <link_errors>0x0</link_errors>
   <output_file>Goertzel_algo.out</output_file>
   <entry_point>
      <name>code_start</name>
      <address>0x0</address>
   </entry_point>
   <input_file_list>
      <input_file id="fl-2">
         <path>.\</path>
         <kind>object</kind>
         <file>Goertzel_algo.obj</file>
         <name>Goertzel_algo.obj</name>
      </input_file>
      <input_file id="fl-3">
         <path>.\device\</path>
         <kind>object</kind>
         <file>F2837xD_CodeStartBranch.obj</file>
         <name>F2837xD_CodeStartBranch.obj</name>
      </input_file>
      <input_file id="fl-4">
         <path>.\device\</path>
         <kind>object</kind>
         <file>device.obj</file>
         <name>device.obj</name>
      </input_file>
      <input_file id="fl-9">
         <kind>object</kind>
         <file>&lt;internal&gt;</file>
         <name>&lt;internal&gt;</name>
      </input_file>
      <input_file id="fl-d">
         <path>C:\ti\C2000Ware_5_03_00_00\driverlib\f2837xd\driverlib\ccs\Debug\</path>
         <kind>archive</kind>
         <file>driverlib_eabi.lib</file>
         <name>gpio.obj</name>
      </input_file>
      <input_file id="fl-e">
         <path>C:\ti\C2000Ware_5_03_00_00\driverlib\f2837xd\driverlib\ccs\Debug\</path>
         <kind>archive</kind>
         <file>driverlib_eabi.lib</file>
         <name>sysctl.obj</name>
      </input_file>
      <input_file id="fl-1a">
         <path>C:\ti\ccs1280\ccs\tools\compiler\ti-cgt-c2000_22.6.1.LTS\lib\</path>
         <kind>archive</kind>
         <file>rts2800_fpu64_eabi.lib</file>
         <name>s_cos.c.obj</name>
      </input_file>
      <input_file id="fl-1b">
         <path>C:\ti\ccs1280\ccs\tools\compiler\ti-cgt-c2000_22.6.1.LTS\lib\</path>
         <kind>archive</kind>
         <file>rts2800_fpu64_eabi.lib</file>
         <name>s_sin.c.obj</name>
      </input_file>
      <input_file id="fl-1c">
         <path>C:\ti\ccs1280\ccs\tools\compiler\ti-cgt-c2000_22.6.1.LTS\lib\</path>
         <kind>archive</kind>
         <file>rts2800_fpu64_eabi.lib</file>
         <name>printf.c.obj</name>
      </input_file>
      <input_file id="fl-1d">
         <path>C:\ti\ccs1280\ccs\tools\compiler\ti-cgt-c2000_22.6.1.LTS\lib\</path>
         <kind>archive</kind>
         <file>rts2800_fpu64_eabi.lib</file>
         <name>_printfi.c.obj</name>
      </input_file>
      <input_file id="fl-1e">
         <path>C:\ti\ccs1280\ccs\tools\compiler\ti-cgt-c2000_22.6.1.LTS\lib\</path>
         <kind>archive</kind>
         <file>rts2800_fpu64_eabi.lib</file>
         <name>fscanf.c.obj</name>
      </input_file>
      <input_file id="fl-1f">
         <path>C:\ti\ccs1280\ccs\tools\compiler\ti-cgt-c2000_22.6.1.LTS\lib\</path>
         <kind>archive</kind>
         <file>rts2800_fpu64_eabi.lib</file>
         <name>fgetc.c.obj</name>
      </input_file>
      <input_file id="fl-20">
         <path>C:\ti\ccs1280\ccs\tools\compiler\ti-cgt-c2000_22.6.1.LTS\lib\</path>
         <kind>archive</kind>
         <file>rts2800_fpu64_eabi.lib</file>
         <name>fputc.c.obj</name>
      </input_file>
      <input_file id="fl-21">
         <path>C:\ti\ccs1280\ccs\tools\compiler\ti-cgt-c2000_22.6.1.LTS\lib\</path>
         <kind>archive</kind>
         <file>rts2800_fpu64_eabi.lib</file>
         <name>fputs.c.obj</name>
      </input_file>
      <input_file id="fl-22">
         <path>C:\ti\ccs1280\ccs\tools\compiler\ti-cgt-c2000_22.6.1.LTS\lib\</path>
         <kind>archive</kind>
         <file>rts2800_fpu64_eabi.lib</file>
         <name>_bufread.c.obj</name>
      </input_file>
      <input_file id="fl-23">
         <path>C:\ti\ccs1280\ccs\tools\compiler\ti-cgt-c2000_22.6.1.LTS\lib\</path>
         <kind>archive</kind>
         <file>rts2800_fpu64_eabi.lib</file>
         <name>_io_perm.c.obj</name>
      </input_file>
      <input_file id="fl-24">
         <path>C:\ti\ccs1280\ccs\tools\compiler\ti-cgt-c2000_22.6.1.LTS\lib\</path>
         <kind>archive</kind>
         <file>rts2800_fpu64_eabi.lib</file>
         <name>setvbuf.c.obj</name>
      </input_file>
      <input_file id="fl-25">
         <path>C:\ti\ccs1280\ccs\tools\compiler\ti-cgt-c2000_22.6.1.LTS\lib\</path>
         <kind>archive</kind>
         <file>rts2800_fpu64_eabi.lib</file>
         <name>ungetc.c.obj</name>
      </input_file>
      <input_file id="fl-26">
         <path>C:\ti\ccs1280\ccs\tools\compiler\ti-cgt-c2000_22.6.1.LTS\lib\</path>
         <kind>archive</kind>
         <file>rts2800_fpu64_eabi.lib</file>
         <name>boot28.asm.obj</name>
      </input_file>
      <input_file id="fl-27">
         <path>C:\ti\ccs1280\ccs\tools\compiler\ti-cgt-c2000_22.6.1.LTS\lib\</path>
         <kind>archive</kind>
         <file>rts2800_fpu64_eabi.lib</file>
         <name>fs_div28.asm.obj</name>
      </input_file>
      <input_file id="fl-28">
         <path>C:\ti\ccs1280\ccs\tools\compiler\ti-cgt-c2000_22.6.1.LTS\lib\</path>
         <kind>archive</kind>
         <file>rts2800_fpu64_eabi.lib</file>
         <name>ll_aox28.asm.obj</name>
      </input_file>
      <input_file id="fl-29">
         <path>C:\ti\ccs1280\ccs\tools\compiler\ti-cgt-c2000_22.6.1.LTS\lib\</path>
         <kind>archive</kind>
         <file>rts2800_fpu64_eabi.lib</file>
         <name>ll_cmp28.asm.obj</name>
      </input_file>
      <input_file id="fl-2a">
         <path>C:\ti\ccs1280\ccs\tools\compiler\ti-cgt-c2000_22.6.1.LTS\lib\</path>
         <kind>archive</kind>
         <file>rts2800_fpu64_eabi.lib</file>
         <name>ll_div28.asm.obj</name>
      </input_file>
      <input_file id="fl-2b">
         <path>C:\ti\ccs1280\ccs\tools\compiler\ti-cgt-c2000_22.6.1.LTS\lib\</path>
         <kind>archive</kind>
         <file>rts2800_fpu64_eabi.lib</file>
         <name>i_div28.asm.obj</name>
      </input_file>
      <input_file id="fl-2c">
         <path>C:\ti\ccs1280\ccs\tools\compiler\ti-cgt-c2000_22.6.1.LTS\lib\</path>
         <kind>archive</kind>
         <file>rts2800_fpu64_eabi.lib</file>
         <name>memcpy.c.obj</name>
      </input_file>
      <input_file id="fl-2d">
         <path>C:\ti\ccs1280\ccs\tools\compiler\ti-cgt-c2000_22.6.1.LTS\lib\</path>
         <kind>archive</kind>
         <file>rts2800_fpu64_eabi.lib</file>
         <name>pre_init.c.obj</name>
      </input_file>
      <input_file id="fl-2e">
         <path>C:\ti\ccs1280\ccs\tools\compiler\ti-cgt-c2000_22.6.1.LTS\lib\</path>
         <kind>archive</kind>
         <file>rts2800_fpu64_eabi.lib</file>
         <name>autoinit.c.obj</name>
      </input_file>
      <input_file id="fl-2f">
         <path>C:\ti\ccs1280\ccs\tools\compiler\ti-cgt-c2000_22.6.1.LTS\lib\</path>
         <kind>archive</kind>
         <file>rts2800_fpu64_eabi.lib</file>
         <name>copy_zero_init.c.obj</name>
      </input_file>
      <input_file id="fl-30">
         <path>C:\ti\ccs1280\ccs\tools\compiler\ti-cgt-c2000_22.6.1.LTS\lib\</path>
         <kind>archive</kind>
         <file>rts2800_fpu64_eabi.lib</file>
         <name>copy_decompress_none.c.obj</name>
      </input_file>
      <input_file id="fl-31">
         <path>C:\ti\ccs1280\ccs\tools\compiler\ti-cgt-c2000_22.6.1.LTS\lib\</path>
         <kind>archive</kind>
         <file>rts2800_fpu64_eabi.lib</file>
         <name>copy_decompress_lzss.c.obj</name>
      </input_file>
      <input_file id="fl-32">
         <path>C:\ti\ccs1280\ccs\tools\compiler\ti-cgt-c2000_22.6.1.LTS\lib\</path>
         <kind>archive</kind>
         <file>rts2800_fpu64_eabi.lib</file>
         <name>e_rem_pio2.c.obj</name>
      </input_file>
      <input_file id="fl-33">
         <path>C:\ti\ccs1280\ccs\tools\compiler\ti-cgt-c2000_22.6.1.LTS\lib\</path>
         <kind>archive</kind>
         <file>rts2800_fpu64_eabi.lib</file>
         <name>k_rem_pio2.c.obj</name>
      </input_file>
      <input_file id="fl-34">
         <path>C:\ti\ccs1280\ccs\tools\compiler\ti-cgt-c2000_22.6.1.LTS\lib\</path>
         <kind>archive</kind>
         <file>rts2800_fpu64_eabi.lib</file>
         <name>exit.c.obj</name>
      </input_file>
      <input_file id="fl-35">
         <path>C:\ti\ccs1280\ccs\tools\compiler\ti-cgt-c2000_22.6.1.LTS\lib\</path>
         <kind>archive</kind>
         <file>rts2800_fpu64_eabi.lib</file>
         <name>_lock.c.obj</name>
      </input_file>
      <input_file id="fl-36">
         <path>C:\ti\ccs1280\ccs\tools\compiler\ti-cgt-c2000_22.6.1.LTS\lib\</path>
         <kind>archive</kind>
         <file>rts2800_fpu64_eabi.lib</file>
         <name>_ltoa.c.obj</name>
      </input_file>
      <input_file id="fl-37">
         <path>C:\ti\ccs1280\ccs\tools\compiler\ti-cgt-c2000_22.6.1.LTS\lib\</path>
         <kind>archive</kind>
         <file>rts2800_fpu64_eabi.lib</file>
         <name>args_main.c.obj</name>
      </input_file>
      <input_file id="fl-38">
         <path>C:\ti\ccs1280\ccs\tools\compiler\ti-cgt-c2000_22.6.1.LTS\lib\</path>
         <kind>archive</kind>
         <file>rts2800_fpu64_eabi.lib</file>
         <name>atoi.c.obj</name>
      </input_file>
      <input_file id="fl-39">
         <path>C:\ti\ccs1280\ccs\tools\compiler\ti-cgt-c2000_22.6.1.LTS\lib\</path>
         <kind>archive</kind>
         <file>rts2800_fpu64_eabi.lib</file>
         <name>ctype.c.obj</name>
      </input_file>
      <input_file id="fl-3a">
         <path>C:\ti\ccs1280\ccs\tools\compiler\ti-cgt-c2000_22.6.1.LTS\lib\</path>
         <kind>archive</kind>
         <file>rts2800_fpu64_eabi.lib</file>
         <name>defs.c.obj</name>
      </input_file>
      <input_file id="fl-3b">
         <path>C:\ti\ccs1280\ccs\tools\compiler\ti-cgt-c2000_22.6.1.LTS\lib\</path>
         <kind>archive</kind>
         <file>rts2800_fpu64_eabi.lib</file>
         <name>memccpy.c.obj</name>
      </input_file>
      <input_file id="fl-3c">
         <path>C:\ti\ccs1280\ccs\tools\compiler\ti-cgt-c2000_22.6.1.LTS\lib\</path>
         <kind>archive</kind>
         <file>rts2800_fpu64_eabi.lib</file>
         <name>memchr.c.obj</name>
      </input_file>
      <input_file id="fl-3d">
         <path>C:\ti\ccs1280\ccs\tools\compiler\ti-cgt-c2000_22.6.1.LTS\lib\</path>
         <kind>archive</kind>
         <file>rts2800_fpu64_eabi.lib</file>
         <name>memory.c.obj</name>
      </input_file>
      <input_file id="fl-3e">
         <path>C:\ti\ccs1280\ccs\tools\compiler\ti-cgt-c2000_22.6.1.LTS\lib\</path>
         <kind>archive</kind>
         <file>rts2800_fpu64_eabi.lib</file>
         <name>memset.c.obj</name>
      </input_file>
      <input_file id="fl-3f">
         <path>C:\ti\ccs1280\ccs\tools\compiler\ti-cgt-c2000_22.6.1.LTS\lib\</path>
         <kind>archive</kind>
         <file>rts2800_fpu64_eabi.lib</file>
         <name>strchr.c.obj</name>
      </input_file>
      <input_file id="fl-40">
         <path>C:\ti\ccs1280\ccs\tools\compiler\ti-cgt-c2000_22.6.1.LTS\lib\</path>
         <kind>archive</kind>
         <file>rts2800_fpu64_eabi.lib</file>
         <name>strcpy.c.obj</name>
      </input_file>
      <input_file id="fl-41">
         <path>C:\ti\ccs1280\ccs\tools\compiler\ti-cgt-c2000_22.6.1.LTS\lib\</path>
         <kind>archive</kind>
         <file>rts2800_fpu64_eabi.lib</file>
         <name>strlen.c.obj</name>
      </input_file>
      <input_file id="fl-42">
         <path>C:\ti\ccs1280\ccs\tools\compiler\ti-cgt-c2000_22.6.1.LTS\lib\</path>
         <kind>archive</kind>
         <file>rts2800_fpu64_eabi.lib</file>
         <name>write.c.obj</name>
      </input_file>
      <input_file id="fl-43">
         <path>C:\ti\ccs1280\ccs\tools\compiler\ti-cgt-c2000_22.6.1.LTS\lib\</path>
         <kind>archive</kind>
         <file>rts2800_fpu64_eabi.lib</file>
         <name>host_device.c.obj</name>
      </input_file>
      <input_file id="fl-44">
         <path>C:\ti\ccs1280\ccs\tools\compiler\ti-cgt-c2000_22.6.1.LTS\lib\</path>
         <kind>archive</kind>
         <file>rts2800_fpu64_eabi.lib</file>
         <name>read.c.obj</name>
      </input_file>
      <input_file id="fl-45">
         <path>C:\ti\ccs1280\ccs\tools\compiler\ti-cgt-c2000_22.6.1.LTS\lib\</path>
         <kind>archive</kind>
         <file>rts2800_fpu64_eabi.lib</file>
         <name>errno.c.obj</name>
      </input_file>
      <input_file id="fl-46">
         <path>C:\ti\ccs1280\ccs\tools\compiler\ti-cgt-c2000_22.6.1.LTS\lib\</path>
         <kind>archive</kind>
         <file>rts2800_fpu64_eabi.lib</file>
         <name>k_cos.c.obj</name>
      </input_file>
      <input_file id="fl-47">
         <path>C:\ti\ccs1280\ccs\tools\compiler\ti-cgt-c2000_22.6.1.LTS\lib\</path>
         <kind>archive</kind>
         <file>rts2800_fpu64_eabi.lib</file>
         <name>k_sin.c.obj</name>
      </input_file>
      <input_file id="fl-48">
         <path>C:\ti\ccs1280\ccs\tools\compiler\ti-cgt-c2000_22.6.1.LTS\lib\</path>
         <kind>archive</kind>
         <file>rts2800_fpu64_eabi.lib</file>
         <name>s_floor.c.obj</name>
      </input_file>
      <input_file id="fl-49">
         <path>C:\ti\ccs1280\ccs\tools\compiler\ti-cgt-c2000_22.6.1.LTS\lib\</path>
         <kind>archive</kind>
         <file>rts2800_fpu64_eabi.lib</file>
         <name>s_frexp.c.obj</name>
      </input_file>
      <input_file id="fl-4a">
         <path>C:\ti\ccs1280\ccs\tools\compiler\ti-cgt-c2000_22.6.1.LTS\lib\</path>
         <kind>archive</kind>
         <file>rts2800_fpu64_eabi.lib</file>
         <name>s_scalbn.c.obj</name>
      </input_file>
      <input_file id="fl-4b">
         <path>C:\ti\ccs1280\ccs\tools\compiler\ti-cgt-c2000_22.6.1.LTS\lib\</path>
         <kind>archive</kind>
         <file>rts2800_fpu64_eabi.lib</file>
         <name>wcslen.c.obj</name>
      </input_file>
      <input_file id="fl-4c">
         <path>C:\ti\ccs1280\ccs\tools\compiler\ti-cgt-c2000_22.6.1.LTS\lib\</path>
         <kind>archive</kind>
         <file>rts2800_fpu64_eabi.lib</file>
         <name>_scanfi.c.obj</name>
      </input_file>
      <input_file id="fl-4d">
         <path>C:\ti\ccs1280\ccs\tools\compiler\ti-cgt-c2000_22.6.1.LTS\lib\</path>
         <kind>archive</kind>
         <file>rts2800_fpu64_eabi.lib</file>
         <name>fflush.c.obj</name>
      </input_file>
      <input_file id="fl-4e">
         <path>C:\ti\ccs1280\ccs\tools\compiler\ti-cgt-c2000_22.6.1.LTS\lib\</path>
         <kind>archive</kind>
         <file>rts2800_fpu64_eabi.lib</file>
         <name>fopen.c.obj</name>
      </input_file>
      <input_file id="fl-4f">
         <path>C:\ti\ccs1280\ccs\tools\compiler\ti-cgt-c2000_22.6.1.LTS\lib\</path>
         <kind>archive</kind>
         <file>rts2800_fpu64_eabi.lib</file>
         <name>fseek.c.obj</name>
      </input_file>
      <input_file id="fl-50">
         <path>C:\ti\ccs1280\ccs\tools\compiler\ti-cgt-c2000_22.6.1.LTS\lib\</path>
         <kind>archive</kind>
         <file>rts2800_fpu64_eabi.lib</file>
         <name>l_div28.asm.obj</name>
      </input_file>
      <input_file id="fl-51">
         <path>C:\ti\ccs1280\ccs\tools\compiler\ti-cgt-c2000_22.6.1.LTS\lib\</path>
         <kind>archive</kind>
         <file>rts2800_fpu64_eabi.lib</file>
         <name>cpy_tbl.c.obj</name>
      </input_file>
      <input_file id="fl-52">
         <path>C:\ti\ccs1280\ccs\tools\compiler\ti-cgt-c2000_22.6.1.LTS\lib\</path>
         <kind>archive</kind>
         <file>rts2800_fpu64_eabi.lib</file>
         <name>startup.c.obj</name>
      </input_file>
      <input_file id="fl-53">
         <path>C:\ti\ccs1280\ccs\tools\compiler\ti-cgt-c2000_22.6.1.LTS\lib\</path>
         <kind>archive</kind>
         <file>rts2800_fpu64_eabi.lib</file>
         <name>strrchr.c.obj</name>
      </input_file>
      <input_file id="fl-54">
         <path>C:\ti\ccs1280\ccs\tools\compiler\ti-cgt-c2000_22.6.1.LTS\lib\</path>
         <kind>archive</kind>
         <file>rts2800_fpu64_eabi.lib</file>
         <name>strtod.c.obj</name>
      </input_file>
      <input_file id="fl-55">
         <path>C:\ti\ccs1280\ccs\tools\compiler\ti-cgt-c2000_22.6.1.LTS\lib\</path>
         <kind>archive</kind>
         <file>rts2800_fpu64_eabi.lib</file>
         <name>strtol.c.obj</name>
      </input_file>
      <input_file id="fl-56">
         <path>C:\ti\ccs1280\ccs\tools\compiler\ti-cgt-c2000_22.6.1.LTS\lib\</path>
         <kind>archive</kind>
         <file>rts2800_fpu64_eabi.lib</file>
         <name>strtoll.c.obj</name>
      </input_file>
      <input_file id="fl-57">
         <path>C:\ti\ccs1280\ccs\tools\compiler\ti-cgt-c2000_22.6.1.LTS\lib\</path>
         <kind>archive</kind>
         <file>rts2800_fpu64_eabi.lib</file>
         <name>strtoul.c.obj</name>
      </input_file>
      <input_file id="fl-58">
         <path>C:\ti\ccs1280\ccs\tools\compiler\ti-cgt-c2000_22.6.1.LTS\lib\</path>
         <kind>archive</kind>
         <file>rts2800_fpu64_eabi.lib</file>
         <name>strtoull.c.obj</name>
      </input_file>
      <input_file id="fl-59">
         <path>C:\ti\ccs1280\ccs\tools\compiler\ti-cgt-c2000_22.6.1.LTS\lib\</path>
         <kind>archive</kind>
         <file>rts2800_fpu64_eabi.lib</file>
         <name>hostclose.c.obj</name>
      </input_file>
      <input_file id="fl-5a">
         <path>C:\ti\ccs1280\ccs\tools\compiler\ti-cgt-c2000_22.6.1.LTS\lib\</path>
         <kind>archive</kind>
         <file>rts2800_fpu64_eabi.lib</file>
         <name>hostlseek.c.obj</name>
      </input_file>
      <input_file id="fl-5b">
         <path>C:\ti\ccs1280\ccs\tools\compiler\ti-cgt-c2000_22.6.1.LTS\lib\</path>
         <kind>archive</kind>
         <file>rts2800_fpu64_eabi.lib</file>
         <name>hostopen.c.obj</name>
      </input_file>
      <input_file id="fl-5c">
         <path>C:\ti\ccs1280\ccs\tools\compiler\ti-cgt-c2000_22.6.1.LTS\lib\</path>
         <kind>archive</kind>
         <file>rts2800_fpu64_eabi.lib</file>
         <name>hostread.c.obj</name>
      </input_file>
      <input_file id="fl-5d">
         <path>C:\ti\ccs1280\ccs\tools\compiler\ti-cgt-c2000_22.6.1.LTS\lib\</path>
         <kind>archive</kind>
         <file>rts2800_fpu64_eabi.lib</file>
         <name>hostrename.c.obj</name>
      </input_file>
      <input_file id="fl-5e">
         <path>C:\ti\ccs1280\ccs\tools\compiler\ti-cgt-c2000_22.6.1.LTS\lib\</path>
         <kind>archive</kind>
         <file>rts2800_fpu64_eabi.lib</file>
         <name>hostunlink.c.obj</name>
      </input_file>
      <input_file id="fl-5f">
         <path>C:\ti\ccs1280\ccs\tools\compiler\ti-cgt-c2000_22.6.1.LTS\lib\</path>
         <kind>archive</kind>
         <file>rts2800_fpu64_eabi.lib</file>
         <name>hostwrite.c.obj</name>
      </input_file>
      <input_file id="fl-60">
         <path>C:\ti\ccs1280\ccs\tools\compiler\ti-cgt-c2000_22.6.1.LTS\lib\</path>
         <kind>archive</kind>
         <file>rts2800_fpu64_eabi.lib</file>
         <name>trgmsg.c.obj</name>
      </input_file>
      <input_file id="fl-61">
         <path>C:\ti\ccs1280\ccs\tools\compiler\ti-cgt-c2000_22.6.1.LTS\lib\</path>
         <kind>archive</kind>
         <file>rts2800_fpu64_eabi.lib</file>
         <name>open.c.obj</name>
      </input_file>
      <input_file id="fl-62">
         <path>C:\ti\ccs1280\ccs\tools\compiler\ti-cgt-c2000_22.6.1.LTS\lib\</path>
         <kind>archive</kind>
         <file>rts2800_fpu64_eabi.lib</file>
         <name>lseek.c.obj</name>
      </input_file>
      <input_file id="fl-63">
         <path>C:\ti\ccs1280\ccs\tools\compiler\ti-cgt-c2000_22.6.1.LTS\lib\</path>
         <kind>archive</kind>
         <file>rts2800_fpu64_eabi.lib</file>
         <name>s_copysign.c.obj</name>
      </input_file>
      <input_file id="fl-64">
         <path>C:\ti\ccs1280\ccs\tools\compiler\ti-cgt-c2000_22.6.1.LTS\lib\</path>
         <kind>archive</kind>
         <file>rts2800_fpu64_eabi.lib</file>
         <name>fclose.c.obj</name>
      </input_file>
      <input_file id="fl-65">
         <path>C:\ti\ccs1280\ccs\tools\compiler\ti-cgt-c2000_22.6.1.LTS\lib\</path>
         <kind>archive</kind>
         <file>rts2800_fpu64_eabi.lib</file>
         <name>getdevice.c.obj</name>
      </input_file>
      <input_file id="fl-66">
         <path>C:\ti\ccs1280\ccs\tools\compiler\ti-cgt-c2000_22.6.1.LTS\lib\</path>
         <kind>archive</kind>
         <file>rts2800_fpu64_eabi.lib</file>
         <name>ll_mpy28.asm.obj</name>
      </input_file>
      <input_file id="fl-67">
         <path>C:\ti\ccs1280\ccs\tools\compiler\ti-cgt-c2000_22.6.1.LTS\lib\</path>
         <kind>archive</kind>
         <file>rts2800_fpu64_eabi.lib</file>
         <name>strcmp.c.obj</name>
      </input_file>
      <input_file id="fl-68">
         <path>C:\ti\ccs1280\ccs\tools\compiler\ti-cgt-c2000_22.6.1.LTS\lib\</path>
         <kind>archive</kind>
         <file>rts2800_fpu64_eabi.lib</file>
         <name>strncpy.c.obj</name>
      </input_file>
      <input_file id="fl-69">
         <path>C:\ti\ccs1280\ccs\tools\compiler\ti-cgt-c2000_22.6.1.LTS\lib\</path>
         <kind>archive</kind>
         <file>rts2800_fpu64_eabi.lib</file>
         <name>remove.c.obj</name>
      </input_file>
      <input_file id="fl-6a">
         <path>C:\ti\ccs1280\ccs\tools\compiler\ti-cgt-c2000_22.6.1.LTS\lib\</path>
         <kind>archive</kind>
         <file>rts2800_fpu64_eabi.lib</file>
         <name>close.c.obj</name>
      </input_file>
      <input_file id="fl-6b">
         <path>C:\ti\ccs1280\ccs\tools\compiler\ti-cgt-c2000_22.6.1.LTS\lib\</path>
         <kind>archive</kind>
         <file>rts2800_fpu64_eabi.lib</file>
         <name>unlink.c.obj</name>
      </input_file>
   </input_file_list>
   <object_component_list>
      <object_component id="oc-2f">
         <name>codestart</name>
         <load_address>0x0</load_address>
         <run_address>0x0</run_address>
         <size>0x2</size>
         <input_file_ref idref="fl-3"/>
      </object_component>
      <object_component id="oc-14c">
         <name>.text</name>
         <load_address>0xb800</load_address>
         <run_address>0xb800</run_address>
         <size>0x7e7</size>
         <input_file_ref idref="fl-4c"/>
      </object_component>
      <object_component id="oc-62">
         <name>.text</name>
         <load_address>0xbfe7</load_address>
         <run_address>0xbfe7</run_address>
         <size>0x19</size>
         <input_file_ref idref="fl-26"/>
      </object_component>
      <object_component id="oc-1b3">
         <name>.text:__TI_printfi</name>
         <load_address>0xc000</load_address>
         <run_address>0xc000</run_address>
         <size>0x614</size>
         <input_file_ref idref="fl-1d"/>
      </object_component>
      <object_component id="oc-271">
         <name>.text</name>
         <load_address>0xc614</load_address>
         <run_address>0xc614</run_address>
         <size>0x5dc</size>
         <input_file_ref idref="fl-1d"/>
      </object_component>
      <object_component id="oc-217">
         <name>.text</name>
         <load_address>0xcbf0</load_address>
         <run_address>0xcbf0</run_address>
         <size>0x2c7</size>
         <input_file_ref idref="fl-32"/>
      </object_component>
      <object_component id="oc-1fe">
         <name>.text</name>
         <load_address>0xceb7</load_address>
         <run_address>0xceb7</run_address>
         <size>0x143</size>
         <input_file_ref idref="fl-56"/>
      </object_component>
      <object_component id="oc-20a">
         <name>.text</name>
         <load_address>0xcffa</load_address>
         <run_address>0xcffa</run_address>
         <size>0x5</size>
         <input_file_ref idref="fl-40"/>
      </object_component>
      <object_component id="oc-cc">
         <name>.text</name>
         <load_address>0xcfff</load_address>
         <run_address>0xcfff</run_address>
         <size>0x1</size>
         <input_file_ref idref="fl-52"/>
      </object_component>
      <object_component id="oc-2b9">
         <name>.text</name>
         <load_address>0xd000</load_address>
         <run_address>0xd000</run_address>
         <size>0x459</size>
         <input_file_ref idref="fl-33"/>
      </object_component>
      <object_component id="oc-27b">
         <name>.text</name>
         <load_address>0xd459</load_address>
         <run_address>0xd459</run_address>
         <size>0x298</size>
         <input_file_ref idref="fl-3d"/>
      </object_component>
      <object_component id="oc-1f8">
         <name>.text</name>
         <load_address>0xd6f1</load_address>
         <run_address>0xd6f1</run_address>
         <size>0x21e</size>
         <input_file_ref idref="fl-54"/>
      </object_component>
      <object_component id="oc-281">
         <name>.text</name>
         <load_address>0xd90f</load_address>
         <run_address>0xd90f</run_address>
         <size>0x121</size>
         <input_file_ref idref="fl-4e"/>
      </object_component>
      <object_component id="oc-f1">
         <name>.text:Generate_tones</name>
         <load_address>0xda30</load_address>
         <run_address>0xda30</run_address>
         <size>0x11d</size>
         <input_file_ref idref="fl-2"/>
      </object_component>
      <object_component id="oc-eb">
         <name>.text</name>
         <load_address>0xdb4d</load_address>
         <run_address>0xdb4d</run_address>
         <size>0x10c</size>
         <input_file_ref idref="fl-1e"/>
      </object_component>
      <object_component id="oc-25d">
         <name>.text</name>
         <load_address>0xdc59</load_address>
         <run_address>0xdc59</run_address>
         <size>0x107</size>
         <input_file_ref idref="fl-2a"/>
      </object_component>
      <object_component id="oc-1ec">
         <name>.text</name>
         <load_address>0xdd60</load_address>
         <run_address>0xdd60</run_address>
         <size>0x102</size>
         <input_file_ref idref="fl-58"/>
      </object_component>
      <object_component id="oc-355">
         <name>.text</name>
         <load_address>0xde62</load_address>
         <run_address>0xde62</run_address>
         <size>0xd9</size>
         <input_file_ref idref="fl-48"/>
      </object_component>
      <object_component id="oc-1f2">
         <name>.text</name>
         <load_address>0xdf3b</load_address>
         <run_address>0xdf3b</run_address>
         <size>0xb1</size>
         <input_file_ref idref="fl-57"/>
      </object_component>
      <object_component id="oc-299">
         <name>.text</name>
         <load_address>0xdfec</load_address>
         <run_address>0xdfec</run_address>
         <size>0x14</size>
         <input_file_ref idref="fl-66"/>
      </object_component>
      <object_component id="oc-fd">
         <name>.text:goertzel_multi</name>
         <load_address>0xf000</load_address>
         <run_address>0xf000</run_address>
         <size>0xd5</size>
         <input_file_ref idref="fl-2"/>
      </object_component>
      <object_component id="oc-204">
         <name>.text</name>
         <load_address>0xf0d5</load_address>
         <run_address>0xf0d5</run_address>
         <size>0xd3</size>
         <input_file_ref idref="fl-55"/>
      </object_component>
      <object_component id="oc-12c">
         <name>.text</name>
         <load_address>0xf1a8</load_address>
         <run_address>0xf1a8</run_address>
         <size>0xa8</size>
         <input_file_ref idref="fl-21"/>
      </object_component>
      <object_component id="oc-2a8">
         <name>.text</name>
         <load_address>0xf250</load_address>
         <run_address>0xf250</run_address>
         <size>0xa0</size>
         <input_file_ref idref="fl-4a"/>
      </object_component>
      <object_component id="oc-3eb">
         <name>.text</name>
         <load_address>0xf2f0</load_address>
         <run_address>0xf2f0</run_address>
         <size>0x95</size>
         <input_file_ref idref="fl-60"/>
      </object_component>
      <object_component id="oc-21d">
         <name>.text</name>
         <load_address>0xf385</load_address>
         <run_address>0xf385</run_address>
         <size>0x8b</size>
         <input_file_ref idref="fl-47"/>
      </object_component>
      <object_component id="oc-1c1">
         <name>.text</name>
         <load_address>0xf410</load_address>
         <run_address>0xf410</run_address>
         <size>0x7c</size>
         <input_file_ref idref="fl-24"/>
      </object_component>
      <object_component id="oc-223">
         <name>.text</name>
         <load_address>0xf48c</load_address>
         <run_address>0xf48c</run_address>
         <size>0x77</size>
         <input_file_ref idref="fl-46"/>
      </object_component>
      <object_component id="oc-187">
         <name>.text</name>
         <load_address>0xf503</load_address>
         <run_address>0xf503</run_address>
         <size>0x73</size>
         <input_file_ref idref="fl-4d"/>
      </object_component>
      <object_component id="oc-30f">
         <name>.text</name>
         <load_address>0xf576</load_address>
         <run_address>0xf576</run_address>
         <size>0x71</size>
         <input_file_ref idref="fl-61"/>
      </object_component>
      <object_component id="oc-162">
         <name>.text</name>
         <load_address>0xf5e7</load_address>
         <run_address>0xf5e7</run_address>
         <size>0x6f</size>
         <input_file_ref idref="fl-1a"/>
      </object_component>
      <object_component id="oc-106">
         <name>.text:Frequency_detection</name>
         <load_address>0xf656</load_address>
         <run_address>0xf656</run_address>
         <size>0x6d</size>
         <input_file_ref idref="fl-2"/>
      </object_component>
      <object_component id="oc-157">
         <name>.text</name>
         <load_address>0xf6c3</load_address>
         <run_address>0xf6c3</run_address>
         <size>0x6b</size>
         <input_file_ref idref="fl-1b"/>
      </object_component>
      <object_component id="oc-181">
         <name>.text</name>
         <load_address>0xf72e</load_address>
         <run_address>0xf72e</run_address>
         <size>0x65</size>
         <input_file_ref idref="fl-23"/>
      </object_component>
      <object_component id="oc-386">
         <name>.text</name>
         <load_address>0xf793</load_address>
         <run_address>0xf793</run_address>
         <size>0x61</size>
         <input_file_ref idref="fl-5a"/>
      </object_component>
      <object_component id="oc-315">
         <name>.text</name>
         <load_address>0xf7f4</load_address>
         <run_address>0xf7f4</run_address>
         <size>0x5d</size>
         <input_file_ref idref="fl-64"/>
      </object_component>
      <object_component id="oc-2fd">
         <name>.text</name>
         <load_address>0xf851</load_address>
         <run_address>0xf851</run_address>
         <size>0x59</size>
         <input_file_ref idref="fl-49"/>
      </object_component>
      <object_component id="oc-126">
         <name>.text</name>
         <load_address>0xf8aa</load_address>
         <run_address>0xf8aa</run_address>
         <size>0x53</size>
         <input_file_ref idref="fl-20"/>
      </object_component>
      <object_component id="oc-1c9">
         <name>.text</name>
         <load_address>0xf8fd</load_address>
         <run_address>0xf8fd</run_address>
         <size>0x52</size>
         <input_file_ref idref="fl-22"/>
      </object_component>
      <object_component id="oc-3b9">
         <name>.text</name>
         <load_address>0xf94f</load_address>
         <run_address>0xf94f</run_address>
         <size>0x51</size>
         <input_file_ref idref="fl-65"/>
      </object_component>
      <object_component id="oc-146">
         <name>.text</name>
         <load_address>0xf9a0</load_address>
         <run_address>0xf9a0</run_address>
         <size>0x50</size>
         <input_file_ref idref="fl-1f"/>
      </object_component>
      <object_component id="oc-140">
         <name>.text</name>
         <load_address>0xf9f0</load_address>
         <run_address>0xf9f0</run_address>
         <size>0x4a</size>
         <input_file_ref idref="fl-25"/>
      </object_component>
      <object_component id="oc-392">
         <name>.text</name>
         <load_address>0xfa3a</load_address>
         <run_address>0xfa3a</run_address>
         <size>0x3e</size>
         <input_file_ref idref="fl-5d"/>
      </object_component>
      <object_component id="oc-230">
         <name>.text</name>
         <load_address>0xfa78</load_address>
         <run_address>0xfa78</run_address>
         <size>0x3d</size>
         <input_file_ref idref="fl-4f"/>
      </object_component>
      <object_component id="oc-36e">
         <name>.text</name>
         <load_address>0xfab5</load_address>
         <run_address>0xfab5</run_address>
         <size>0x3a</size>
         <input_file_ref idref="fl-5b"/>
      </object_component>
      <object_component id="oc-380">
         <name>.text</name>
         <load_address>0xfaef</load_address>
         <run_address>0xfaef</run_address>
         <size>0x39</size>
         <input_file_ref idref="fl-5f"/>
      </object_component>
      <object_component id="oc-37a">
         <name>.text</name>
         <load_address>0xfb28</load_address>
         <run_address>0xfb28</run_address>
         <size>0x38</size>
         <input_file_ref idref="fl-5c"/>
      </object_component>
      <object_component id="oc-e2">
         <name>.text</name>
         <load_address>0xfb60</load_address>
         <run_address>0xfb60</run_address>
         <size>0x34</size>
         <input_file_ref idref="fl-1c"/>
      </object_component>
      <object_component id="oc-3c1">
         <name>.text</name>
         <load_address>0xfb94</load_address>
         <run_address>0xfb94</run_address>
         <size>0x33</size>
         <input_file_ref idref="fl-6a"/>
      </object_component>
      <object_component id="oc-1d7">
         <name>.text</name>
         <load_address>0xfbc7</load_address>
         <run_address>0xfbc7</run_address>
         <size>0x31</size>
         <input_file_ref idref="fl-38"/>
      </object_component>
      <object_component id="oc-22">
         <name>.text:decompress:lzss</name>
         <load_address>0xfbf8</load_address>
         <run_address>0xfbf8</run_address>
         <size>0x30</size>
         <input_file_ref idref="fl-31"/>
      </object_component>
      <object_component id="oc-2f7">
         <name>.text</name>
         <load_address>0xfc28</load_address>
         <run_address>0xfc28</run_address>
         <size>0x30</size>
         <input_file_ref idref="fl-36"/>
      </object_component>
      <object_component id="oc-89">
         <name>.text:__TI_auto_init_nobinit_nopinit</name>
         <load_address>0xfc58</load_address>
         <run_address>0xfc58</run_address>
         <size>0x2b</size>
         <input_file_ref idref="fl-2e"/>
      </object_component>
      <object_component id="oc-3a6">
         <name>.text</name>
         <load_address>0xfc83</load_address>
         <run_address>0xfc83</run_address>
         <size>0x2a</size>
         <input_file_ref idref="fl-50"/>
      </object_component>
      <object_component id="oc-7d">
         <name>.text</name>
         <load_address>0xfcad</load_address>
         <run_address>0xfcad</run_address>
         <size>0x29</size>
         <input_file_ref idref="fl-34"/>
      </object_component>
      <object_component id="oc-374">
         <name>.text</name>
         <load_address>0xfcd6</load_address>
         <run_address>0xfcd6</run_address>
         <size>0x29</size>
         <input_file_ref idref="fl-59"/>
      </object_component>
      <object_component id="oc-33b">
         <name>.text</name>
         <load_address>0xfcff</load_address>
         <run_address>0xfcff</run_address>
         <size>0x28</size>
         <input_file_ref idref="fl-63"/>
      </object_component>
      <object_component id="oc-38c">
         <name>.text</name>
         <load_address>0xfd27</load_address>
         <run_address>0xfd27</run_address>
         <size>0x24</size>
         <input_file_ref idref="fl-5e"/>
      </object_component>
      <object_component id="oc-168">
         <name>.text</name>
         <load_address>0xfd4b</load_address>
         <run_address>0xfd4b</run_address>
         <size>0x22</size>
         <input_file_ref idref="fl-2b"/>
      </object_component>
      <object_component id="oc-b9">
         <name>.text:main</name>
         <load_address>0xfd6d</load_address>
         <run_address>0xfd6d</run_address>
         <size>0x1f</size>
         <input_file_ref idref="fl-2"/>
      </object_component>
      <object_component id="oc-258">
         <name>.text</name>
         <load_address>0xfd8c</load_address>
         <run_address>0xfd8c</run_address>
         <size>0x1e</size>
         <input_file_ref idref="fl-29"/>
      </object_component>
      <object_component id="oc-37">
         <name>.text</name>
         <load_address>0xfdaa</load_address>
         <run_address>0xfdaa</run_address>
         <size>0x1d</size>
         <input_file_ref idref="fl-2c"/>
      </object_component>
      <object_component id="oc-1cf">
         <name>.text</name>
         <load_address>0xfdc7</load_address>
         <run_address>0xfdc7</run_address>
         <size>0x19</size>
         <input_file_ref idref="fl-44"/>
      </object_component>
      <object_component id="oc-3ca">
         <name>.text</name>
         <load_address>0xfde0</load_address>
         <run_address>0xfde0</run_address>
         <size>0x19</size>
         <input_file_ref idref="fl-6b"/>
      </object_component>
      <object_component id="oc-18d">
         <name>.text</name>
         <load_address>0xfdf9</load_address>
         <run_address>0xfdf9</run_address>
         <size>0x19</size>
         <input_file_ref idref="fl-42"/>
      </object_component>
      <object_component id="oc-262">
         <name>.text</name>
         <load_address>0xfe12</load_address>
         <run_address>0xfe12</run_address>
         <size>0x18</size>
         <input_file_ref idref="fl-28"/>
      </object_component>
      <object_component id="oc-2cb">
         <name>.text</name>
         <load_address>0xfe2a</load_address>
         <run_address>0xfe2a</run_address>
         <size>0x18</size>
         <input_file_ref idref="fl-62"/>
      </object_component>
      <object_component id="oc-40c">
         <name>.text</name>
         <load_address>0xfe42</load_address>
         <run_address>0xfe42</run_address>
         <size>0x15</size>
         <input_file_ref idref="fl-68"/>
      </object_component>
      <object_component id="oc-250">
         <name>.text</name>
         <load_address>0xfe57</load_address>
         <run_address>0xfe57</run_address>
         <size>0x10</size>
         <input_file_ref idref="fl-3b"/>
      </object_component>
      <object_component id="oc-3f">
         <name>.text:decompress:ZI:__TI_zero_init_nomemset</name>
         <load_address>0xfe67</load_address>
         <run_address>0xfe67</run_address>
         <size>0xd</size>
         <input_file_ref idref="fl-2f"/>
      </object_component>
      <object_component id="oc-19b">
         <name>.text</name>
         <load_address>0xfe74</load_address>
         <run_address>0xfe74</run_address>
         <size>0xd</size>
         <input_file_ref idref="fl-3c"/>
      </object_component>
      <object_component id="oc-77">
         <name>.text</name>
         <load_address>0xfe81</load_address>
         <run_address>0xfe81</run_address>
         <size>0xc</size>
         <input_file_ref idref="fl-37"/>
      </object_component>
      <object_component id="oc-1e5">
         <name>.text</name>
         <load_address>0xfe8d</load_address>
         <run_address>0xfe8d</run_address>
         <size>0xc</size>
         <input_file_ref idref="fl-3f"/>
      </object_component>
      <object_component id="oc-1de">
         <name>.text</name>
         <load_address>0xfe99</load_address>
         <run_address>0xfe99</run_address>
         <size>0xb</size>
         <input_file_ref idref="fl-53"/>
      </object_component>
      <object_component id="oc-267">
         <name>.text</name>
         <load_address>0xfea4</load_address>
         <run_address>0xfea4</run_address>
         <size>0xb</size>
         <input_file_ref idref="fl-4b"/>
      </object_component>
      <object_component id="oc-406">
         <name>.text</name>
         <load_address>0xfeaf</load_address>
         <run_address>0xfeaf</run_address>
         <size>0xa</size>
         <input_file_ref idref="fl-67"/>
      </object_component>
      <object_component id="oc-113">
         <name>.text</name>
         <load_address>0xfeb9</load_address>
         <run_address>0xfeb9</run_address>
         <size>0x9</size>
         <input_file_ref idref="fl-35"/>
      </object_component>
      <object_component id="oc-4b">
         <name>.text</name>
         <load_address>0xfec2</load_address>
         <run_address>0xfec2</run_address>
         <size>0x8</size>
         <input_file_ref idref="fl-3"/>
      </object_component>
      <object_component id="oc-28">
         <name>.text:decompress:none</name>
         <load_address>0xfeca</load_address>
         <run_address>0xfeca</run_address>
         <size>0x8</size>
         <input_file_ref idref="fl-30"/>
      </object_component>
      <object_component id="oc-195">
         <name>.text</name>
         <load_address>0xfed2</load_address>
         <run_address>0xfed2</run_address>
         <size>0x8</size>
         <input_file_ref idref="fl-41"/>
      </object_component>
      <object_component id="oc-5b">
         <name>.text</name>
         <load_address>0xfeda</load_address>
         <run_address>0xfeda</run_address>
         <size>0x7</size>
         <input_file_ref idref="fl-3e"/>
      </object_component>
      <object_component id="oc-70">
         <name>.text</name>
         <load_address>0xfee1</load_address>
         <run_address>0xfee1</run_address>
         <size>0x2</size>
         <input_file_ref idref="fl-2d"/>
      </object_component>
      <object_component id="oc-492">
         <name>.cinit..data.load</name>
         <load_address>0x124</load_address>
         <run_address>0x124</run_address>
         <size>0x41</size>
      </object_component>
      <object_component id="oc-48f">
         <name>__TI_handler_table</name>
         <load_address>0x166</load_address>
         <run_address>0x166</run_address>
         <size>0x6</size>
      </object_component>
      <object_component id="oc-491">
         <name>.cinit..bss.load</name>
         <load_address>0x16c</load_address>
         <run_address>0x16c</run_address>
         <size>0x4</size>
      </object_component>
      <object_component id="oc-493">
         <name>.cinit.ramgs2.load</name>
         <load_address>0x170</load_address>
         <run_address>0x170</run_address>
         <size>0x4</size>
      </object_component>
      <object_component id="oc-490">
         <name>__TI_cinit_table</name>
         <load_address>0x174</load_address>
         <run_address>0x174</run_address>
         <size>0xc</size>
      </object_component>
      <object_component id="oc-34">
         <name>.stack</name>
         <uninitialized>true</uninitialized>
         <run_address>0x400</run_address>
         <size>0x0</size>
         <input_file_ref idref="fl-26"/>
      </object_component>
      <object_component id="oc-494">
         <name>.stack</name>
         <uninitialized>true</uninitialized>
         <run_address>0x400</run_address>
         <size>0x0</size>
      </object_component>
      <object_component id="oc-e8">
         <name>.bss</name>
         <uninitialized>true</uninitialized>
         <run_address>0xacee</run_address>
         <size>0x1</size>
         <input_file_ref idref="fl-2"/>
      </object_component>
      <object_component id="oc-103">
         <name>.bss:magnitudes</name>
         <uninitialized>true</uninitialized>
         <run_address>0xacd4</run_address>
         <size>0x10</size>
         <input_file_ref idref="fl-2"/>
      </object_component>
      <object_component id="oc-3c7">
         <name>.bss:__TI_tmpnams</name>
         <uninitialized>true</uninitialized>
         <run_address>0xac34</run_address>
         <size>0xa0</size>
         <input_file_ref idref="fl-3a"/>
      </object_component>
      <object_component id="oc-304">
         <name>.bss</name>
         <uninitialized>true</uninitialized>
         <run_address>0xacec</run_address>
         <size>0x2</size>
         <input_file_ref idref="fl-3d"/>
      </object_component>
      <object_component id="oc-3e8">
         <name>.bss:parmbuf</name>
         <uninitialized>true</uninitialized>
         <run_address>0xace4</run_address>
         <size>0x8</size>
         <input_file_ref idref="fl-5b"/>
      </object_component>
      <object_component id="oc-428">
         <name>.bss:_CIOBUF_</name>
         <uninitialized>true</uninitialized>
         <run_address>0xab14</run_address>
         <size>0x120</size>
         <input_file_ref idref="fl-60"/>
      </object_component>
      <object_component id="oc-13d">
         <name>.const:.string:_ctypes_</name>
         <load_address>0xa800</load_address>
         <run_address>0xa800</run_address>
         <size>0x101</size>
         <input_file_ref idref="fl-39"/>
      </object_component>
      <object_component id="oc-e1">
         <name>.const:.string</name>
         <load_address>0xa902</load_address>
         <run_address>0xa902</run_address>
         <size>0xb2</size>
         <input_file_ref idref="fl-2"/>
      </object_component>
      <object_component id="oc-352">
         <name>.const:ipio2</name>
         <load_address>0xa9b4</load_address>
         <run_address>0xa9b4</run_address>
         <size>0x84</size>
         <input_file_ref idref="fl-33"/>
      </object_component>
      <object_component id="oc-2a2">
         <name>.const:digits</name>
         <load_address>0xaa38</load_address>
         <run_address>0xaa38</run_address>
         <size>0x40</size>
         <input_file_ref idref="fl-54"/>
      </object_component>
      <object_component id="oc-24f">
         <name>.const:.string</name>
         <load_address>0xaa78</load_address>
         <run_address>0xaa78</run_address>
         <size>0x26</size>
         <input_file_ref idref="fl-1d"/>
      </object_component>
      <object_component id="oc-2a5">
         <name>.const:powerof10</name>
         <load_address>0xaa9e</load_address>
         <run_address>0xaa9e</run_address>
         <size>0x24</size>
         <input_file_ref idref="fl-54"/>
      </object_component>
      <object_component id="oc-35b">
         <name>.const:PIo2</name>
         <load_address>0xaac2</load_address>
         <run_address>0xaac2</run_address>
         <size>0x20</size>
         <input_file_ref idref="fl-33"/>
      </object_component>
      <object_component id="oc-170">
         <name>.const:$P$T0$1</name>
         <load_address>0xaae2</load_address>
         <run_address>0xaae2</run_address>
         <size>0x10</size>
         <input_file_ref idref="fl-2"/>
      </object_component>
      <object_component id="oc-1dd">
         <name>.const:.string</name>
         <load_address>0xaaf2</load_address>
         <run_address>0xaaf2</run_address>
         <size>0xe</size>
         <input_file_ref idref="fl-4c"/>
      </object_component>
      <object_component id="oc-1e4">
         <name>.const:.string:flit$1</name>
         <load_address>0xab00</load_address>
         <run_address>0xab00</run_address>
         <size>0x7</size>
         <input_file_ref idref="fl-4c"/>
      </object_component>
      <object_component id="oc-1eb">
         <name>.const:.string:barr$2</name>
         <load_address>0xab07</load_address>
         <run_address>0xab07</run_address>
         <size>0x6</size>
         <input_file_ref idref="fl-4c"/>
      </object_component>
      <object_component id="oc-34f">
         <name>.const:init_jk</name>
         <load_address>0xab0d</load_address>
         <run_address>0xab0d</run_address>
         <size>0x4</size>
         <input_file_ref idref="fl-33"/>
      </object_component>
      <object_component id="oc-1a1">
         <name>.const:.string</name>
         <load_address>0xab12</load_address>
         <run_address>0xab12</run_address>
         <size>0x2</size>
         <input_file_ref idref="fl-21"/>
      </object_component>
      <object_component id="oc-154">
         <name>.data</name>
         <load_address>0xadf2</load_address>
         <run_address>0xadf2</run_address>
         <size>0x1</size>
         <input_file_ref idref="fl-2"/>
      </object_component>
      <object_component id="oc-fa">
         <name>.data:targetFrequencies</name>
         <load_address>0xadd8</load_address>
         <run_address>0xadd8</run_address>
         <size>0x10</size>
         <input_file_ref idref="fl-2"/>
      </object_component>
      <object_component id="oc-c1">
         <name>.data</name>
         <load_address>0xade8</load_address>
         <run_address>0xade8</run_address>
         <size>0x6</size>
         <input_file_ref idref="fl-34"/>
      </object_component>
      <object_component id="oc-c4">
         <name>.data:_lock</name>
         <load_address>0xadee</load_address>
         <run_address>0xadee</run_address>
         <size>0x2</size>
         <input_file_ref idref="fl-35"/>
      </object_component>
      <object_component id="oc-136">
         <name>.data:_unlock</name>
         <load_address>0xadf0</load_address>
         <run_address>0xadf0</run_address>
         <size>0x2</size>
         <input_file_ref idref="fl-35"/>
      </object_component>
      <object_component id="oc-238">
         <name>.data</name>
         <load_address>0xadf3</load_address>
         <run_address>0xadf3</run_address>
         <size>0x1</size>
         <input_file_ref idref="fl-3a"/>
      </object_component>
      <object_component id="oc-132">
         <name>.data:_ftable</name>
         <load_address>0xacf0</load_address>
         <run_address>0xacf0</run_address>
         <size>0x78</size>
         <input_file_ref idref="fl-3a"/>
      </object_component>
      <object_component id="oc-30a">
         <name>.data</name>
         <load_address>0xadf6</load_address>
         <run_address>0xadf6</run_address>
         <size>0x1</size>
         <input_file_ref idref="fl-3d"/>
      </object_component>
      <object_component id="oc-23d">
         <name>.data:_stream</name>
         <load_address>0xadb0</load_address>
         <run_address>0xadb0</run_address>
         <size>0x28</size>
         <input_file_ref idref="fl-43"/>
      </object_component>
      <object_component id="oc-2db">
         <name>.data:_device</name>
         <load_address>0xad68</load_address>
         <run_address>0xad68</run_address>
         <size>0x48</size>
         <input_file_ref idref="fl-43"/>
      </object_component>
      <object_component id="oc-26d">
         <name>.data</name>
         <load_address>0xadf4</load_address>
         <run_address>0xadf4</run_address>
         <size>0x1</size>
         <input_file_ref idref="fl-45"/>
      </object_component>
      <object_component id="oc-31b">
         <name>.data</name>
         <load_address>0xadf5</load_address>
         <run_address>0xadf5</run_address>
         <size>0x1</size>
         <input_file_ref idref="fl-4e"/>
      </object_component>
      <object_component id="oc-3b8">
         <name>.data</name>
         <load_address>0xadf7</load_address>
         <run_address>0xadf7</run_address>
         <size>0x1</size>
         <input_file_ref idref="fl-61"/>
      </object_component>
      <object_component id="oc-307">
         <name>.sysmem</name>
         <uninitialized>true</uninitialized>
         <run_address>0x10000</run_address>
         <size>0x4</size>
         <input_file_ref idref="fl-3d"/>
      </object_component>
      <object_component id="oc-495">
         <name>.sysmem</name>
         <uninitialized>true</uninitialized>
         <run_address>0x10000</run_address>
         <size>0x0</size>
      </object_component>
      <object_component id="oc-f7">
         <name>ramgs2</name>
         <uninitialized>true</uninitialized>
         <run_address>0xe000</run_address>
         <size>0x19a</size>
         <input_file_ref idref="fl-2"/>
      </object_component>
      <object_component id="oc-10d">
         <name>.debug_types</name>
         <load_address>0x0</load_address>
         <run_address>0x0</run_address>
         <size>0x518</size>
         <input_file_ref idref="fl-2"/>
      </object_component>
      <object_component id="oc-22c">
         <name>.debug_types</name>
         <load_address>0x518</load_address>
         <run_address>0x518</run_address>
         <size>0xf8</size>
         <input_file_ref idref="fl-1a"/>
      </object_component>
      <object_component id="oc-22a">
         <name>.debug_types</name>
         <load_address>0x0</load_address>
         <run_address>0x0</run_address>
         <size>0x0</size>
         <input_file_ref idref="fl-1b"/>
      </object_component>
      <object_component id="oc-13a">
         <name>.debug_types</name>
         <load_address>0x610</load_address>
         <run_address>0x610</run_address>
         <size>0x414</size>
         <input_file_ref idref="fl-1c"/>
      </object_component>
      <object_component id="oc-257">
         <name>.debug_types</name>
         <load_address>0xa24</load_address>
         <run_address>0xa24</run_address>
         <size>0xa7c</size>
         <input_file_ref idref="fl-1d"/>
      </object_component>
      <object_component id="oc-153">
         <name>.debug_types</name>
         <load_address>0x14a0</load_address>
         <run_address>0x14a0</run_address>
         <size>0x28b</size>
         <input_file_ref idref="fl-1e"/>
      </object_component>
      <object_component id="oc-1d6">
         <name>.debug_types</name>
         <load_address>0x0</load_address>
         <run_address>0x0</run_address>
         <size>0x0</size>
         <input_file_ref idref="fl-1f"/>
      </object_component>
      <object_component id="oc-194">
         <name>.debug_types</name>
         <load_address>0x0</load_address>
         <run_address>0x0</run_address>
         <size>0x0</size>
         <input_file_ref idref="fl-20"/>
      </object_component>
      <object_component id="oc-1a3">
         <name>.debug_types</name>
         <load_address>0x172b</load_address>
         <run_address>0x172b</run_address>
         <size>0x34</size>
         <input_file_ref idref="fl-21"/>
      </object_component>
      <object_component id="oc-28d">
         <name>.debug_types</name>
         <load_address>0x0</load_address>
         <run_address>0x0</run_address>
         <size>0x0</size>
         <input_file_ref idref="fl-22"/>
      </object_component>
      <object_component id="oc-237">
         <name>.debug_types</name>
         <load_address>0x0</load_address>
         <run_address>0x0</run_address>
         <size>0x0</size>
         <input_file_ref idref="fl-23"/>
      </object_component>
      <object_component id="oc-288">
         <name>.debug_types</name>
         <load_address>0x0</load_address>
         <run_address>0x0</run_address>
         <size>0x0</size>
         <input_file_ref idref="fl-24"/>
      </object_component>
      <object_component id="oc-1c8">
         <name>.debug_types</name>
         <load_address>0x0</load_address>
         <run_address>0x0</run_address>
         <size>0x0</size>
         <input_file_ref idref="fl-25"/>
      </object_component>
      <object_component id="oc-55">
         <name>.debug_types</name>
         <load_address>0x175f</load_address>
         <run_address>0x175f</run_address>
         <size>0x2f</size>
         <input_file_ref idref="fl-2c"/>
      </object_component>
      <object_component id="oc-88">
         <name>.debug_types</name>
         <load_address>0x0</load_address>
         <run_address>0x0</run_address>
         <size>0x0</size>
         <input_file_ref idref="fl-2d"/>
      </object_component>
      <object_component id="oc-d3">
         <name>.debug_types</name>
         <load_address>0x178e</load_address>
         <run_address>0x178e</run_address>
         <size>0x4e5</size>
         <input_file_ref idref="fl-2e"/>
      </object_component>
      <object_component id="oc-5a">
         <name>.debug_types</name>
         <load_address>0x1c73</load_address>
         <run_address>0x1c73</run_address>
         <size>0x13a</size>
         <input_file_ref idref="fl-2f"/>
      </object_component>
      <object_component id="oc-3e">
         <name>.debug_types</name>
         <load_address>0x0</load_address>
         <run_address>0x0</run_address>
         <size>0x0</size>
         <input_file_ref idref="fl-30"/>
      </object_component>
      <object_component id="oc-36">
         <name>.debug_types</name>
         <load_address>0x1dad</load_address>
         <run_address>0x1dad</run_address>
         <size>0x191</size>
         <input_file_ref idref="fl-31"/>
      </object_component>
      <object_component id="oc-2c0">
         <name>.debug_types</name>
         <load_address>0x1f3e</load_address>
         <run_address>0x1f3e</run_address>
         <size>0xbe</size>
         <input_file_ref idref="fl-32"/>
      </object_component>
      <object_component id="oc-35f">
         <name>.debug_types</name>
         <load_address>0x1ffc</load_address>
         <run_address>0x1ffc</run_address>
         <size>0x187</size>
         <input_file_ref idref="fl-33"/>
      </object_component>
      <object_component id="oc-c8">
         <name>.debug_types</name>
         <load_address>0x2183</load_address>
         <run_address>0x2183</run_address>
         <size>0x90</size>
         <input_file_ref idref="fl-34"/>
      </object_component>
      <object_component id="oc-11b">
         <name>.debug_types</name>
         <load_address>0x2213</load_address>
         <run_address>0x2213</run_address>
         <size>0x2f</size>
         <input_file_ref idref="fl-35"/>
      </object_component>
      <object_component id="oc-3ac">
         <name>.debug_types</name>
         <load_address>0x2242</load_address>
         <run_address>0x2242</run_address>
         <size>0x61</size>
         <input_file_ref idref="fl-36"/>
      </object_component>
      <object_component id="oc-c0">
         <name>.debug_types</name>
         <load_address>0x22a3</load_address>
         <run_address>0x22a3</run_address>
         <size>0xb6</size>
         <input_file_ref idref="fl-37"/>
      </object_component>
      <object_component id="oc-294">
         <name>.debug_types</name>
         <load_address>0x0</load_address>
         <run_address>0x0</run_address>
         <size>0x0</size>
         <input_file_ref idref="fl-38"/>
      </object_component>
      <object_component id="oc-1c0">
         <name>.debug_types</name>
         <load_address>0x0</load_address>
         <run_address>0x0</run_address>
         <size>0x0</size>
         <input_file_ref idref="fl-39"/>
      </object_component>
      <object_component id="oc-1a6">
         <name>.debug_types</name>
         <load_address>0x2359</load_address>
         <run_address>0x2359</run_address>
         <size>0x66</size>
         <input_file_ref idref="fl-3a"/>
      </object_component>
      <object_component id="oc-2eb">
         <name>.debug_types</name>
         <load_address>0x0</load_address>
         <run_address>0x0</run_address>
         <size>0x0</size>
         <input_file_ref idref="fl-3b"/>
      </object_component>
      <object_component id="oc-248">
         <name>.debug_types</name>
         <load_address>0x0</load_address>
         <run_address>0x0</run_address>
         <size>0x0</size>
         <input_file_ref idref="fl-3c"/>
      </object_component>
      <object_component id="oc-30e">
         <name>.debug_types</name>
         <load_address>0x23bf</load_address>
         <run_address>0x23bf</run_address>
         <size>0x23d</size>
         <input_file_ref idref="fl-3d"/>
      </object_component>
      <object_component id="oc-6f">
         <name>.debug_types</name>
         <load_address>0x0</load_address>
         <run_address>0x0</run_address>
         <size>0x0</size>
         <input_file_ref idref="fl-3e"/>
      </object_component>
      <object_component id="oc-298">
         <name>.debug_types</name>
         <load_address>0x0</load_address>
         <run_address>0x0</run_address>
         <size>0x0</size>
         <input_file_ref idref="fl-3f"/>
      </object_component>
      <object_component id="oc-2b5">
         <name>.debug_types</name>
         <load_address>0x25fc</load_address>
         <run_address>0x25fc</run_address>
         <size>0x34</size>
         <input_file_ref idref="fl-40"/>
      </object_component>
      <object_component id="oc-246">
         <name>.debug_types</name>
         <load_address>0x0</load_address>
         <run_address>0x0</run_address>
         <size>0x0</size>
         <input_file_ref idref="fl-41"/>
      </object_component>
      <object_component id="oc-241">
         <name>.debug_types</name>
         <load_address>0x2630</load_address>
         <run_address>0x2630</run_address>
         <size>0x575</size>
         <input_file_ref idref="fl-42"/>
      </object_component>
      <object_component id="oc-2e0">
         <name>.debug_types</name>
         <load_address>0x2ba5</load_address>
         <run_address>0x2ba5</run_address>
         <size>0x32</size>
         <input_file_ref idref="fl-43"/>
      </object_component>
      <object_component id="oc-28f">
         <name>.debug_types</name>
         <load_address>0x0</load_address>
         <run_address>0x0</run_address>
         <size>0x0</size>
         <input_file_ref idref="fl-44"/>
      </object_component>
      <object_component id="oc-2f6">
         <name>.debug_types</name>
         <load_address>0x0</load_address>
         <run_address>0x0</run_address>
         <size>0x0</size>
         <input_file_ref idref="fl-45"/>
      </object_component>
      <object_component id="oc-2c4">
         <name>.debug_types</name>
         <load_address>0x0</load_address>
         <run_address>0x0</run_address>
         <size>0x0</size>
         <input_file_ref idref="fl-46"/>
      </object_component>
      <object_component id="oc-2c2">
         <name>.debug_types</name>
         <load_address>0x0</load_address>
         <run_address>0x0</run_address>
         <size>0x0</size>
         <input_file_ref idref="fl-47"/>
      </object_component>
      <object_component id="oc-3df">
         <name>.debug_types</name>
         <load_address>0x0</load_address>
         <run_address>0x0</run_address>
         <size>0x0</size>
         <input_file_ref idref="fl-48"/>
      </object_component>
      <object_component id="oc-3ae">
         <name>.debug_types</name>
         <load_address>0x0</load_address>
         <run_address>0x0</run_address>
         <size>0x0</size>
         <input_file_ref idref="fl-49"/>
      </object_component>
      <object_component id="oc-342">
         <name>.debug_types</name>
         <load_address>0x0</load_address>
         <run_address>0x0</run_address>
         <size>0x0</size>
         <input_file_ref idref="fl-4a"/>
      </object_component>
      <object_component id="oc-2f3">
         <name>.debug_types</name>
         <load_address>0x2bd7</load_address>
         <run_address>0x2bd7</run_address>
         <size>0x160</size>
         <input_file_ref idref="fl-4b"/>
      </object_component>
      <object_component id="oc-211">
         <name>.debug_types</name>
         <load_address>0x2d37</load_address>
         <run_address>0x2d37</run_address>
         <size>0x356</size>
         <input_file_ref idref="fl-4c"/>
      </object_component>
      <object_component id="oc-23c">
         <name>.debug_types</name>
         <load_address>0x0</load_address>
         <run_address>0x0</run_address>
         <size>0x0</size>
         <input_file_ref idref="fl-4d"/>
      </object_component>
      <object_component id="oc-31d">
         <name>.debug_types</name>
         <load_address>0x0</load_address>
         <run_address>0x0</run_address>
         <size>0x0</size>
         <input_file_ref idref="fl-4e"/>
      </object_component>
      <object_component id="oc-2d2">
         <name>.debug_types</name>
         <load_address>0x0</load_address>
         <run_address>0x0</run_address>
         <size>0x0</size>
         <input_file_ref idref="fl-4f"/>
      </object_component>
      <object_component id="oc-120">
         <name>.debug_types</name>
         <load_address>0x0</load_address>
         <run_address>0x0</run_address>
         <size>0x0</size>
         <input_file_ref idref="fl-52"/>
      </object_component>
      <object_component id="oc-296">
         <name>.debug_types</name>
         <load_address>0x0</load_address>
         <run_address>0x0</run_address>
         <size>0x0</size>
         <input_file_ref idref="fl-53"/>
      </object_component>
      <object_component id="oc-2af">
         <name>.debug_types</name>
         <load_address>0x308d</load_address>
         <run_address>0x308d</run_address>
         <size>0x64</size>
         <input_file_ref idref="fl-54"/>
      </object_component>
      <object_component id="oc-2b3">
         <name>.debug_types</name>
         <load_address>0x0</load_address>
         <run_address>0x0</run_address>
         <size>0x0</size>
         <input_file_ref idref="fl-55"/>
      </object_component>
      <object_component id="oc-2b1">
         <name>.debug_types</name>
         <load_address>0x0</load_address>
         <run_address>0x0</run_address>
         <size>0x0</size>
         <input_file_ref idref="fl-56"/>
      </object_component>
      <object_component id="oc-2a1">
         <name>.debug_types</name>
         <load_address>0x0</load_address>
         <run_address>0x0</run_address>
         <size>0x0</size>
         <input_file_ref idref="fl-57"/>
      </object_component>
      <object_component id="oc-29f">
         <name>.debug_types</name>
         <load_address>0x0</load_address>
         <run_address>0x0</run_address>
         <size>0x0</size>
         <input_file_ref idref="fl-58"/>
      </object_component>
      <object_component id="oc-3f4">
         <name>.debug_types</name>
         <load_address>0x30f1</load_address>
         <run_address>0x30f1</run_address>
         <size>0x9e</size>
         <input_file_ref idref="fl-59"/>
      </object_component>
      <object_component id="oc-3fa">
         <name>.debug_types</name>
         <load_address>0x318f</load_address>
         <run_address>0x318f</run_address>
         <size>0x2f</size>
         <input_file_ref idref="fl-5a"/>
      </object_component>
      <object_component id="oc-3f2">
         <name>.debug_types</name>
         <load_address>0x0</load_address>
         <run_address>0x0</run_address>
         <size>0x0</size>
         <input_file_ref idref="fl-5b"/>
      </object_component>
      <object_component id="oc-3f6">
         <name>.debug_types</name>
         <load_address>0x0</load_address>
         <run_address>0x0</run_address>
         <size>0x0</size>
         <input_file_ref idref="fl-5c"/>
      </object_component>
      <object_component id="oc-3fe">
         <name>.debug_types</name>
         <load_address>0x0</load_address>
         <run_address>0x0</run_address>
         <size>0x0</size>
         <input_file_ref idref="fl-5d"/>
      </object_component>
      <object_component id="oc-3fc">
         <name>.debug_types</name>
         <load_address>0x0</load_address>
         <run_address>0x0</run_address>
         <size>0x0</size>
         <input_file_ref idref="fl-5e"/>
      </object_component>
      <object_component id="oc-3f8">
         <name>.debug_types</name>
         <load_address>0x0</load_address>
         <run_address>0x0</run_address>
         <size>0x0</size>
         <input_file_ref idref="fl-5f"/>
      </object_component>
      <object_component id="oc-42c">
         <name>.debug_types</name>
         <load_address>0x31be</load_address>
         <run_address>0x31be</run_address>
         <size>0x63</size>
         <input_file_ref idref="fl-60"/>
      </object_component>
      <object_component id="oc-3c0">
         <name>.debug_types</name>
         <load_address>0x3221</load_address>
         <run_address>0x3221</run_address>
         <size>0x56</size>
         <input_file_ref idref="fl-61"/>
      </object_component>
      <object_component id="oc-36a">
         <name>.debug_types</name>
         <load_address>0x0</load_address>
         <run_address>0x0</run_address>
         <size>0x0</size>
         <input_file_ref idref="fl-62"/>
      </object_component>
      <object_component id="oc-3d6">
         <name>.debug_types</name>
         <load_address>0x0</load_address>
         <run_address>0x0</run_address>
         <size>0x0</size>
         <input_file_ref idref="fl-63"/>
      </object_component>
      <object_component id="oc-3d1">
         <name>.debug_types</name>
         <load_address>0x0</load_address>
         <run_address>0x0</run_address>
         <size>0x0</size>
         <input_file_ref idref="fl-64"/>
      </object_component>
      <object_component id="oc-413">
         <name>.debug_types</name>
         <load_address>0x3277</load_address>
         <run_address>0x3277</run_address>
         <size>0x2f</size>
         <input_file_ref idref="fl-65"/>
      </object_component>
      <object_component id="oc-443">
         <name>.debug_types</name>
         <load_address>0x0</load_address>
         <run_address>0x0</run_address>
         <size>0x0</size>
         <input_file_ref idref="fl-67"/>
      </object_component>
      <object_component id="oc-445">
         <name>.debug_types</name>
         <load_address>0x0</load_address>
         <run_address>0x0</run_address>
         <size>0x0</size>
         <input_file_ref idref="fl-68"/>
      </object_component>
      <object_component id="oc-418">
         <name>.debug_types</name>
         <load_address>0x0</load_address>
         <run_address>0x0</run_address>
         <size>0x0</size>
         <input_file_ref idref="fl-6a"/>
      </object_component>
      <object_component id="oc-41c">
         <name>.debug_types</name>
         <load_address>0x0</load_address>
         <run_address>0x0</run_address>
         <size>0x0</size>
         <input_file_ref idref="fl-6b"/>
      </object_component>
      <object_component id="oc-155">
         <name>.debug_info</name>
         <load_address>0x0</load_address>
         <run_address>0x0</run_address>
         <size>0xdc</size>
         <input_file_ref idref="fl-2"/>
      </object_component>
      <object_component id="oc-e9">
         <name>.debug_info</name>
         <load_address>0xdc</load_address>
         <run_address>0xdc</run_address>
         <size>0xde</size>
         <input_file_ref idref="fl-2"/>
      </object_component>
      <object_component id="oc-104">
         <name>.debug_info</name>
         <load_address>0x1ba</load_address>
         <run_address>0x1ba</run_address>
         <size>0xe8</size>
         <input_file_ref idref="fl-2"/>
      </object_component>
      <object_component id="oc-fb">
         <name>.debug_info</name>
         <load_address>0x2a2</load_address>
         <run_address>0x2a2</run_address>
         <size>0xf6</size>
         <input_file_ref idref="fl-2"/>
      </object_component>
      <object_component id="oc-171">
         <name>.debug_info</name>
         <load_address>0x398</load_address>
         <run_address>0x398</run_address>
         <size>0xe2</size>
         <input_file_ref idref="fl-2"/>
      </object_component>
      <object_component id="oc-f8">
         <name>.debug_info</name>
         <load_address>0x47a</load_address>
         <run_address>0x47a</run_address>
         <size>0xe2</size>
         <input_file_ref idref="fl-2"/>
      </object_component>
      <object_component id="oc-fe">
         <name>.debug_info</name>
         <load_address>0x55c</load_address>
         <run_address>0x55c</run_address>
         <size>0x237</size>
         <input_file_ref idref="fl-2"/>
      </object_component>
      <object_component id="oc-107">
         <name>.debug_info</name>
         <load_address>0x793</load_address>
         <run_address>0x793</run_address>
         <size>0x1d2</size>
         <input_file_ref idref="fl-2"/>
      </object_component>
      <object_component id="oc-f2">
         <name>.debug_info</name>
         <load_address>0x965</load_address>
         <run_address>0x965</run_address>
         <size>0x173</size>
         <input_file_ref idref="fl-2"/>
      </object_component>
      <object_component id="oc-ba">
         <name>.debug_info</name>
         <load_address>0xad8</load_address>
         <run_address>0xad8</run_address>
         <size>0x159</size>
         <input_file_ref idref="fl-2"/>
      </object_component>
      <object_component id="oc-31">
         <name>.debug_info</name>
         <load_address>0xc31</load_address>
         <run_address>0xc31</run_address>
         <size>0x107</size>
         <input_file_ref idref="fl-3"/>
      </object_component>
      <object_component id="oc-4c">
         <name>.debug_info</name>
         <load_address>0xd38</load_address>
         <run_address>0xd38</run_address>
         <size>0x108</size>
         <input_file_ref idref="fl-3"/>
      </object_component>
      <object_component id="oc-163">
         <name>.debug_info</name>
         <load_address>0xe40</load_address>
         <run_address>0xe40</run_address>
         <size>0x1ca</size>
         <input_file_ref idref="fl-1a"/>
      </object_component>
      <object_component id="oc-158">
         <name>.debug_info</name>
         <load_address>0x100a</load_address>
         <run_address>0x100a</run_address>
         <size>0x1ca</size>
         <input_file_ref idref="fl-1b"/>
      </object_component>
      <object_component id="oc-e6">
         <name>.debug_info</name>
         <load_address>0x11d4</load_address>
         <run_address>0x11d4</run_address>
         <size>0x26b</size>
         <input_file_ref idref="fl-1c"/>
      </object_component>
      <object_component id="oc-1b4">
         <name>.debug_info</name>
         <load_address>0x143f</load_address>
         <run_address>0x143f</run_address>
         <size>0xd28</size>
         <input_file_ref idref="fl-1d"/>
      </object_component>
      <object_component id="oc-272">
         <name>.debug_info</name>
         <load_address>0x2167</load_address>
         <run_address>0x2167</run_address>
         <size>0xe4f</size>
         <input_file_ref idref="fl-1d"/>
      </object_component>
      <object_component id="oc-ee">
         <name>.debug_info</name>
         <load_address>0x2fb6</load_address>
         <run_address>0x2fb6</run_address>
         <size>0x5a9</size>
         <input_file_ref idref="fl-1e"/>
      </object_component>
      <object_component id="oc-14a">
         <name>.debug_info</name>
         <load_address>0x355f</load_address>
         <run_address>0x355f</run_address>
         <size>0x20d</size>
         <input_file_ref idref="fl-1f"/>
      </object_component>
      <object_component id="oc-127">
         <name>.debug_info</name>
         <load_address>0x376c</load_address>
         <run_address>0x376c</run_address>
         <size>0x228</size>
         <input_file_ref idref="fl-20"/>
      </object_component>
      <object_component id="oc-12d">
         <name>.debug_info</name>
         <load_address>0x3994</load_address>
         <run_address>0x3994</run_address>
         <size>0x301</size>
         <input_file_ref idref="fl-21"/>
      </object_component>
      <object_component id="oc-1cb">
         <name>.debug_info</name>
         <load_address>0x3c95</load_address>
         <run_address>0x3c95</run_address>
         <size>0x1c6</size>
         <input_file_ref idref="fl-22"/>
      </object_component>
      <object_component id="oc-182">
         <name>.debug_info</name>
         <load_address>0x3e5b</load_address>
         <run_address>0x3e5b</run_address>
         <size>0x215</size>
         <input_file_ref idref="fl-23"/>
      </object_component>
      <object_component id="oc-1c2">
         <name>.debug_info</name>
         <load_address>0x4070</load_address>
         <run_address>0x4070</run_address>
         <size>0x1ec</size>
         <input_file_ref idref="fl-24"/>
      </object_component>
      <object_component id="oc-143">
         <name>.debug_info</name>
         <load_address>0x425c</load_address>
         <run_address>0x425c</run_address>
         <size>0x1aa</size>
         <input_file_ref idref="fl-25"/>
      </object_component>
      <object_component id="oc-63">
         <name>.debug_info</name>
         <load_address>0x4406</load_address>
         <run_address>0x4406</run_address>
         <size>0x158</size>
         <input_file_ref idref="fl-26"/>
      </object_component>
      <object_component id="oc-263">
         <name>.debug_info</name>
         <load_address>0x455e</load_address>
         <run_address>0x455e</run_address>
         <size>0x1a5</size>
         <input_file_ref idref="fl-28"/>
      </object_component>
      <object_component id="oc-259">
         <name>.debug_info</name>
         <load_address>0x4703</load_address>
         <run_address>0x4703</run_address>
         <size>0x16f</size>
         <input_file_ref idref="fl-29"/>
      </object_component>
      <object_component id="oc-25e">
         <name>.debug_info</name>
[...]
      </symbol>
      <symbol id="sm-2c5">
         <name>fputs</name>
         <value>0xf1a8</value>
         <object_component_ref idref="oc-12c"/>
      </symbol>
      <symbol id="sm-2d8">
         <name>__TI_buff_read</name>
         <value>0xf8fd</value>
         <object_component_ref idref="oc-1c9"/>
      </symbol>
      <symbol id="sm-2f0">
         <name>__TI_wrt_ok</name>
         <value>0xf72e</value>
         <object_component_ref idref="oc-181"/>
      </symbol>
      <symbol id="sm-2f1">
         <name>__TI_rd_ok</name>
         <value>0xf768</value>
         <object_component_ref idref="oc-181"/>
      </symbol>
      <symbol id="sm-309">
         <name>setvbuf</name>
         <value>0xf410</value>
         <object_component_ref idref="oc-1c1"/>
      </symbol>
      <symbol id="sm-31b">
         <name>ungetc</name>
         <value>0xf9f0</value>
         <object_component_ref idref="oc-140"/>
      </symbol>
      <symbol id="sm-325">
         <name>_c_int00</name>
         <value>0xbfe7</value>
         <object_component_ref idref="oc-62"/>
      </symbol>
      <symbol id="sm-326">
         <name>__stack</name>
         <value>0x400</value>
         <object_component_ref idref="oc-34"/>
      </symbol>
      <symbol id="sm-32f">
         <name>__c28xabi_orll</name>
         <value>0xfe1a</value>
         <object_component_ref idref="oc-262"/>
      </symbol>
      <symbol id="sm-330">
         <name>__c28xabi_xorll</name>
         <value>0xfe22</value>
         <object_component_ref idref="oc-262"/>
      </symbol>
      <symbol id="sm-331">
         <name>__c28xabi_andll</name>
         <value>0xfe12</value>
         <object_component_ref idref="oc-262"/>
      </symbol>
      <symbol id="sm-33b">
         <name>__c28xabi_cmpll</name>
         <value>0xfd8c</value>
         <object_component_ref idref="oc-258"/>
      </symbol>
      <symbol id="sm-33c">
         <name>__c28xabi_cmpull</name>
         <value>0xfd9e</value>
         <object_component_ref idref="oc-258"/>
      </symbol>
      <symbol id="sm-363">
         <name>__c28xabi_modull</name>
         <value>0xdcfe</value>
         <object_component_ref idref="oc-25d"/>
      </symbol>
      <symbol id="sm-364">
         <name>__c28xabi_divull</name>
         <value>0xdccf</value>
         <object_component_ref idref="oc-25d"/>
      </symbol>
      <symbol id="sm-365">
         <name>__c28xabi_divll</name>
         <value>0xdc59</value>
         <object_component_ref idref="oc-25d"/>
      </symbol>
      <symbol id="sm-366">
         <name>__c28xabi_modll</name>
         <value>0xdc95</value>
         <object_component_ref idref="oc-25d"/>
      </symbol>
      <symbol id="sm-370">
         <name>__c28xabi_modi</name>
         <value>0xfd5c</value>
         <object_component_ref idref="oc-168"/>
      </symbol>
      <symbol id="sm-371">
         <name>__c28xabi_divi</name>
         <value>0xfd4b</value>
         <object_component_ref idref="oc-168"/>
      </symbol>
      <symbol id="sm-383">
         <name>memcpy</name>
         <value>0xfdaa</value>
         <object_component_ref idref="oc-37"/>
      </symbol>
      <symbol id="sm-390">
         <name>_system_pre_init</name>
         <value>0xfee1</value>
         <object_component_ref idref="oc-70"/>
      </symbol>
      <symbol id="sm-39f">
         <name>__TI_auto_init_nobinit_nopinit</name>
         <value>0xfc58</value>
         <object_component_ref idref="oc-89"/>
      </symbol>
      <symbol id="sm-3ae">
         <name>__TI_zero_init_nomemset</name>
         <value>0xfe67</value>
         <object_component_ref idref="oc-3f"/>
      </symbol>
      <symbol id="sm-3bb">
         <name>__TI_decompress_none</name>
         <value>0xfeca</value>
         <object_component_ref idref="oc-28"/>
      </symbol>
      <symbol id="sm-3cf">
         <name>__TI_decompress_lzss</name>
         <value>0xfbf8</value>
         <object_component_ref idref="oc-22"/>
      </symbol>
      <symbol id="sm-3f2">
         <name>__rem_pio2</name>
         <value>0xcbf0</value>
         <object_component_ref idref="oc-217"/>
      </symbol>
      <symbol id="sm-453">
         <name>__kernel_rem_pio2</name>
         <value>0xd000</value>
         <object_component_ref idref="oc-2b9"/>
      </symbol>
      <symbol id="sm-469">
         <name>C$$EXIT</name>
         <value>0xfcad</value>
         <object_component_ref idref="oc-7d"/>
      </symbol>
      <symbol id="sm-46a">
         <name>abort</name>
         <value>0xfcad</value>
         <object_component_ref idref="oc-7d"/>
      </symbol>
      <symbol id="sm-46b">
         <name>exit</name>
         <value>0xfcaf</value>
         <object_component_ref idref="oc-7d"/>
      </symbol>
      <symbol id="sm-46c">
         <name>__TI_dtors_ptr</name>
         <value>0xadec</value>
         <object_component_ref idref="oc-c1"/>
      </symbol>
      <symbol id="sm-46d">
         <name>__TI_cleanup_ptr</name>
         <value>0xadea</value>
         <object_component_ref idref="oc-c1"/>
      </symbol>
      <symbol id="sm-46e">
         <name>__TI_enable_exit_profile_output</name>
         <value>0xade8</value>
         <object_component_ref idref="oc-c1"/>
      </symbol>
      <symbol id="sm-485">
         <name>_nop</name>
         <value>0xfec1</value>
         <object_component_ref idref="oc-113"/>
      </symbol>
      <symbol id="sm-486">
         <name>_lock</name>
         <value>0xadee</value>
         <object_component_ref idref="oc-c4"/>
      </symbol>
      <symbol id="sm-487">
         <name>_unlock</name>
         <value>0xadf0</value>
         <object_component_ref idref="oc-136"/>
      </symbol>
      <symbol id="sm-488">
         <name>_register_lock</name>
         <value>0xfebd</value>
         <object_component_ref idref="oc-113"/>
      </symbol>
      <symbol id="sm-489">
         <name>_register_unlock</name>
         <value>0xfeb9</value>
         <object_component_ref idref="oc-113"/>
      </symbol>
      <symbol id="sm-498">
         <name>__TI_ltoa</name>
         <value>0xfc28</value>
         <object_component_ref idref="oc-2f7"/>
      </symbol>
      <symbol id="sm-4a7">
         <name>_args_main</name>
         <value>0xfe81</value>
         <object_component_ref idref="oc-77"/>
      </symbol>
      <symbol id="sm-4bc">
         <name>atoi</name>
         <value>0xfbc7</value>
         <object_component_ref idref="oc-1d7"/>
      </symbol>
      <symbol id="sm-4c7">
         <name>_ctypes_</name>
         <value>0xa800</value>
         <object_component_ref idref="oc-13d"/>
      </symbol>
      <symbol id="sm-4dc">
         <name>__TI_tmpnams</name>
         <value>0xac34</value>
         <object_component_ref idref="oc-3c7"/>
      </symbol>
      <symbol id="sm-4dd">
         <name>_ftable</name>
         <value>0xacf0</value>
         <object_component_ref idref="oc-132"/>
      </symbol>
      <symbol id="sm-4de">
         <name>__TI_ft_end</name>
         <value>0xadf3</value>
         <object_component_ref idref="oc-238"/>
      </symbol>
      <symbol id="sm-4ee">
         <name>memccpy</name>
         <value>0xfe57</value>
         <object_component_ref idref="oc-250"/>
      </symbol>
      <symbol id="sm-4fe">
         <name>memchr</name>
         <value>0xfe74</value>
         <object_component_ref idref="oc-19b"/>
      </symbol>
      <symbol id="sm-565">
         <name>_sys_memory</name>
         <value>0x10000</value>
         <object_component_ref idref="oc-307"/>
      </symbol>
      <symbol id="sm-566">
         <name>free</name>
         <value>0xd484</value>
         <object_component_ref idref="oc-27b"/>
      </symbol>
      <symbol id="sm-567">
         <name>__TI_heap_total_available</name>
         <value>0xd6b1</value>
         <object_component_ref idref="oc-27b"/>
      </symbol>
      <symbol id="sm-568">
         <name>__TI_heap_largest_available</name>
         <value>0xd6d0</value>
         <object_component_ref idref="oc-27b"/>
      </symbol>
      <symbol id="sm-569">
         <name>realloc</name>
         <value>0xd54e</value>
         <object_component_ref idref="oc-27b"/>
      </symbol>
      <symbol id="sm-56a">
         <name>memalign</name>
         <value>0xd603</value>
         <object_component_ref idref="oc-27b"/>
      </symbol>
      <symbol id="sm-56b">
         <name>calloc</name>
         <value>0xd5d6</value>
         <object_component_ref idref="oc-27b"/>
      </symbol>
      <symbol id="sm-56c">
         <name>malloc</name>
         <value>0xd459</value>
         <object_component_ref idref="oc-27b"/>
      </symbol>
      <symbol id="sm-56d">
         <name>__TI_heap_check</name>
         <value>0xd6ef</value>
         <object_component_ref idref="oc-27b"/>
      </symbol>
      <symbol id="sm-56e">
         <name>aligned_alloc</name>
         <value>0xd603</value>
         <object_component_ref idref="oc-27b"/>
      </symbol>
      <symbol id="sm-56f">
         <name>minit</name>
         <value>0xd5d2</value>
         <object_component_ref idref="oc-27b"/>
      </symbol>
      <symbol id="sm-57e">
         <name>memset</name>
         <value>0xfeda</value>
         <object_component_ref idref="oc-5b"/>
      </symbol>
      <symbol id="sm-58e">
         <name>strchr</name>
         <value>0xfe8d</value>
         <object_component_ref idref="oc-1e5"/>
      </symbol>
      <symbol id="sm-59c">
         <name>strcpy</name>
         <value>0xcffa</value>
         <object_component_ref idref="oc-20a"/>
      </symbol>
      <symbol id="sm-5aa">
         <name>strlen</name>
         <value>0xfed2</value>
         <object_component_ref idref="oc-195"/>
      </symbol>
      <symbol id="sm-5b8">
         <name>write</name>
         <value>0xfdf9</value>
         <object_component_ref idref="oc-18d"/>
      </symbol>
      <symbol id="sm-5c8">
         <name>_stream</name>
         <value>0xadb0</value>
         <object_component_ref idref="oc-23d"/>
      </symbol>
      <symbol id="sm-5c9">
         <name>_device</name>
         <value>0xad68</value>
         <object_component_ref idref="oc-2db"/>
      </symbol>
      <symbol id="sm-5d7">
         <name>read</name>
         <value>0xfdc7</value>
         <object_component_ref idref="oc-1cf"/>
      </symbol>
      <symbol id="sm-5e2">
         <name>errno</name>
         <value>0xadf4</value>
         <object_component_ref idref="oc-26d"/>
      </symbol>
      <symbol id="sm-5ef">
         <name>__kernel_cos</name>
         <value>0xf48c</value>
         <object_component_ref idref="oc-223"/>
      </symbol>
      <symbol id="sm-5fe">
         <name>__kernel_sin</name>
         <value>0xf385</value>
         <object_component_ref idref="oc-21d"/>
      </symbol>
      <symbol id="sm-616">
         <name>floorl</name>
         <value>0xde62</value>
         <object_component_ref idref="oc-355"/>
      </symbol>
      <symbol id="sm-617">
         <name>floor</name>
         <value>0xde62</value>
         <object_component_ref idref="oc-355"/>
      </symbol>
      <symbol id="sm-626">
         <name>frexpl</name>
         <value>0xf851</value>
         <object_component_ref idref="oc-2fd"/>
      </symbol>
      <symbol id="sm-627">
         <name>frexp</name>
         <value>0xf851</value>
         <object_component_ref idref="oc-2fd"/>
      </symbol>
      <symbol id="sm-63b">
         <name>scalbn</name>
         <value>0xf250</value>
         <object_component_ref idref="oc-2a8"/>
      </symbol>
      <symbol id="sm-63c">
         <name>scalbnl</name>
         <value>0xf250</value>
         <object_component_ref idref="oc-2a8"/>
      </symbol>
      <symbol id="sm-63d">
         <name>ldexpl</name>
         <value>0xf250</value>
         <object_component_ref idref="oc-2a8"/>
      </symbol>
      <symbol id="sm-63e">
         <name>ldexp</name>
         <value>0xf250</value>
         <object_component_ref idref="oc-2a8"/>
      </symbol>
      <symbol id="sm-64d">
         <name>wcslen</name>
         <value>0xfea4</value>
         <object_component_ref idref="oc-267"/>
      </symbol>
      <symbol id="sm-758">
         <name>__TI_scanfi</name>
         <value>0xbced</value>
         <object_component_ref idref="oc-14c"/>
      </symbol>
      <symbol id="sm-76f">
         <name>__TI_doflush</name>
         <value>0xf503</value>
         <object_component_ref idref="oc-187"/>
      </symbol>
      <symbol id="sm-770">
         <name>fflush</name>
         <value>0xf532</value>
         <object_component_ref idref="oc-187"/>
      </symbol>
      <symbol id="sm-7a9">
         <name>__TI_cleanup</name>
         <value>0xd9ae</value>
         <object_component_ref idref="oc-281"/>
      </symbol>
      <symbol id="sm-7aa">
         <name>freopen</name>
         <value>0xd9cb</value>
         <object_component_ref idref="oc-281"/>
      </symbol>
      <symbol id="sm-7ab">
         <name>fopen</name>
         <value>0xd9e9</value>
         <object_component_ref idref="oc-281"/>
      </symbol>
      <symbol id="sm-7bc">
         <name>fseeko</name>
         <value>0xfa78</value>
         <object_component_ref idref="oc-230"/>
      </symbol>
      <symbol id="sm-7bd">
         <name>fseek</name>
         <value>0xfa78</value>
         <object_component_ref idref="oc-230"/>
      </symbol>
      <symbol id="sm-7c5">
         <name>__c28xabi_divul</name>
         <value>0xfca0</value>
         <object_component_ref idref="oc-3a6"/>
      </symbol>
      <symbol id="sm-7c6">
         <name>__c28xabi_modul</name>
         <value>0xfca7</value>
         <object_component_ref idref="oc-3a6"/>
      </symbol>
      <symbol id="sm-7c7">
         <name>__c28xabi_modl</name>
         <value>0xfc92</value>
         <object_component_ref idref="oc-3a6"/>
      </symbol>
      <symbol id="sm-7c8">
         <name>__c28xabi_divl</name>
         <value>0xfc83</value>
         <object_component_ref idref="oc-3a6"/>
      </symbol>
      <symbol id="sm-7d6">
         <name>_system_post_cinit</name>
         <value>0xcfff</value>
         <object_component_ref idref="oc-cc"/>
      </symbol>
      <symbol id="sm-7e6">
         <name>strrchr</name>
         <value>0xfe99</value>
         <object_component_ref idref="oc-1de"/>
      </symbol>
      <symbol id="sm-84b">
         <name>strtold</name>
         <value>0xd6f1</value>
         <object_component_ref idref="oc-1f8"/>
      </symbol>
      <symbol id="sm-84c">
         <name>strtod</name>
         <value>0xd6f1</value>
         <object_component_ref idref="oc-1f8"/>
      </symbol>
      <symbol id="sm-872">
         <name>strtol</name>
         <value>0xf0d5</value>
         <object_component_ref idref="oc-204"/>
      </symbol>
      <symbol id="sm-899">
         <name>strtoll</name>
         <value>0xceb7</value>
         <object_component_ref idref="oc-1fe"/>
      </symbol>
      <symbol id="sm-8bc">
         <name>strtoul</name>
         <value>0xdf3b</value>
         <object_component_ref idref="oc-1f2"/>
      </symbol>
      <symbol id="sm-8df">
         <name>strtoull</name>
         <value>0xdd60</value>
         <object_component_ref idref="oc-1ec"/>
      </symbol>
      <symbol id="sm-8ec">
         <name>HOSTclose</name>
         <value>0xfcd6</value>
         <object_component_ref idref="oc-374"/>
      </symbol>
      <symbol id="sm-8f9">
         <name>HOSTlseek</name>
         <value>0xf793</value>
         <object_component_ref idref="oc-386"/>
      </symbol>
      <symbol id="sm-90c">
         <name>parmbuf</name>
         <value>0xace4</value>
         <object_component_ref idref="oc-3e8"/>
      </symbol>
      <symbol id="sm-90d">
         <name>HOSTopen</name>
         <value>0xfab5</value>
         <object_component_ref idref="oc-36e"/>
      </symbol>
      <symbol id="sm-91b">
         <name>HOSTread</name>
         <value>0xfb28</value>
         <object_component_ref idref="oc-37a"/>
      </symbol>
      <symbol id="sm-928">
         <name>HOSTrename</name>
         <value>0xfa3a</value>
         <object_component_ref idref="oc-392"/>
      </symbol>
      <symbol id="sm-935">
         <name>HOSTunlink</name>
         <value>0xfd27</value>
         <object_component_ref idref="oc-38c"/>
      </symbol>
      <symbol id="sm-943">
         <name>HOSTwrite</name>
         <value>0xfaef</value>
         <object_component_ref idref="oc-380"/>
      </symbol>
      <symbol id="sm-960">
         <name>__TI_readmsg</name>
         <value>0xf348</value>
         <object_component_ref idref="oc-3eb"/>
      </symbol>
      <symbol id="sm-961">
         <name>C$$IO$$</name>
         <value>0xf343</value>
         <object_component_ref idref="oc-3eb"/>
      </symbol>
      <symbol id="sm-962">
         <name>__CIOBUF_</name>
         <value>0xab14</value>
         <object_component_ref idref="oc-428"/>
      </symbol>
      <symbol id="sm-963">
         <name>__TI_writemsg</name>
         <value>0xf2f0</value>
         <object_component_ref idref="oc-3eb"/>
      </symbol>
      <symbol id="sm-97c">
         <name>open</name>
         <value>0xf576</value>
         <object_component_ref idref="oc-30f"/>
      </symbol>
      <symbol id="sm-98a">
         <name>lseek</name>
         <value>0xfe2a</value>
         <object_component_ref idref="oc-2cb"/>
      </symbol>
      <symbol id="sm-997">
         <name>copysign</name>
         <value>0xfcff</value>
         <object_component_ref idref="oc-33b"/>
      </symbol>
      <symbol id="sm-998">
         <name>copysignl</name>
         <value>0xfcff</value>
         <object_component_ref idref="oc-33b"/>
      </symbol>
      <symbol id="sm-9aa">
         <name>__TI_closefile</name>
         <value>0xf7f4</value>
         <object_component_ref idref="oc-315"/>
      </symbol>
      <symbol id="sm-9ab">
         <name>fclose</name>
         <value>0xf838</value>
         <object_component_ref idref="oc-315"/>
      </symbol>
      <symbol id="sm-9bd">
         <name>finddevice</name>
         <value>0xf94f</value>
         <object_component_ref idref="oc-3b9"/>
      </symbol>
      <symbol id="sm-9be">
         <name>getdevice</name>
         <value>0xf96a</value>
         <object_component_ref idref="oc-3b9"/>
      </symbol>
      <symbol id="sm-9c6">
         <name>__c28xabi_mpyll</name>
         <value>0xdfec</value>
         <object_component_ref idref="oc-299"/>
      </symbol>
      <symbol id="sm-9d5">
         <name>strcmp</name>
         <value>0xfeaf</value>
         <object_component_ref idref="oc-406"/>
      </symbol>
      <symbol id="sm-9e6">
         <name>strncpy</name>
         <value>0xfe42</value>
         <object_component_ref idref="oc-40c"/>
      </symbol>
      <symbol id="sm-9f8">
         <name>close</name>
         <value>0xfb94</value>
         <object_component_ref idref="oc-3c1"/>
      </symbol>
      <symbol id="sm-a05">
         <name>unlink</name>
         <value>0xfde0</value>
         <object_component_ref idref="oc-3ca"/>
      </symbol>
      <symbol id="sm-a07">
         <name>__c_args__</name>
         <value>0x0</value>
      </symbol>
      <symbol id="sm-a08">
         <name>remove</name>
         <value>0xfde0</value>
      </symbol>
   </symbol_table>
   <title>Link successful</title>
</link_info>
