******************************************************************************
             TMS320C2000 Linker PC v22.6.1                     
******************************************************************************
>> Linked Wed Nov 27 12:45:25 2024

OUTPUT FILE NAME:   <Goertzel_algo.out>
ENTRY POINT SYMBOL: "code_start"  address: 00000000


MEMORY CONFIGURATION

         name            origin    length      used     unused   attr    fill
----------------------  --------  ---------  --------  --------  ----  --------
PAGE 0:
  BEGIN                 00000000   00000002  00000002  00000000  RWIX
  RAMM0                 00000123   000002dd  0000005c  00000281  RWIX
  RAMLS0                00008000   00000800  00000000  00000800  RWIX
  RAMLS1                00008800   00000800  00000000  00000800  RWIX
  RAMLS2                00009000   00000800  00000000  00000800  RWIX
  RAMLS3                00009800   00000800  00000000  00000800  RWIX
  RAMLS4                0000a000   00000800  00000000  00000800  RWIX
  RAMD0                 0000b000   00000800  00000000  00000800  RWIX
  FLASHA                00080002   00001ffe  00000000  00001ffe  RWIX
  FLASHB                00082000   00002000  00000000  00002000  RWIX
  FLASHC                00084000   00002000  00000000  00002000  RWIX
  FLASHD                00086000   00002000  00000000  00002000  RWIX
  FLASHE                00088000   00008000  00000000  00008000  RWIX
  FLASHF                00090000   00008000  00000000  00008000  RWIX
  FLASHG                00098000   00008000  00000000  00008000  RWIX
  FLASHH                000a0000   00008000  00000000  00008000  RWIX
  FLASHI                000a8000   00008000  00000000  00008000  RWIX
  FLASHJ                000b0000   00008000  00000000  00008000  RWIX
  FLASHK                000b8000   00002000  00000000  00002000  RWIX
  FLASHL                000ba000   00002000  00000000  00002000  RWIX
  FLASHM                000bc000   00002000  00000000  00002000  RWIX
  FLASHN                000be000   00001ff0  00000000  00001ff0  RWIX
  RESET                 003fffc0   00000002  00000000  00000002  RWIX

PAGE 1:
  BOOT_RSVD             00000002   00000121  00000000  00000121  RWIX
  RAMM1                 00000400   000003f8  00000100  000002f8  RWIX
  RAMLS5                0000a800   00000800  000005f7  00000209  RWIX
  RAMD1                 0000b800   00000800  00000800  00000000  RWIX
  RAMGS0                0000c000   00001000  00001000  00000000  RWIX
  RAMGS1                0000d000   00001000  00001000  00000000  RWIX
  RAMGS2                0000e000   00001000  0000019a  00000e66  RWIX
  RAMGS3                0000f000   00001000  00000ee3  0000011d  RWIX
  RAMGS4                00010000   00001000  00000400  00000c00  RWIX
  RAMGS5                00011000   00001000  00000000  00001000  RWIX
  RAMGS6                00012000   00001000  00000000  00001000  RWIX
  RAMGS7                00013000   00001000  00000000  00001000  RWIX
  RAMGS8                00014000   00001000  00000000  00001000  RWIX
  RAMGS9                00015000   00001000  00000000  00001000  RWIX
  RAMGS10               00016000   00001000  00000000  00001000  RWIX
  RAMGS11               00017000   00001000  00000000  00001000  RWIX
  RAMGS12               00018000   00001000  00000000  00001000  RWIX
  RAMGS13               00019000   00001000  00000000  00001000  RWIX
  RAMGS14               0001a000   00001000  00000000  00001000  RWIX
  RAMGS15               0001b000   00000ff8  00000000  00000ff8  RWIX
  CPU2TOCPU1RAM         0003f800   00000400  00000000  00000400  RWIX
  CPU1TOCPU2RAM         0003fc00   00000400  00000000  00000400  RWIX
  CANA_MSG_RAM          00049000   00000800  00000000  00000800  RWIX
  CANB_MSG_RAM          0004b000   00000800  00000000  00000800  RWIX


SECTION ALLOCATION MAP

 output                                  attributes/
section   page    origin      length       input sections
--------  ----  ----------  ----------   ----------------
codestart 
*          0    00000000    00000002     
                  00000000    00000002     F2837xD_CodeStartBranch.obj (codestart)

.cinit     0    00000124    0000005c     
                  00000124    00000041     (.cinit..data.load) [load image, compression = lzss]
                  00000165    00000001     --HOLE-- [fill = 0]
                  00000166    00000006     (__TI_handler_table)
                  0000016c    00000004     (.cinit..bss.load) [load image, compression = zero_init]
                  00000170    00000004     (.cinit.ramgs2.load) [load image, compression = zero_init]
                  00000174    0000000c     (__TI_cinit_table)

.reset     0    003fffc0    00000000     DSECT

.stack     1    00000400    00000100     UNINITIALIZED
                  00000400    00000100     --HOLE--

.bss       1    0000ab14    000001db     UNINITIALIZED
                  0000ab14    00000120     rts2800_fpu64_eabi.lib : trgmsg.c.obj (.bss:_CIOBUF_)
                  0000ac34    000000a0                            : defs.c.obj (.bss:__TI_tmpnams)
                  0000acd4    00000010     Goertzel_algo.obj (.bss:magnitudes)
                  0000ace4    00000008     rts2800_fpu64_eabi.lib : hostopen.c.obj (.bss:parmbuf)
                  0000acec    00000002                            : memory.c.obj (.bss)
                  0000acee    00000001     Goertzel_algo.obj (.bss)

.init_array 
*          0    00000123    00000000     UNINITIALIZED

.const     1    0000a800    00000314     
                  0000a800    00000101     rts2800_fpu64_eabi.lib : ctype.c.obj (.const:.string:_ctypes_)
                  0000a901    00000001     --HOLE-- [fill = 0]
                  0000a902    000000b2     Goertzel_algo.obj (.const:.string)
                  0000a9b4    00000084     rts2800_fpu64_eabi.lib : k_rem_pio2.c.obj (.const:ipio2)
                  0000aa38    00000040                            : strtod.c.obj (.const:digits)
                  0000aa78    00000026                            : _printfi.c.obj (.const:.string)
                  0000aa9e    00000024                            : strtod.c.obj (.const:powerof10)
                  0000aac2    00000020                            : k_rem_pio2.c.obj (.const:PIo2)
                  0000aae2    00000010     Goertzel_algo.obj (.const:$P$T0$1)
                  0000aaf2    0000000e     rts2800_fpu64_eabi.lib : _scanfi.c.obj (.const:.string)
                  0000ab00    00000007                            : _scanfi.c.obj (.const:.string:flit$1)
                  0000ab07    00000006                            : _scanfi.c.obj (.const:.string:barr$2)
                  0000ab0d    00000004                            : k_rem_pio2.c.obj (.const:init_jk)
                  0000ab11    00000001     --HOLE-- [fill = 0]
                  0000ab12    00000002                            : fputs.c.obj (.const:.string)

.data      1    0000acf0    00000108     UNINITIALIZED
                  0000acf0    00000078     rts2800_fpu64_eabi.lib : defs.c.obj (.data:_ftable)
                  0000ad68    00000048                            : host_device.c.obj (.data:_device)
                  0000adb0    00000028                            : host_device.c.obj (.data:_stream)
                  0000add8    00000010     Goertzel_algo.obj (.data:targetFrequencies)
                  0000ade8    00000006     rts2800_fpu64_eabi.lib : exit.c.obj (.data)
                  0000adee    00000002                            : _lock.c.obj (.data:_lock)
                  0000adf0    00000002                            : _lock.c.obj (.data:_unlock)
                  0000adf2    00000001     Goertzel_algo.obj (.data)
                  0000adf3    00000001     rts2800_fpu64_eabi.lib : defs.c.obj (.data)
                  0000adf4    00000001                            : errno.c.obj (.data)
                  0000adf5    00000001                            : fopen.c.obj (.data)
                  0000adf6    00000001                            : memory.c.obj (.data)
                  0000adf7    00000001                            : open.c.obj (.data)

.sysmem    1    00010000    00000400     UNINITIALIZED
                  00010000    00000004     rts2800_fpu64_eabi.lib : memory.c.obj (.sysmem)
                  00010004    000003fc     --HOLE--

ramgs2     1    0000e000    0000019a     UNINITIALIZED
                  0000e000    0000019a     Goertzel_algo.obj (ramgs2)

GETBUFFER 
*          0    0003f800    00000000     DSECT

GETWRITEIDX 
*          0    0003f800    00000000     DSECT

PUTREADIDX 
*          0    0003f800    00000000     DSECT

.text.1    1    0000b800    00000800     
                  0000b800    000007e7     rts2800_fpu64_eabi.lib : _scanfi.c.obj (.text)
                  0000bfe7    00000019                            : boot28.asm.obj (.text)

.text.2    1    0000c000    00001000     
                  0000c000    00000614     rts2800_fpu64_eabi.lib : _printfi.c.obj (.text:__TI_printfi)
                  0000c614    000005dc                            : _printfi.c.obj (.text)
                  0000cbf0    000002c7                            : e_rem_pio2.c.obj (.text)
                  0000ceb7    00000143                            : strtoll.c.obj (.text)
                  0000cffa    00000005                            : strcpy.c.obj (.text)
                  0000cfff    00000001                            : startup.c.obj (.text)

.text.3    1    0000d000    00001000     
                  0000d000    00000459     rts2800_fpu64_eabi.lib : k_rem_pio2.c.obj (.text)
                  0000d459    00000298                            : memory.c.obj (.text)
                  0000d6f1    0000021e                            : strtod.c.obj (.text)
                  0000d90f    00000121                            : fopen.c.obj (.text)
                  0000da30    0000011d     Goertzel_algo.obj (.text:Generate_tones)
                  0000db4d    0000010c     rts2800_fpu64_eabi.lib : fscanf.c.obj (.text)
                  0000dc59    00000107                            : ll_div28.asm.obj (.text)
                  0000dd60    00000102                            : strtoull.c.obj (.text)
                  0000de62    000000d9                            : s_floor.c.obj (.text)
                  0000df3b    000000b1                            : strtoul.c.obj (.text)
                  0000dfec    00000014                            : ll_mpy28.asm.obj (.text)

.text.4    1    0000f000    00000ee3     
                  0000f000    000000d5     Goertzel_algo.obj (.text:goertzel_multi)
                  0000f0d5    000000d3     rts2800_fpu64_eabi.lib : strtol.c.obj (.text)
                  0000f1a8    000000a8                            : fputs.c.obj (.text)
                  0000f250    000000a0                            : s_scalbn.c.obj (.text)
                  0000f2f0    00000095                            : trgmsg.c.obj (.text)
                  0000f385    0000008b                            : k_sin.c.obj (.text)
                  0000f410    0000007c                            : setvbuf.c.obj (.text)
                  0000f48c    00000077                            : k_cos.c.obj (.text)
                  0000f503    00000073                            : fflush.c.obj (.text)
                  0000f576    00000071                            : open.c.obj (.text)
                  0000f5e7    0000006f                            : s_cos.c.obj (.text)
                  0000f656    0000006d     Goertzel_algo.obj (.text:Frequency_detection)
                  0000f6c3    0000006b     rts2800_fpu64_eabi.lib : s_sin.c.obj (.text)
                  0000f72e    00000065                            : _io_perm.c.obj (.text)
                  0000f793    00000061                            : hostlseek.c.obj (.text)
                  0000f7f4    0000005d                            : fclose.c.obj (.text)
                  0000f851    00000059                            : s_frexp.c.obj (.text)
                  0000f8aa    00000053                            : fputc.c.obj (.text)
                  0000f8fd    00000052                            : _bufread.c.obj (.text)
                  0000f94f    00000051                            : getdevice.c.obj (.text)
                  0000f9a0    00000050                            : fgetc.c.obj (.text)
                  0000f9f0    0000004a                            : ungetc.c.obj (.text)
                  0000fa3a    0000003e                            : hostrename.c.obj (.text)
                  0000fa78    0000003d                            : fseek.c.obj (.text)
                  0000fab5    0000003a                            : hostopen.c.obj (.text)
                  0000faef    00000039                            : hostwrite.c.obj (.text)
                  0000fb28    00000038                            : hostread.c.obj (.text)
                  0000fb60    00000034                            : printf.c.obj (.text)
                  0000fb94    00000033                            : close.c.obj (.text)
                  0000fbc7    00000031                            : atoi.c.obj (.text)
                  0000fbf8    00000030                            : copy_decompress_lzss.c.obj (.text:decompress:lzss)
                  0000fc28    00000030                            : _ltoa.c.obj (.text)
                  0000fc58    0000002b                            : autoinit.c.obj (.text:__TI_auto_init_nobinit_nopinit)
                  0000fc83    0000002a                            : l_div28.asm.obj (.text)
                  0000fcad    00000029                            : exit.c.obj (.text)
                  0000fcd6    00000029                            : hostclose.c.obj (.text)
                  0000fcff    00000028                            : s_copysign.c.obj (.text)
                  0000fd27    00000024                            : hostunlink.c.obj (.text)
                  0000fd4b    00000022                            : i_div28.asm.obj (.text)
                  0000fd6d    0000001f     Goertzel_algo.obj (.text:main)
                  0000fd8c    0000001e     rts2800_fpu64_eabi.lib : ll_cmp28.asm.obj (.text)
                  0000fdaa    0000001d                            : memcpy.c.obj (.text)
                  0000fdc7    00000019                            : read.c.obj (.text)
                  0000fde0    00000019                            : unlink.c.obj (.text)
                  0000fdf9    00000019                            : write.c.obj (.text)
                  0000fe12    00000018                            : ll_aox28.asm.obj (.text)
                  0000fe2a    00000018                            : lseek.c.obj (.text)
                  0000fe42    00000015                            : strncpy.c.obj (.text)
                  0000fe57    00000010                            : memccpy.c.obj (.text)
                  0000fe67    0000000d                            : copy_zero_init.c.obj (.text:decompress:ZI:__TI_zero_init_nomemset)
                  0000fe74    0000000d                            : memchr.c.obj (.text)
                  0000fe81    0000000c                            : args_main.c.obj (.text)
                  0000fe8d    0000000c                            : strchr.c.obj (.text)
                  0000fe99    0000000b                            : strrchr.c.obj (.text)
                  0000fea4    0000000b                            : wcslen.c.obj (.text)
                  0000feaf    0000000a                            : strcmp.c.obj (.text)
                  0000feb9    00000009                            : _lock.c.obj (.text)
                  0000fec2    00000008     F2837xD_CodeStartBranch.obj (.text)
                  0000feca    00000008     rts2800_fpu64_eabi.lib : copy_decompress_none.c.obj (.text:decompress:none)
                  0000fed2    00000008                            : strlen.c.obj (.text)
                  0000feda    00000007                            : memset.c.obj (.text)
                  0000fee1    00000002                            : pre_init.c.obj (.text)

MODULE SUMMARY

       Module                        code    ro data   rw data
       ------                        ----    -------   -------
    .\
       Goertzel_algo.obj             638     194       444    
    +--+-----------------------------+-------+---------+---------+
       Total:                        638     194       444    
                                                              
    .\device\
       F2837xD_CodeStartBranch.obj   10      0         0      
    +--+-----------------------------+-------+---------+---------+
       Total:                        10      0         0      
                                                              
    C:\ti\ccs1280\ccs\tools\compiler\ti-cgt-c2000_22.6.1.LTS\lib\rts2800_fpu64_eabi.lib
       _printfi.c.obj                3056    38        0      
       _scanfi.c.obj                 2023    27        0      
       k_rem_pio2.c.obj              1113    168       0      
       e_rem_pio2.c.obj              711     0         0      
       memory.c.obj                  664     0         3      
       strtod.c.obj                  542     100       0      
       trgmsg.c.obj                  149     0         288    
       strtoll.c.obj                 323     0         0      
       fopen.c.obj                   289     0         1      
       defs.c.obj                    0       0         281    
       fscanf.c.obj                  268     0         0      
       ll_div28.asm.obj              263     0         0      
       strtoull.c.obj                258     0         0      
       ctype.c.obj                   0       257       0      
       s_floor.c.obj                 217     0         0      
       strtol.c.obj                  211     0         0      
       strtoul.c.obj                 177     0         0      
       fputs.c.obj                   168     2         0      
       s_scalbn.c.obj                160     0         0      
       k_sin.c.obj                   139     0         0      
       setvbuf.c.obj                 124     0         0      
       k_cos.c.obj                   119     0         0      
       fflush.c.obj                  115     0         0      
       open.c.obj                    113     0         1      
       host_device.c.obj             0       0         112    
       s_cos.c.obj                   111     0         0      
       s_sin.c.obj                   107     0         0      
       _io_perm.c.obj                101     0         0      
       hostlseek.c.obj               97      0         0      
       fclose.c.obj                  93      0         0      
       s_frexp.c.obj                 89      0         0      
       fputc.c.obj                   83      0         0      
       _bufread.c.obj                82      0         0      
       getdevice.c.obj               81      0         0      
       fgetc.c.obj                   80      0         0      
       ungetc.c.obj                  74      0         0      
       hostopen.c.obj                58      0         8      
       hostrename.c.obj              62      0         0      
       fseek.c.obj                   61      0         0      
       hostwrite.c.obj               57      0         0      
       hostread.c.obj                56      0         0      
       printf.c.obj                  52      0         0      
       close.c.obj                   51      0         0      
       atoi.c.obj                    49      0         0      
       _ltoa.c.obj                   48      0         0      
       copy_decompress_lzss.c.obj    48      0         0      
       exit.c.obj                    41      0         6      
       autoinit.c.obj                43      0         0      
       l_div28.asm.obj               42      0         0      
       hostclose.c.obj               41      0         0      
       s_copysign.c.obj              40      0         0      
       hostunlink.c.obj              36      0         0      
       i_div28.asm.obj               34      0         0      
       ll_cmp28.asm.obj              30      0         0      
       memcpy.c.obj                  29      0         0      
       boot28.asm.obj                25      0         0      
       read.c.obj                    25      0         0      
       unlink.c.obj                  25      0         0      
       write.c.obj                   25      0         0      
       ll_aox28.asm.obj              24      0         0      
       lseek.c.obj                   24      0         0      
       strncpy.c.obj                 21      0         0      
       ll_mpy28.asm.obj              20      0         0      
       memccpy.c.obj                 16      0         0      
       _lock.c.obj                   9       0         4      
       copy_zero_init.c.obj          13      0         0      
       memchr.c.obj                  13      0         0      
       args_main.c.obj               12      0         0      
       strchr.c.obj                  12      0         0      
       strrchr.c.obj                 11      0         0      
       wcslen.c.obj                  11      0         0      
       strcmp.c.obj                  10      0         0      
       copy_decompress_none.c.obj    8       0         0      
       strlen.c.obj                  8       0         0      
       memset.c.obj                  7       0         0      
       strcpy.c.obj                  5       0         0      
       pre_init.c.obj                2       0         0      
       errno.c.obj                   0       0         1      
       startup.c.obj                 1       0         0      
    +--+-----------------------------+-------+---------+---------+
       Total:                        13405   592       705    
                                                              
       Heap:                         0       0         1024   
       Stack:                        0       0         256    
       Linker Generated:             0       91        0      
    +--+-----------------------------+-------+---------+---------+
       Grand Total:                  14053   877       2429   


LINKER GENERATED COPY TABLES

__TI_cinit_table @ 00000174 records: 3, size/record: 4, table size: 12
	.data: load addr=00000124, load size=00000041 bytes, run addr=0000acf0, run size=00000108 bytes, compression=lzss
	.bss: load addr=0000016c, load size=00000004 bytes, run addr=0000ab14, run size=000001db bytes, compression=zero_init
	ramgs2: load addr=00000170, load size=00000004 bytes, run addr=0000e000, run size=0000019a bytes, compression=zero_init


LINKER GENERATED HANDLER TABLE

__TI_handler_table @ 00000166 records: 3, size/record: 2, table size: 6
	index: 0, handler: __TI_zero_init
	index: 1, handler: __TI_decompress_lzss
	index: 2, handler: __TI_decompress_none


GLOBAL DATA SYMBOLS: SORTED BY DATA PAGE

address     data page           name
--------    ----------------    ----
00000400      10 (00000400)     __stack

0000a800     2a0 (0000a800)     _ctypes_

0000ab14     2ac (0000ab00)     __CIOBUF_

0000ac34     2b0 (0000ac00)     __TI_tmpnams

0000acd4     2b3 (0000acc0)     magnitudes
0000ace4     2b3 (0000acc0)     parmbuf
0000acee     2b3 (0000acc0)     digit
0000acf0     2b3 (0000acc0)     _ftable

0000ad68     2b5 (0000ad40)     _device

0000adb0     2b6 (0000ad80)     _stream

0000add8     2b7 (0000adc0)     targetFrequencies
0000ade8     2b7 (0000adc0)     __TI_enable_exit_profile_output
0000adea     2b7 (0000adc0)     __TI_cleanup_ptr
0000adec     2b7 (0000adc0)     __TI_dtors_ptr
0000adee     2b7 (0000adc0)     _lock
0000adf0     2b7 (0000adc0)     _unlock
0000adf2     2b7 (0000adc0)     Flag
0000adf3     2b7 (0000adc0)     __TI_ft_end
0000adf4     2b7 (0000adc0)     errno

0000e000     380 (0000e000)     samples

00010000     400 (00010000)     _sys_memory


GLOBAL SYMBOLS: SORTED ALPHABETICALLY BY Name 

page  address   name                           
----  -------   ----                           
1     0000fcad  C$$EXIT                        
1     0000f343  C$$IO$$                        
1     0000adf2  Flag                           
1     0000f656  Frequency_detection            
1     0000da30  Generate_tones                 
1     0000fcd6  HOSTclose                      
1     0000f793  HOSTlseek                      
1     0000fab5  HOSTopen                       
1     0000fb28  HOSTread                       
1     0000fa3a  HOSTrename                     
1     0000fd27  HOSTunlink                     
1     0000faef  HOSTwrite                      
1     0000ab14  __CIOBUF_                      
0     00000174  __TI_CINIT_Base                
0     00000180  __TI_CINIT_Limit               
0     00000180  __TI_CINIT_Warm                
0     00000166  __TI_Handler_Table_Base        
0     0000016c  __TI_Handler_Table_Limit       
1     00000500  __TI_STACK_END                 
abs   00000100  __TI_STACK_SIZE                
abs   00000400  __TI_SYSMEM_SIZE               
1     0000fc58  __TI_auto_init_nobinit_nopinit 
1     0000f8fd  __TI_buff_read                 
1     0000d9ae  __TI_cleanup                   
1     0000adea  __TI_cleanup_ptr               
1     0000f7f4  __TI_closefile                 
1     0000fbf8  __TI_decompress_lzss           
1     0000feca  __TI_decompress_none           
1     0000f503  __TI_doflush                   
1     0000adec  __TI_dtors_ptr                 
1     0000ade8  __TI_enable_exit_profile_output
1     0000adf3  __TI_ft_end                    
1     0000d6ef  __TI_heap_check                
1     0000d6d0  __TI_heap_largest_available    
1     0000d6b1  __TI_heap_total_available      
1     0000fc28  __TI_ltoa                      
abs   ffffffff  __TI_pprof_out_hndl            
1     0000c48f  __TI_printfi                   
abs   ffffffff  __TI_prof_data_size            
abs   ffffffff  __TI_prof_data_start           
1     0000f768  __TI_rd_ok                     
1     0000f348  __TI_readmsg                   
1     0000bced  __TI_scanfi                    
1     0000ac34  __TI_tmpnams                   
1     0000f2f0  __TI_writemsg                  
1     0000f72e  __TI_wrt_ok                    
1     0000fe67  __TI_zero_init_nomemset        
1     0000fe12  __c28xabi_andll                
1     0000fd8c  __c28xabi_cmpll                
1     0000fd9e  __c28xabi_cmpull               
1     0000fd4b  __c28xabi_divi                 
1     0000fc83  __c28xabi_divl                 
1     0000dc59  __c28xabi_divll                
1     0000fca0  __c28xabi_divul                
1     0000dccf  __c28xabi_divull               
1     0000fd5c  __c28xabi_modi                 
1     0000fc92  __c28xabi_modl                 
1     0000dc95  __c28xabi_modll                
1     0000fca7  __c28xabi_modul                
1     0000dcfe  __c28xabi_modull               
1     0000dfec  __c28xabi_mpyll                
1     0000fe1a  __c28xabi_orll                 
1     0000fe22  __c28xabi_xorll                
n/a   UNDEFED   __c_args__                     
1     0000f48c  __kernel_cos                   
1     0000d000  __kernel_rem_pio2              
1     0000f385  __kernel_sin                   
1     0000cbf0  __rem_pio2                     
1     00000400  __stack                        
1     0000fe81  _args_main                     
1     0000bfe7  _c_int00                       
1     0000a800  _ctypes_                       
1     0000ad68  _device                        
1     0000acf0  _ftable                        
1     0000adee  _lock                          
1     0000fec1  _nop                           
1     0000febd  _register_lock                 
1     0000feb9  _register_unlock               
1     0000adb0  _stream                        
1     00010000  _sys_memory                    
1     0000cfff  _system_post_cinit             
1     0000fee1  _system_pre_init               
1     0000adf0  _unlock                        
1     0000fcad  abort                          
1     0000d603  aligned_alloc                  
1     0000fbc7  atoi                           
1     0000d5d6  calloc                         
1     0000fb94  close                          
0     00000000  code_start                     
1     0000fcff  copysign                       
1     0000fcff  copysignl                      
1     0000f5e7  cos                            
1     0000f5e7  cosl                           
1     0000acee  digit                          
1     0000adf4  errno                          
1     0000fcaf  exit                           
1     0000f838  fclose                         
1     0000f532  fflush                         
1     0000f9a0  fgetc                          
1     0000f94f  finddevice                     
1     0000de62  floor                          
1     0000de62  floorl                         
1     0000d9e9  fopen                          
1     0000f8aa  fputc                          
1     0000f1a8  fputs                          
1     0000d484  free                           
1     0000d9cb  freopen                        
1     0000f851  frexp                          
1     0000f851  frexpl                         
1     0000dc2e  fscanf                         
1     0000fa78  fseek                          
1     0000fa78  fseeko                         
1     0000f9a0  getc                           
1     0000f9eb  getchar                        
1     0000f96a  getdevice                      
1     0000f000  goertzel_multi                 
1     0000f250  ldexp                          
1     0000f250  ldexpl                         
1     0000fe2a  lseek                          
1     0000acd4  magnitudes                     
1     0000fd6d  main                           
1     0000d459  malloc                         
1     0000d603  memalign                       
1     0000fe57  memccpy                        
1     0000fe74  memchr                         
1     0000fdaa  memcpy                         
1     0000feda  memset                         
1     0000d5d2  minit                          
1     0000f576  open                           
1     0000ace4  parmbuf                        
1     0000fb66  printf                         
1     0000f8aa  putc                           
1     0000f8f8  putchar                        
1     0000f23d  puts                           
1     0000fdc7  read                           
1     0000d54e  realloc                        
1     0000fde0  remove                         
1     0000e000  samples                        
1     0000f250  scalbn                         
1     0000f250  scalbnl                        
1     0000dc03  scanf                          
1     0000f410  setvbuf                        
1     0000f6c3  sin                            
1     0000f6c3  sinl                           
1     0000fe8d  strchr                         
1     0000feaf  strcmp                         
1     0000cffa  strcpy                         
1     0000fed2  strlen                         
1     0000fe42  strncpy                        
1     0000fe99  strrchr                        
1     0000d6f1  strtod                         
1     0000f0d5  strtol                         
1     0000d6f1  strtold                        
1     0000ceb7  strtoll                        
1     0000df3b  strtoul                        
1     0000dd60  strtoull                       
1     0000add8  targetFrequencies              
1     0000f9f0  ungetc                         
1     0000fde0  unlink                         
1     0000dbd5  vfscanf                        
1     0000dba9  vscanf                         
1     0000fea4  wcslen                         
1     0000fdf9  write                          


GLOBAL SYMBOLS: SORTED BY Symbol Address 

page  address   name                           
----  -------   ----                           
0     00000000  code_start                     
0     00000166  __TI_Handler_Table_Base        
0     0000016c  __TI_Handler_Table_Limit       
0     00000174  __TI_CINIT_Base                
0     00000180  __TI_CINIT_Limit               
0     00000180  __TI_CINIT_Warm                
1     00000400  __stack                        
1     00000500  __TI_STACK_END                 
1     0000a800  _ctypes_                       
1     0000ab14  __CIOBUF_                      
1     0000ac34  __TI_tmpnams                   
1     0000acd4  magnitudes                     
1     0000ace4  parmbuf                        
1     0000acee  digit                          
1     0000acf0  _ftable                        
1     0000ad68  _device                        
1     0000adb0  _stream                        
1     0000add8  targetFrequencies              
1     0000ade8  __TI_enable_exit_profile_output
1     0000adea  __TI_cleanup_ptr               
1     0000adec  __TI_dtors_ptr                 
1     0000adee  _lock                          
1     0000adf0  _unlock                        
1     0000adf2  Flag                           
1     0000adf3  __TI_ft_end                    
1     0000adf4  errno                          
1     0000bced  __TI_scanfi                    
1     0000bfe7  _c_int00                       
1     0000c48f  __TI_printfi                   
1     0000cbf0  __rem_pio2                     
1     0000ceb7  strtoll                        
1     0000cffa  strcpy                         
1     0000cfff  _system_post_cinit             
1     0000d000  __kernel_rem_pio2              
1     0000d459  malloc                         
1     0000d484  free                           
1     0000d54e  realloc                        
1     0000d5d2  minit                          
1     0000d5d6  calloc                         
1     0000d603  aligned_alloc                  
1     0000d603  memalign                       
1     0000d6b1  __TI_heap_total_available      
1     0000d6d0  __TI_heap_largest_available    
1     0000d6ef  __TI_heap_check                
1     0000d6f1  strtod                         
1     0000d6f1  strtold                        
1     0000d9ae  __TI_cleanup                   
1     0000d9cb  freopen                        
1     0000d9e9  fopen                          
1     0000da30  Generate_tones                 
1     0000dba9  vscanf                         
1     0000dbd5  vfscanf                        
1     0000dc03  scanf                          
1     0000dc2e  fscanf                         
1     0000dc59  __c28xabi_divll                
1     0000dc95  __c28xabi_modll                
1     0000dccf  __c28xabi_divull               
1     0000dcfe  __c28xabi_modull               
1     0000dd60  strtoull                       
1     0000de62  floor                          
1     0000de62  floorl                         
1     0000df3b  strtoul                        
1     0000dfec  __c28xabi_mpyll                
1     0000e000  samples                        
1     0000f000  goertzel_multi                 
1     0000f0d5  strtol                         
1     0000f1a8  fputs                          
1     0000f23d  puts                           
1     0000f250  ldexp                          
1     0000f250  ldexpl                         
1     0000f250  scalbn                         
1     0000f250  scalbnl                        
1     0000f2f0  __TI_writemsg                  
1     0000f343  C$$IO$$                        
1     0000f348  __TI_readmsg                   
1     0000f385  __kernel_sin                   
1     0000f410  setvbuf                        
1     0000f48c  __kernel_cos                   
1     0000f503  __TI_doflush                   
1     0000f532  fflush                         
1     0000f576  open                           
1     0000f5e7  cos                            
1     0000f5e7  cosl                           
1     0000f656  Frequency_detection            
1     0000f6c3  sin                            
1     0000f6c3  sinl                           
1     0000f72e  __TI_wrt_ok                    
1     0000f768  __TI_rd_ok                     
1     0000f793  HOSTlseek                      
1     0000f7f4  __TI_closefile                 
1     0000f838  fclose                         
1     0000f851  frexp                          
1     0000f851  frexpl                         
1     0000f8aa  fputc                          
1     0000f8aa  putc                           
1     0000f8f8  putchar                        
1     0000f8fd  __TI_buff_read                 
1     0000f94f  finddevice                     
1     0000f96a  getdevice                      
1     0000f9a0  fgetc                          
1     0000f9a0  getc                           
1     0000f9eb  getchar                        
1     0000f9f0  ungetc                         
1     0000fa3a  HOSTrename                     
1     0000fa78  fseek                          
1     0000fa78  fseeko                         
1     0000fab5  HOSTopen                       
1     0000faef  HOSTwrite                      
1     0000fb28  HOSTread                       
1     0000fb66  printf                         
1     0000fb94  close                          
1     0000fbc7  atoi                           
1     0000fbf8  __TI_decompress_lzss           
1     0000fc28  __TI_ltoa                      
1     0000fc58  __TI_auto_init_nobinit_nopinit 
1     0000fc83  __c28xabi_divl                 
1     0000fc92  __c28xabi_modl                 
1     0000fca0  __c28xabi_divul                
1     0000fca7  __c28xabi_modul                
1     0000fcad  C$$EXIT                        
1     0000fcad  abort                          
1     0000fcaf  exit                           
1     0000fcd6  HOSTclose                      
1     0000fcff  copysign                       
1     0000fcff  copysignl                      
1     0000fd27  HOSTunlink                     
1     0000fd4b  __c28xabi_divi                 
1     0000fd5c  __c28xabi_modi                 
1     0000fd6d  main                           
1     0000fd8c  __c28xabi_cmpll                
1     0000fd9e  __c28xabi_cmpull               
1     0000fdaa  memcpy                         
1     0000fdc7  read                           
1     0000fde0  remove                         
1     0000fde0  unlink                         
1     0000fdf9  write                          
1     0000fe12  __c28xabi_andll                
1     0000fe1a  __c28xabi_orll                 
1     0000fe22  __c28xabi_xorll                
1     0000fe2a  lseek                          
1     0000fe42  strncpy                        
1     0000fe57  memccpy                        
1     0000fe67  __TI_zero_init_nomemset        
1     0000fe74  memchr                         
1     0000fe81  _args_main                     
1     0000fe8d  strchr                         
1     0000fe99  strrchr                        
1     0000fea4  wcslen                         
1     0000feaf  strcmp                         
1     0000feb9  _register_unlock               
1     0000febd  _register_lock                 
1     0000fec1  _nop                           
1     0000feca  __TI_decompress_none           
1     0000fed2  strlen                         
1     0000feda  memset                         
1     0000fee1  _system_pre_init               
1     00010000  _sys_memory                    
abs   00000100  __TI_STACK_SIZE                
abs   00000400  __TI_SYSMEM_SIZE               
abs   ffffffff  __TI_pprof_out_hndl            
abs   ffffffff  __TI_prof_data_size            
abs   ffffffff  __TI_prof_data_start           
n/a   UNDEFED   __c_args__                     

[163 symbols]
