
===========================================================================
report_checks -path_delay min (Hold)
============================================================================
======================= Typical Corner ===================================

Startpoint: cin (input port clocked by fake_clk)
Endpoint: result[0] (output port clocked by fake_clk)
Path Group: fake_clk
Path Type: min

Fanout     Cap    Slew   Delay    Time   Description
-----------------------------------------------------------------------------
                  0.15    0.00    0.00   clock fake_clk (rise edge)
                          0.00    0.00   clock network delay (ideal)
                          2.00    2.00 v input external delay
     2    0.01    0.02    0.01    2.01 v cin (in)
                                         cin (net)
                  0.02    0.00    2.01 v _1408_/A (sky130_fd_sc_hd__xor2_1)
     1    0.00    0.08    0.11    2.13 ^ _1408_/X (sky130_fd_sc_hd__xor2_1)
                                         _0094_ (net)
                  0.08    0.00    2.13 ^ _1411_/A0 (sky130_fd_sc_hd__mux2_1)
     1    0.00    0.04    0.12    2.25 ^ _1411_/X (sky130_fd_sc_hd__mux2_1)
                                         _0105_ (net)
                  0.04    0.00    2.25 ^ _1412_/A1 (sky130_fd_sc_hd__mux2_1)
     2    0.00    0.06    0.12    2.37 ^ _1412_/X (sky130_fd_sc_hd__mux2_1)
                                         _0043_ (net)
                  0.06    0.00    2.37 ^ _1910_/A (sky130_fd_sc_hd__buf_2)
     1    0.04    0.18    0.20    2.57 ^ _1910_/X (sky130_fd_sc_hd__buf_2)
                                         result[0] (net)
                  0.18    0.00    2.57 ^ result[0] (out)
                                  2.57   data arrival time

                  0.15    0.00    0.00   clock fake_clk (rise edge)
                          0.00    0.00   clock network delay (ideal)
                          0.25    0.25   clock uncertainty
                          0.00    0.25   clock reconvergence pessimism
                         -2.00   -1.75   output external delay
                                 -1.75   data required time
-----------------------------------------------------------------------------
                                 -1.75   data required time
                                 -2.57   data arrival time
-----------------------------------------------------------------------------
                                  4.32   slack (MET)


Startpoint: a[31] (input port clocked by fake_clk)
Endpoint: cout (output port clocked by fake_clk)
Path Group: fake_clk
Path Type: min

Fanout     Cap    Slew   Delay    Time   Description
-----------------------------------------------------------------------------
                  0.15    0.00    0.00   clock fake_clk (rise edge)
                          0.00    0.00   clock network delay (ideal)
                          2.00    2.00 ^ input external delay
     2    0.01    0.04    0.02    2.02 ^ a[31] (in)
                                         a[31] (net)
                  0.04    0.00    2.02 ^ _1423_/A0 (sky130_fd_sc_hd__mux2_1)
     4    0.01    0.10    0.15    2.18 ^ _1423_/X (sky130_fd_sc_hd__mux2_1)
                                         _0123_ (net)
                  0.10    0.00    2.18 ^ _1419_/B (sky130_fd_sc_hd__and2_0)
     1    0.00    0.04    0.11    2.29 ^ _1419_/X (sky130_fd_sc_hd__and2_0)
                                         _0127_ (net)
                  0.04    0.00    2.29 ^ _1418_/A (sky130_fd_sc_hd__lpflow_inputiso1p_1)
     2    0.04    0.38    0.31    2.60 ^ _1418_/X (sky130_fd_sc_hd__lpflow_inputiso1p_1)
                                         cout (net)
                  0.38    0.00    2.60 ^ cout (out)
                                  2.60   data arrival time

                  0.15    0.00    0.00   clock fake_clk (rise edge)
                          0.00    0.00   clock network delay (ideal)
                          0.25    0.25   clock uncertainty
                          0.00    0.25   clock reconvergence pessimism
                         -2.00   -1.75   output external delay
                                 -1.75   data required time
-----------------------------------------------------------------------------
                                 -1.75   data required time
                                 -2.60   data arrival time
-----------------------------------------------------------------------------
                                  4.35   slack (MET)


Startpoint: cin (input port clocked by fake_clk)
Endpoint: zero (output port clocked by fake_clk)
Path Group: fake_clk
Path Type: min

Fanout     Cap    Slew   Delay    Time   Description
-----------------------------------------------------------------------------
                  0.15    0.00    0.00   clock fake_clk (rise edge)
                          0.00    0.00   clock network delay (ideal)
                          2.00    2.00 v input external delay
     2    0.01    0.02    0.01    2.01 v cin (in)
                                         cin (net)
                  0.02    0.00    2.01 v _1408_/A (sky130_fd_sc_hd__xor2_1)
     1    0.00    0.08    0.11    2.13 ^ _1408_/X (sky130_fd_sc_hd__xor2_1)
                                         _0094_ (net)
                  0.08    0.00    2.13 ^ _1411_/A0 (sky130_fd_sc_hd__mux2_1)
     1    0.00    0.04    0.12    2.25 ^ _1411_/X (sky130_fd_sc_hd__mux2_1)
                                         _0105_ (net)
                  0.04    0.00    2.25 ^ _1412_/A1 (sky130_fd_sc_hd__mux2_1)
     2    0.00    0.06    0.12    2.37 ^ _1412_/X (sky130_fd_sc_hd__mux2_1)
                                         _0043_ (net)
                  0.06    0.00    2.37 ^ _1395_/A (sky130_fd_sc_hd__nor4_1)
     1    0.00    0.03    0.05    2.43 v _1395_/Y (sky130_fd_sc_hd__nor4_1)
                                         _0039_ (net)
                  0.03    0.00    2.43 v _1397_/C (sky130_fd_sc_hd__nand4_1)
     1    0.00    0.05    0.07    2.50 ^ _1397_/Y (sky130_fd_sc_hd__nand4_1)
                                         _0041_ (net)
                  0.05    0.00    2.50 ^ _1398_/B (sky130_fd_sc_hd__nor2_1)
     1    0.04    0.17    0.14    2.64 v _1398_/Y (sky130_fd_sc_hd__nor2_1)
                                         zero (net)
                  0.17    0.00    2.64 v zero (out)
                                  2.64   data arrival time

                  0.15    0.00    0.00   clock fake_clk (rise edge)
                          0.00    0.00   clock network delay (ideal)
                          0.25    0.25   clock uncertainty
                          0.00    0.25   clock reconvergence pessimism
                         -2.00   -1.75   output external delay
                                 -1.75   data required time
-----------------------------------------------------------------------------
                                 -1.75   data required time
                                 -2.64   data arrival time
-----------------------------------------------------------------------------
                                  4.39   slack (MET)


Startpoint: b[30] (input port clocked by fake_clk)
Endpoint: overflow (output port clocked by fake_clk)
Path Group: fake_clk
Path Type: min

Fanout     Cap    Slew   Delay    Time   Description
-----------------------------------------------------------------------------
                  0.15    0.00    0.00   clock fake_clk (rise edge)
                          0.00    0.00   clock network delay (ideal)
                          2.00    2.00 ^ input external delay
     2    0.01    0.03    0.02    2.02 ^ b[30] (in)
                                         b[30] (net)
                  0.03    0.00    2.02 ^ _1746_/A0 (sky130_fd_sc_hd__mux2_1)
     4    0.01    0.10    0.15    2.17 ^ _1746_/X (sky130_fd_sc_hd__mux2_1)
                                         _1068_ (net)
                  0.10    0.00    2.17 ^ _1741_/A (sky130_fd_sc_hd__and2_0)
     1    0.00    0.05    0.11    2.29 ^ _1741_/X (sky130_fd_sc_hd__and2_0)
                                         _1070_ (net)
                  0.05    0.00    2.29 ^ _1740_/A (sky130_fd_sc_hd__lpflow_inputiso1p_1)
     3    0.01    0.12    0.14    2.43 ^ _1740_/X (sky130_fd_sc_hd__lpflow_inputiso1p_1)
                                         _0030_ (net)
                  0.12    0.00    2.43 ^ _1399_/B (sky130_fd_sc_hd__xor2_1)
     1    0.04    0.17    0.23    2.66 v _1399_/X (sky130_fd_sc_hd__xor2_1)
                                         overflow (net)
                  0.17    0.00    2.66 v overflow (out)
                                  2.66   data arrival time

                  0.15    0.00    0.00   clock fake_clk (rise edge)
                          0.00    0.00   clock network delay (ideal)
                          0.25    0.25   clock uncertainty
                          0.00    0.25   clock reconvergence pessimism
                         -2.00   -1.75   output external delay
                                 -1.75   data required time
-----------------------------------------------------------------------------
                                 -1.75   data required time
                                 -2.66   data arrival time
-----------------------------------------------------------------------------
                                  4.41   slack (MET)


Startpoint: b[26] (input port clocked by fake_clk)
Endpoint: result[26] (output port clocked by fake_clk)
Path Group: fake_clk
Path Type: min

Fanout     Cap    Slew   Delay    Time   Description
-----------------------------------------------------------------------------
                  0.15    0.00    0.00   clock fake_clk (rise edge)
                          0.00    0.00   clock network delay (ideal)
                          2.00    2.00 ^ input external delay
     2    0.01    0.03    0.02    2.02 ^ b[26] (in)
                                         b[26] (net)
                  0.03    0.00    2.02 ^ _1676_/A0 (sky130_fd_sc_hd__mux2_1)
     4    0.01    0.10    0.15    2.17 ^ _1676_/X (sky130_fd_sc_hd__mux2_1)
                                         _0863_ (net)
                  0.10    0.00    2.17 ^ _1669_/A (sky130_fd_sc_hd__lpflow_inputiso1p_1)
     1    0.00    0.04    0.10    2.27 ^ _1669_/X (sky130_fd_sc_hd__lpflow_inputiso1p_1)
                                         _0864_ (net)
                  0.04    0.00    2.27 ^ _1679_/A1 (sky130_fd_sc_hd__mux2_1)
     1    0.00    0.04    0.11    2.37 ^ _1679_/X (sky130_fd_sc_hd__mux2_1)
                                         _0890_ (net)
                  0.04    0.00    2.37 ^ _1678_/A0 (sky130_fd_sc_hd__mux2_1)
     2    0.00    0.06    0.12    2.49 ^ _1678_/X (sky130_fd_sc_hd__mux2_1)
                                         _0061_ (net)
                  0.06    0.00    2.49 ^ _1936_/A (sky130_fd_sc_hd__buf_2)
     1    0.04    0.18    0.20    2.69 ^ _1936_/X (sky130_fd_sc_hd__buf_2)
                                         result[26] (net)
                  0.18    0.00    2.69 ^ result[26] (out)
                                  2.69   data arrival time

                  0.15    0.00    0.00   clock fake_clk (rise edge)
                          0.00    0.00   clock network delay (ideal)
                          0.25    0.25   clock uncertainty
                          0.00    0.25   clock reconvergence pessimism
                         -2.00   -1.75   output external delay
                                 -1.75   data required time
-----------------------------------------------------------------------------
                                 -1.75   data required time
                                 -2.69   data arrival time
-----------------------------------------------------------------------------
                                  4.44   slack (MET)


Startpoint: b[17] (input port clocked by fake_clk)
Endpoint: result[17] (output port clocked by fake_clk)
Path Group: fake_clk
Path Type: min

Fanout     Cap    Slew   Delay    Time   Description
-----------------------------------------------------------------------------
                  0.15    0.00    0.00   clock fake_clk (rise edge)
                          0.00    0.00   clock network delay (ideal)
                          2.00    2.00 ^ input external delay
     2    0.01    0.03    0.02    2.02 ^ b[17] (in)
                                         b[17] (net)
                  0.03    0.00    2.02 ^ _1536_/A0 (sky130_fd_sc_hd__mux2_1)
     4    0.01    0.10    0.15    2.17 ^ _1536_/X (sky130_fd_sc_hd__mux2_1)
                                         _0453_ (net)
                  0.10    0.00    2.17 ^ _1529_/A (sky130_fd_sc_hd__lpflow_inputiso1p_1)
     1    0.00    0.03    0.10    2.27 ^ _1529_/X (sky130_fd_sc_hd__lpflow_inputiso1p_1)
                                         _0454_ (net)
                  0.03    0.00    2.27 ^ _1539_/A1 (sky130_fd_sc_hd__mux2_1)
     1    0.00    0.04    0.11    2.37 ^ _1539_/X (sky130_fd_sc_hd__mux2_1)
                                         _0480_ (net)
                  0.04    0.00    2.37 ^ _1538_/A0 (sky130_fd_sc_hd__mux2_1)
     2    0.00    0.06    0.12    2.49 ^ _1538_/X (sky130_fd_sc_hd__mux2_1)
                                         _0051_ (net)
                  0.06    0.00    2.49 ^ _1927_/A (sky130_fd_sc_hd__buf_2)
     1    0.04    0.18    0.20    2.69 ^ _1927_/X (sky130_fd_sc_hd__buf_2)
                                         result[17] (net)
                  0.18    0.00    2.69 ^ result[17] (out)
                                  2.69   data arrival time

                  0.15    0.00    0.00   clock fake_clk (rise edge)
                          0.00    0.00   clock network delay (ideal)
                          0.25    0.25   clock uncertainty
                          0.00    0.25   clock reconvergence pessimism
                         -2.00   -1.75   output external delay
                                 -1.75   data required time
-----------------------------------------------------------------------------
                                 -1.75   data required time
                                 -2.69   data arrival time
-----------------------------------------------------------------------------
                                  4.44   slack (MET)


Startpoint: b[1] (input port clocked by fake_clk)
Endpoint: result[1] (output port clocked by fake_clk)
Path Group: fake_clk
Path Type: min

Fanout     Cap    Slew   Delay    Time   Description
-----------------------------------------------------------------------------
                  0.15    0.00    0.00   clock fake_clk (rise edge)
                          0.00    0.00   clock network delay (ideal)
                          2.00    2.00 ^ input external delay
     2    0.01    0.03    0.02    2.02 ^ b[1] (in)
                                         b[1] (net)
                  0.03    0.00    2.02 ^ _1578_/A0 (sky130_fd_sc_hd__mux2_1)
     4    0.01    0.10    0.15    2.17 ^ _1578_/X (sky130_fd_sc_hd__mux2_1)
                                         _0576_ (net)
                  0.10    0.00    2.17 ^ _1571_/A (sky130_fd_sc_hd__lpflow_inputiso1p_1)
     1    0.00    0.04    0.10    2.27 ^ _1571_/X (sky130_fd_sc_hd__lpflow_inputiso1p_1)
                                         _0577_ (net)
                  0.04    0.00    2.27 ^ _1581_/A1 (sky130_fd_sc_hd__mux2_1)
     1    0.00    0.04    0.10    2.37 ^ _1581_/X (sky130_fd_sc_hd__mux2_1)
                                         _0603_ (net)
                  0.04    0.00    2.37 ^ _1580_/A0 (sky130_fd_sc_hd__mux2_1)
     2    0.01    0.06    0.12    2.49 ^ _1580_/X (sky130_fd_sc_hd__mux2_1)
                                         _0054_ (net)
                  0.06    0.00    2.49 ^ _1911_/A (sky130_fd_sc_hd__buf_2)
     1    0.04    0.18    0.20    2.69 ^ _1911_/X (sky130_fd_sc_hd__buf_2)
                                         result[1] (net)
                  0.18    0.00    2.69 ^ result[1] (out)
                                  2.69   data arrival time

                  0.15    0.00    0.00   clock fake_clk (rise edge)
                          0.00    0.00   clock network delay (ideal)
                          0.25    0.25   clock uncertainty
                          0.00    0.25   clock reconvergence pessimism
                         -2.00   -1.75   output external delay
                                 -1.75   data required time
-----------------------------------------------------------------------------
                                 -1.75   data required time
                                 -2.69   data arrival time
-----------------------------------------------------------------------------
                                  4.44   slack (MET)


Startpoint: b[27] (input port clocked by fake_clk)
Endpoint: result[27] (output port clocked by fake_clk)
Path Group: fake_clk
Path Type: min

Fanout     Cap    Slew   Delay    Time   Description
-----------------------------------------------------------------------------
                  0.15    0.00    0.00   clock fake_clk (rise edge)
                          0.00    0.00   clock network delay (ideal)
                          2.00    2.00 ^ input external delay
     2    0.01    0.03    0.02    2.02 ^ b[27] (in)
                                         b[27] (net)
                  0.03    0.00    2.02 ^ _1690_/A0 (sky130_fd_sc_hd__mux2_1)
     4    0.01    0.10    0.15    2.17 ^ _1690_/X (sky130_fd_sc_hd__mux2_1)
                                         _0904_ (net)
                  0.10    0.00    2.17 ^ _1683_/A (sky130_fd_sc_hd__lpflow_inputiso1p_1)
     1    0.00    0.04    0.10    2.27 ^ _1683_/X (sky130_fd_sc_hd__lpflow_inputiso1p_1)
                                         _0905_ (net)
                  0.04    0.00    2.27 ^ _1693_/A1 (sky130_fd_sc_hd__mux2_1)
     1    0.00    0.04    0.11    2.37 ^ _1693_/X (sky130_fd_sc_hd__mux2_1)
                                         _0931_ (net)
                  0.04    0.00    2.37 ^ _1692_/A0 (sky130_fd_sc_hd__mux2_1)
     2    0.00    0.06    0.12    2.49 ^ _1692_/X (sky130_fd_sc_hd__mux2_1)
                                         _0062_ (net)
                  0.06    0.00    2.49 ^ _1937_/A (sky130_fd_sc_hd__buf_2)
     1    0.04    0.18    0.20    2.69 ^ _1937_/X (sky130_fd_sc_hd__buf_2)
                                         result[27] (net)
                  0.18    0.00    2.69 ^ result[27] (out)
                                  2.69   data arrival time

                  0.15    0.00    0.00   clock fake_clk (rise edge)
                          0.00    0.00   clock network delay (ideal)
                          0.25    0.25   clock uncertainty
                          0.00    0.25   clock reconvergence pessimism
                         -2.00   -1.75   output external delay
                                 -1.75   data required time
-----------------------------------------------------------------------------
                                 -1.75   data required time
                                 -2.69   data arrival time
-----------------------------------------------------------------------------
                                  4.44   slack (MET)


Startpoint: b[5] (input port clocked by fake_clk)
Endpoint: result[5] (output port clocked by fake_clk)
Path Group: fake_clk
Path Type: min

Fanout     Cap    Slew   Delay    Time   Description
-----------------------------------------------------------------------------
                  0.15    0.00    0.00   clock fake_clk (rise edge)
                          0.00    0.00   clock network delay (ideal)
                          2.00    2.00 ^ input external delay
     2    0.01    0.03    0.02    2.02 ^ b[5] (in)
                                         b[5] (net)
                  0.03    0.00    2.02 ^ _1788_/A0 (sky130_fd_sc_hd__mux2_1)
     4    0.01    0.10    0.15    2.17 ^ _1788_/X (sky130_fd_sc_hd__mux2_1)
                                         _1191_ (net)
                  0.10    0.00    2.17 ^ _1781_/A (sky130_fd_sc_hd__lpflow_inputiso1p_1)
     1    0.00    0.04    0.10    2.26 ^ _1781_/X (sky130_fd_sc_hd__lpflow_inputiso1p_1)
                                         _1192_ (net)
                  0.04    0.00    2.26 ^ _1791_/A1 (sky130_fd_sc_hd__mux2_1)
     1    0.00    0.04    0.11    2.37 ^ _1791_/X (sky130_fd_sc_hd__mux2_1)
                                         _1218_ (net)
                  0.04    0.00    2.37 ^ _1790_/A0 (sky130_fd_sc_hd__mux2_1)
     2    0.01    0.06    0.13    2.50 ^ _1790_/X (sky130_fd_sc_hd__mux2_1)
                                         _0070_ (net)
                  0.06    0.00    2.50 ^ _1915_/A (sky130_fd_sc_hd__buf_2)
     1    0.04    0.18    0.20    2.69 ^ _1915_/X (sky130_fd_sc_hd__buf_2)
                                         result[5] (net)
                  0.18    0.00    2.70 ^ result[5] (out)
                                  2.70   data arrival time

                  0.15    0.00    0.00   clock fake_clk (rise edge)
                          0.00    0.00   clock network delay (ideal)
                          0.25    0.25   clock uncertainty
                          0.00    0.25   clock reconvergence pessimism
                         -2.00   -1.75   output external delay
                                 -1.75   data required time
-----------------------------------------------------------------------------
                                 -1.75   data required time
                                 -2.70   data arrival time
-----------------------------------------------------------------------------
                                  4.45   slack (MET)


Startpoint: b[21] (input port clocked by fake_clk)
Endpoint: result[21] (output port clocked by fake_clk)
Path Group: fake_clk
Path Type: min

Fanout     Cap    Slew   Delay    Time   Description
-----------------------------------------------------------------------------
                  0.15    0.00    0.00   clock fake_clk (rise edge)
                          0.00    0.00   clock network delay (ideal)
                          2.00    2.00 ^ input external delay
     2    0.01    0.03    0.02    2.02 ^ b[21] (in)
                                         b[21] (net)
                  0.03    0.00    2.02 ^ _1606_/A0 (sky130_fd_sc_hd__mux2_1)
     4    0.01    0.10    0.15    2.17 ^ _1606_/X (sky130_fd_sc_hd__mux2_1)
                                         _0658_ (net)
                  0.10    0.00    2.17 ^ _1599_/A (sky130_fd_sc_hd__lpflow_inputiso1p_1)
     1    0.00    0.04    0.10    2.27 ^ _1599_/X (sky130_fd_sc_hd__lpflow_inputiso1p_1)
                                         _0659_ (net)
                  0.04    0.00    2.27 ^ _1609_/A1 (sky130_fd_sc_hd__mux2_1)
     1    0.00    0.04    0.10    2.37 ^ _1609_/X (sky130_fd_sc_hd__mux2_1)
                                         _0685_ (net)
                  0.04    0.00    2.37 ^ _1608_/A0 (sky130_fd_sc_hd__mux2_1)
     2    0.01    0.06    0.12    2.49 ^ _1608_/X (sky130_fd_sc_hd__mux2_1)
                                         _0056_ (net)
                  0.06    0.00    2.49 ^ _1931_/A (sky130_fd_sc_hd__buf_2)
     1    0.04    0.18    0.20    2.69 ^ _1931_/X (sky130_fd_sc_hd__buf_2)
                                         result[21] (net)
                  0.18    0.00    2.70 ^ result[21] (out)
                                  2.70   data arrival time

                  0.15    0.00    0.00   clock fake_clk (rise edge)
                          0.00    0.00   clock network delay (ideal)
                          0.25    0.25   clock uncertainty
                          0.00    0.25   clock reconvergence pessimism
                         -2.00   -1.75   output external delay
                                 -1.75   data required time
-----------------------------------------------------------------------------
                                 -1.75   data required time
                                 -2.70   data arrival time
-----------------------------------------------------------------------------
                                  4.45   slack (MET)


Startpoint: b[6] (input port clocked by fake_clk)
Endpoint: result[6] (output port clocked by fake_clk)
Path Group: fake_clk
Path Type: min

Fanout     Cap    Slew   Delay    Time   Description
-----------------------------------------------------------------------------
                  0.15    0.00    0.00   clock fake_clk (rise edge)
                          0.00    0.00   clock network delay (ideal)
                          2.00    2.00 ^ input external delay
     2    0.01    0.04    0.03    2.03 ^ b[6] (in)
                                         b[6] (net)
                  0.04    0.00    2.03 ^ _1802_/A0 (sky130_fd_sc_hd__mux2_1)
     4    0.01    0.10    0.15    2.18 ^ _1802_/X (sky130_fd_sc_hd__mux2_1)
                                         _1232_ (net)
                  0.10    0.00    2.18 ^ _1795_/A (sky130_fd_sc_hd__lpflow_inputiso1p_1)
     1    0.00    0.03    0.10    2.27 ^ _1795_/X (sky130_fd_sc_hd__lpflow_inputiso1p_1)
                                         _1233_ (net)
                  0.03    0.00    2.27 ^ _1805_/A1 (sky130_fd_sc_hd__mux2_1)
     1    0.00    0.04    0.10    2.38 ^ _1805_/X (sky130_fd_sc_hd__mux2_1)
                                         _1259_ (net)
                  0.04    0.00    2.38 ^ _1804_/A0 (sky130_fd_sc_hd__mux2_1)
     2    0.00    0.06    0.12    2.50 ^ _1804_/X (sky130_fd_sc_hd__mux2_1)
                                         _0071_ (net)
                  0.06    0.00    2.50 ^ _1916_/A (sky130_fd_sc_hd__buf_2)
     1    0.04    0.18    0.20    2.70 ^ _1916_/X (sky130_fd_sc_hd__buf_2)
                                         result[6] (net)
                  0.18    0.00    2.70 ^ result[6] (out)
                                  2.70   data arrival time

                  0.15    0.00    0.00   clock fake_clk (rise edge)
                          0.00    0.00   clock network delay (ideal)
                          0.25    0.25   clock uncertainty
                          0.00    0.25   clock reconvergence pessimism
                         -2.00   -1.75   output external delay
                                 -1.75   data required time
-----------------------------------------------------------------------------
                                 -1.75   data required time
                                 -2.70   data arrival time
-----------------------------------------------------------------------------
                                  4.45   slack (MET)


Startpoint: b[9] (input port clocked by fake_clk)
Endpoint: result[9] (output port clocked by fake_clk)
Path Group: fake_clk
Path Type: min

Fanout     Cap    Slew   Delay    Time   Description
-----------------------------------------------------------------------------
                  0.15    0.00    0.00   clock fake_clk (rise edge)
                          0.00    0.00   clock network delay (ideal)
                          2.00    2.00 ^ input external delay
     2    0.01    0.04    0.02    2.02 ^ b[9] (in)
                                         b[9] (net)
                  0.04    0.00    2.02 ^ _1844_/A0 (sky130_fd_sc_hd__mux2_1)
     4    0.01    0.10    0.15    2.17 ^ _1844_/X (sky130_fd_sc_hd__mux2_1)
                                         _1355_ (net)
                  0.10    0.00    2.17 ^ _1837_/A (sky130_fd_sc_hd__lpflow_inputiso1p_1)
     1    0.00    0.04    0.10    2.27 ^ _1837_/X (sky130_fd_sc_hd__lpflow_inputiso1p_1)
                                         _1356_ (net)
                  0.04    0.00    2.27 ^ _1847_/A1 (sky130_fd_sc_hd__mux2_1)
     1    0.00    0.04    0.11    2.38 ^ _1847_/X (sky130_fd_sc_hd__mux2_1)
                                         _1382_ (net)
                  0.04    0.00    2.38 ^ _1846_/A0 (sky130_fd_sc_hd__mux2_1)
     2    0.01    0.06    0.12    2.50 ^ _1846_/X (sky130_fd_sc_hd__mux2_1)
                                         _0074_ (net)
                  0.06    0.00    2.50 ^ _1919_/A (sky130_fd_sc_hd__buf_2)
     1    0.04    0.18    0.20    2.70 ^ _1919_/X (sky130_fd_sc_hd__buf_2)
                                         result[9] (net)
                  0.18    0.00    2.70 ^ result[9] (out)
                                  2.70   data arrival time

                  0.15    0.00    0.00   clock fake_clk (rise edge)
                          0.00    0.00   clock network delay (ideal)
                          0.25    0.25   clock uncertainty
                          0.00    0.25   clock reconvergence pessimism
                         -2.00   -1.75   output external delay
                                 -1.75   data required time
-----------------------------------------------------------------------------
                                 -1.75   data required time
                                 -2.70   data arrival time
-----------------------------------------------------------------------------
                                  4.45   slack (MET)


Startpoint: b[2] (input port clocked by fake_clk)
Endpoint: result[2] (output port clocked by fake_clk)
Path Group: fake_clk
Path Type: min

Fanout     Cap    Slew   Delay    Time   Description
-----------------------------------------------------------------------------
                  0.15    0.00    0.00   clock fake_clk (rise edge)
                          0.00    0.00   clock network delay (ideal)
                          2.00    2.00 ^ input external delay
     2    0.01    0.03    0.02    2.02 ^ b[2] (in)
                                         b[2] (net)
                  0.03    0.00    2.02 ^ _1732_/A0 (sky130_fd_sc_hd__mux2_1)
     4    0.01    0.10    0.15    2.17 ^ _1732_/X (sky130_fd_sc_hd__mux2_1)
                                         _1027_ (net)
                  0.10    0.00    2.17 ^ _1725_/A (sky130_fd_sc_hd__lpflow_inputiso1p_1)
     1    0.00    0.04    0.10    2.27 ^ _1725_/X (sky130_fd_sc_hd__lpflow_inputiso1p_1)
                                         _1028_ (net)
                  0.04    0.00    2.27 ^ _1735_/A1 (sky130_fd_sc_hd__mux2_1)
     1    0.00    0.04    0.11    2.38 ^ _1735_/X (sky130_fd_sc_hd__mux2_1)
                                         _1054_ (net)
                  0.04    0.00    2.38 ^ _1734_/A0 (sky130_fd_sc_hd__mux2_1)
     2    0.01    0.06    0.12    2.50 ^ _1734_/X (sky130_fd_sc_hd__mux2_1)
                                         _0065_ (net)
                  0.06    0.00    2.50 ^ _1912_/A (sky130_fd_sc_hd__buf_2)
     1    0.04    0.18    0.20    2.70 ^ _1912_/X (sky130_fd_sc_hd__buf_2)
                                         result[2] (net)
                  0.18    0.00    2.70 ^ result[2] (out)
                                  2.70   data arrival time

                  0.15    0.00    0.00   clock fake_clk (rise edge)
                          0.00    0.00   clock network delay (ideal)
                          0.25    0.25   clock uncertainty
                          0.00    0.25   clock reconvergence pessimism
                         -2.00   -1.75   output external delay
                                 -1.75   data required time
-----------------------------------------------------------------------------
                                 -1.75   data required time
                                 -2.70   data arrival time
-----------------------------------------------------------------------------
                                  4.45   slack (MET)


Startpoint: b[29] (input port clocked by fake_clk)
Endpoint: result[29] (output port clocked by fake_clk)
Path Group: fake_clk
Path Type: min

Fanout     Cap    Slew   Delay    Time   Description
-----------------------------------------------------------------------------
                  0.15    0.00    0.00   clock fake_clk (rise edge)
                          0.00    0.00   clock network delay (ideal)
                          2.00    2.00 ^ input external delay
     2    0.01    0.04    0.02    2.02 ^ b[29] (in)
                                         b[29] (net)
                  0.04    0.00    2.02 ^ _1718_/A0 (sky130_fd_sc_hd__mux2_1)
     4    0.01    0.10    0.15    2.17 ^ _1718_/X (sky130_fd_sc_hd__mux2_1)
                                         _0986_ (net)
                  0.10    0.00    2.17 ^ _1711_/A (sky130_fd_sc_hd__lpflow_inputiso1p_1)
     1    0.00    0.04    0.10    2.27 ^ _1711_/X (sky130_fd_sc_hd__lpflow_inputiso1p_1)
                                         _0987_ (net)
                  0.04    0.00    2.27 ^ _1721_/A1 (sky130_fd_sc_hd__mux2_1)
     1    0.00    0.04    0.11    2.37 ^ _1721_/X (sky130_fd_sc_hd__mux2_1)
                                         _1013_ (net)
                  0.04    0.00    2.37 ^ _1720_/A0 (sky130_fd_sc_hd__mux2_1)
     2    0.01    0.06    0.12    2.50 ^ _1720_/X (sky130_fd_sc_hd__mux2_1)
                                         _0064_ (net)
                  0.06    0.00    2.50 ^ _1939_/A (sky130_fd_sc_hd__buf_2)
     1    0.04    0.18    0.20    2.70 ^ _1939_/X (sky130_fd_sc_hd__buf_2)
                                         result[29] (net)
                  0.18    0.00    2.70 ^ result[29] (out)
                                  2.70   data arrival time

                  0.15    0.00    0.00   clock fake_clk (rise edge)
                          0.00    0.00   clock network delay (ideal)
                          0.25    0.25   clock uncertainty
                          0.00    0.25   clock reconvergence pessimism
                         -2.00   -1.75   output external delay
                                 -1.75   data required time
-----------------------------------------------------------------------------
                                 -1.75   data required time
                                 -2.70   data arrival time
-----------------------------------------------------------------------------
                                  4.45   slack (MET)


Startpoint: b[13] (input port clocked by fake_clk)
Endpoint: result[13] (output port clocked by fake_clk)
Path Group: fake_clk
Path Type: min

Fanout     Cap    Slew   Delay    Time   Description
-----------------------------------------------------------------------------
                  0.15    0.00    0.00   clock fake_clk (rise edge)
                          0.00    0.00   clock network delay (ideal)
                          2.00    2.00 ^ input external delay
     2    0.01    0.04    0.02    2.02 ^ b[13] (in)
                                         b[13] (net)
                  0.04    0.00    2.02 ^ _1480_/A0 (sky130_fd_sc_hd__mux2_1)
     4    0.01    0.10    0.15    2.17 ^ _1480_/X (sky130_fd_sc_hd__mux2_1)
                                         _0289_ (net)
                  0.10    0.00    2.17 ^ _1473_/A (sky130_fd_sc_hd__lpflow_inputiso1p_1)
     1    0.00    0.03    0.10    2.27 ^ _1473_/X (sky130_fd_sc_hd__lpflow_inputiso1p_1)
                                         _0290_ (net)
                  0.03    0.00    2.27 ^ _1483_/A1 (sky130_fd_sc_hd__mux2_1)
     1    0.00    0.04    0.11    2.37 ^ _1483_/X (sky130_fd_sc_hd__mux2_1)
                                         _0316_ (net)
                  0.04    0.00    2.37 ^ _1482_/A0 (sky130_fd_sc_hd__mux2_1)
     2    0.01    0.06    0.12    2.50 ^ _1482_/X (sky130_fd_sc_hd__mux2_1)
                                         _0047_ (net)
                  0.06    0.00    2.50 ^ _1923_/A (sky130_fd_sc_hd__buf_2)
     1    0.04    0.18    0.20    2.70 ^ _1923_/X (sky130_fd_sc_hd__buf_2)
                                         result[13] (net)
                  0.18    0.00    2.70 ^ result[13] (out)
                                  2.70   data arrival time

                  0.15    0.00    0.00   clock fake_clk (rise edge)
                          0.00    0.00   clock network delay (ideal)
                          0.25    0.25   clock uncertainty
                          0.00    0.25   clock reconvergence pessimism
                         -2.00   -1.75   output external delay
                                 -1.75   data required time
-----------------------------------------------------------------------------
                                 -1.75   data required time
                                 -2.70   data arrival time
-----------------------------------------------------------------------------
                                  4.45   slack (MET)


Startpoint: b[10] (input port clocked by fake_clk)
Endpoint: result[10] (output port clocked by fake_clk)
Path Group: fake_clk
Path Type: min

Fanout     Cap    Slew   Delay    Time   Description
-----------------------------------------------------------------------------
                  0.15    0.00    0.00   clock fake_clk (rise edge)
                          0.00    0.00   clock network delay (ideal)
                          2.00    2.00 ^ input external delay
     2    0.01    0.03    0.02    2.02 ^ b[10] (in)
                                         b[10] (net)
                  0.03    0.00    2.02 ^ _1438_/A0 (sky130_fd_sc_hd__mux2_1)
     4    0.01    0.10    0.15    2.17 ^ _1438_/X (sky130_fd_sc_hd__mux2_1)
                                         _0166_ (net)
                  0.10    0.00    2.17 ^ _1431_/A (sky130_fd_sc_hd__lpflow_inputiso1p_1)
     1    0.00    0.04    0.10    2.27 ^ _1431_/X (sky130_fd_sc_hd__lpflow_inputiso1p_1)
                                         _0167_ (net)
                  0.04    0.00    2.27 ^ _1441_/A1 (sky130_fd_sc_hd__mux2_1)
     1    0.00    0.04    0.11    2.37 ^ _1441_/X (sky130_fd_sc_hd__mux2_1)
                                         _0193_ (net)
                  0.04    0.00    2.37 ^ _1440_/A0 (sky130_fd_sc_hd__mux2_1)
     2    0.00    0.06    0.12    2.50 ^ _1440_/X (sky130_fd_sc_hd__mux2_1)
                                         _0044_ (net)
                  0.06    0.00    2.50 ^ _1920_/A (sky130_fd_sc_hd__buf_2)
     1    0.04    0.18    0.20    2.70 ^ _1920_/X (sky130_fd_sc_hd__buf_2)
                                         result[10] (net)
                  0.18    0.00    2.70 ^ result[10] (out)
                                  2.70   data arrival time

                  0.15    0.00    0.00   clock fake_clk (rise edge)
                          0.00    0.00   clock network delay (ideal)
                          0.25    0.25   clock uncertainty
                          0.00    0.25   clock reconvergence pessimism
                         -2.00   -1.75   output external delay
                                 -1.75   data required time
-----------------------------------------------------------------------------
                                 -1.75   data required time
                                 -2.70   data arrival time
-----------------------------------------------------------------------------
                                  4.45   slack (MET)


Startpoint: b[18] (input port clocked by fake_clk)
Endpoint: result[18] (output port clocked by fake_clk)
Path Group: fake_clk
Path Type: min

Fanout     Cap    Slew   Delay    Time   Description
-----------------------------------------------------------------------------
                  0.15    0.00    0.00   clock fake_clk (rise edge)
                          0.00    0.00   clock network delay (ideal)
                          2.00    2.00 ^ input external delay
     2    0.01    0.04    0.02    2.02 ^ b[18] (in)
                                         b[18] (net)
                  0.04    0.00    2.02 ^ _1550_/A0 (sky130_fd_sc_hd__mux2_1)
     4    0.01    0.10    0.15    2.17 ^ _1550_/X (sky130_fd_sc_hd__mux2_1)
                                         _0494_ (net)
                  0.10    0.00    2.17 ^ _1543_/A (sky130_fd_sc_hd__lpflow_inputiso1p_1)
     1    0.00    0.04    0.10    2.27 ^ _1543_/X (sky130_fd_sc_hd__lpflow_inputiso1p_1)
                                         _0495_ (net)
                  0.04    0.00    2.27 ^ _1553_/A1 (sky130_fd_sc_hd__mux2_1)
     1    0.00    0.04    0.11    2.38 ^ _1553_/X (sky130_fd_sc_hd__mux2_1)
                                         _0521_ (net)
                  0.04    0.00    2.38 ^ _1552_/A0 (sky130_fd_sc_hd__mux2_1)
     2    0.01    0.06    0.12    2.50 ^ _1552_/X (sky130_fd_sc_hd__mux2_1)
                                         _0052_ (net)
                  0.06    0.00    2.50 ^ _1928_/A (sky130_fd_sc_hd__buf_2)
     1    0.04    0.18    0.20    2.70 ^ _1928_/X (sky130_fd_sc_hd__buf_2)
                                         result[18] (net)
                  0.18    0.00    2.70 ^ result[18] (out)
                                  2.70   data arrival time

                  0.15    0.00    0.00   clock fake_clk (rise edge)
                          0.00    0.00   clock network delay (ideal)
                          0.25    0.25   clock uncertainty
                          0.00    0.25   clock reconvergence pessimism
                         -2.00   -1.75   output external delay
                                 -1.75   data required time
-----------------------------------------------------------------------------
                                 -1.75   data required time
                                 -2.70   data arrival time
-----------------------------------------------------------------------------
                                  4.45   slack (MET)


Startpoint: b[11] (input port clocked by fake_clk)
Endpoint: result[11] (output port clocked by fake_clk)
Path Group: fake_clk
Path Type: min

Fanout     Cap    Slew   Delay    Time   Description
-----------------------------------------------------------------------------
                  0.15    0.00    0.00   clock fake_clk (rise edge)
                          0.00    0.00   clock network delay (ideal)
                          2.00    2.00 ^ input external delay
     2    0.01    0.03    0.02    2.02 ^ b[11] (in)
                                         b[11] (net)
                  0.03    0.00    2.02 ^ _1452_/A0 (sky130_fd_sc_hd__mux2_1)
     4    0.01    0.10    0.15    2.17 ^ _1452_/X (sky130_fd_sc_hd__mux2_1)
                                         _0207_ (net)
                  0.10    0.00    2.17 ^ _1445_/A (sky130_fd_sc_hd__lpflow_inputiso1p_1)
     1    0.00    0.04    0.10    2.27 ^ _1445_/X (sky130_fd_sc_hd__lpflow_inputiso1p_1)
                                         _0208_ (net)
                  0.04    0.00    2.27 ^ _1455_/A1 (sky130_fd_sc_hd__mux2_1)
     1    0.00    0.04    0.11    2.37 ^ _1455_/X (sky130_fd_sc_hd__mux2_1)
                                         _0234_ (net)
                  0.04    0.00    2.37 ^ _1454_/A0 (sky130_fd_sc_hd__mux2_1)
     2    0.01    0.06    0.13    2.50 ^ _1454_/X (sky130_fd_sc_hd__mux2_1)
                                         _0045_ (net)
                  0.06    0.00    2.50 ^ _1921_/A (sky130_fd_sc_hd__buf_2)
     1    0.04    0.18    0.20    2.70 ^ _1921_/X (sky130_fd_sc_hd__buf_2)
                                         result[11] (net)
                  0.18    0.00    2.70 ^ result[11] (out)
                                  2.70   data arrival time

                  0.15    0.00    0.00   clock fake_clk (rise edge)
                          0.00    0.00   clock network delay (ideal)
                          0.25    0.25   clock uncertainty
                          0.00    0.25   clock reconvergence pessimism
                         -2.00   -1.75   output external delay
                                 -1.75   data required time
-----------------------------------------------------------------------------
                                 -1.75   data required time
                                 -2.70   data arrival time
-----------------------------------------------------------------------------
                                  4.45   slack (MET)


Startpoint: b[30] (input port clocked by fake_clk)
Endpoint: result[30] (output port clocked by fake_clk)
Path Group: fake_clk
Path Type: min

Fanout     Cap    Slew   Delay    Time   Description
-----------------------------------------------------------------------------
                  0.15    0.00    0.00   clock fake_clk (rise edge)
                          0.00    0.00   clock network delay (ideal)
                          2.00    2.00 ^ input external delay
     2    0.01    0.03    0.02    2.02 ^ b[30] (in)
                                         b[30] (net)
                  0.03    0.00    2.02 ^ _1746_/A0 (sky130_fd_sc_hd__mux2_1)
     4    0.01    0.10    0.15    2.17 ^ _1746_/X (sky130_fd_sc_hd__mux2_1)
                                         _1068_ (net)
                  0.10    0.00    2.17 ^ _1739_/A (sky130_fd_sc_hd__lpflow_inputiso1p_1)
     1    0.00    0.04    0.10    2.27 ^ _1739_/X (sky130_fd_sc_hd__lpflow_inputiso1p_1)
                                         _1069_ (net)
                  0.04    0.00    2.27 ^ _1749_/A1 (sky130_fd_sc_hd__mux2_1)
     1    0.00    0.04    0.11    2.37 ^ _1749_/X (sky130_fd_sc_hd__mux2_1)
                                         _1095_ (net)
                  0.04    0.00    2.37 ^ _1748_/A0 (sky130_fd_sc_hd__mux2_1)
     2    0.01    0.06    0.12    2.50 ^ _1748_/X (sky130_fd_sc_hd__mux2_1)
                                         _0066_ (net)
                  0.06    0.00    2.50 ^ _1940_/A (sky130_fd_sc_hd__buf_2)
     1    0.04    0.18    0.20    2.70 ^ _1940_/X (sky130_fd_sc_hd__buf_2)
                                         result[30] (net)
                  0.18    0.00    2.70 ^ result[30] (out)
                                  2.70   data arrival time

                  0.15    0.00    0.00   clock fake_clk (rise edge)
                          0.00    0.00   clock network delay (ideal)
                          0.25    0.25   clock uncertainty
                          0.00    0.25   clock reconvergence pessimism
                         -2.00   -1.75   output external delay
                                 -1.75   data required time
-----------------------------------------------------------------------------
                                 -1.75   data required time
                                 -2.70   data arrival time
-----------------------------------------------------------------------------
                                  4.45   slack (MET)


Startpoint: b[14] (input port clocked by fake_clk)
Endpoint: result[14] (output port clocked by fake_clk)
Path Group: fake_clk
Path Type: min

Fanout     Cap    Slew   Delay    Time   Description
-----------------------------------------------------------------------------
                  0.15    0.00    0.00   clock fake_clk (rise edge)
                          0.00    0.00   clock network delay (ideal)
                          2.00    2.00 ^ input external delay
     2    0.01    0.04    0.02    2.02 ^ b[14] (in)
                                         b[14] (net)
                  0.04    0.00    2.02 ^ _1494_/A0 (sky130_fd_sc_hd__mux2_1)
     4    0.01    0.10    0.15    2.18 ^ _1494_/X (sky130_fd_sc_hd__mux2_1)
                                         _0330_ (net)
                  0.10    0.00    2.18 ^ _1487_/A (sky130_fd_sc_hd__lpflow_inputiso1p_1)
     1    0.00    0.04    0.10    2.27 ^ _1487_/X (sky130_fd_sc_hd__lpflow_inputiso1p_1)
                                         _0331_ (net)
                  0.04    0.00    2.27 ^ _1497_/A1 (sky130_fd_sc_hd__mux2_1)
     1    0.00    0.04    0.11    2.38 ^ _1497_/X (sky130_fd_sc_hd__mux2_1)
                                         _0357_ (net)
                  0.04    0.00    2.38 ^ _1496_/A0 (sky130_fd_sc_hd__mux2_1)
     2    0.01    0.06    0.12    2.50 ^ _1496_/X (sky130_fd_sc_hd__mux2_1)
                                         _0048_ (net)
                  0.06    0.00    2.50 ^ _1924_/A (sky130_fd_sc_hd__buf_2)
     1    0.04    0.18    0.20    2.70 ^ _1924_/X (sky130_fd_sc_hd__buf_2)
                                         result[14] (net)
                  0.18    0.00    2.70 ^ result[14] (out)
                                  2.70   data arrival time

                  0.15    0.00    0.00   clock fake_clk (rise edge)
                          0.00    0.00   clock network delay (ideal)
                          0.25    0.25   clock uncertainty
                          0.00    0.25   clock reconvergence pessimism
                         -2.00   -1.75   output external delay
                                 -1.75   data required time
-----------------------------------------------------------------------------
                                 -1.75   data required time
                                 -2.70   data arrival time
-----------------------------------------------------------------------------
                                  4.45   slack (MET)


Startpoint: b[20] (input port clocked by fake_clk)
Endpoint: result[20] (output port clocked by fake_clk)
Path Group: fake_clk
Path Type: min

Fanout     Cap    Slew   Delay    Time   Description
-----------------------------------------------------------------------------
                  0.15    0.00    0.00   clock fake_clk (rise edge)
                          0.00    0.00   clock network delay (ideal)
                          2.00    2.00 ^ input external delay
     2    0.01    0.03    0.02    2.02 ^ b[20] (in)
                                         b[20] (net)
                  0.03    0.00    2.02 ^ _1592_/A0 (sky130_fd_sc_hd__mux2_1)
     4    0.01    0.10    0.15    2.17 ^ _1592_/X (sky130_fd_sc_hd__mux2_1)
                                         _0617_ (net)
                  0.10    0.00    2.17 ^ _1585_/A (sky130_fd_sc_hd__lpflow_inputiso1p_1)
     1    0.00    0.04    0.10    2.27 ^ _1585_/X (sky130_fd_sc_hd__lpflow_inputiso1p_1)
                                         _0618_ (net)
                  0.04    0.00    2.27 ^ _1595_/A1 (sky130_fd_sc_hd__mux2_1)
     1    0.00    0.04    0.10    2.37 ^ _1595_/X (sky130_fd_sc_hd__mux2_1)
                                         _0644_ (net)
                  0.04    0.00    2.37 ^ _1594_/A0 (sky130_fd_sc_hd__mux2_1)
     2    0.01    0.07    0.13    2.50 ^ _1594_/X (sky130_fd_sc_hd__mux2_1)
                                         _0055_ (net)
                  0.07    0.00    2.50 ^ _1930_/A (sky130_fd_sc_hd__buf_2)
     1    0.04    0.18    0.20    2.70 ^ _1930_/X (sky130_fd_sc_hd__buf_2)
                                         result[20] (net)
                  0.18    0.00    2.70 ^ result[20] (out)
                                  2.70   data arrival time

                  0.15    0.00    0.00   clock fake_clk (rise edge)
                          0.00    0.00   clock network delay (ideal)
                          0.25    0.25   clock uncertainty
                          0.00    0.25   clock reconvergence pessimism
                         -2.00   -1.75   output external delay
                                 -1.75   data required time
-----------------------------------------------------------------------------
                                 -1.75   data required time
                                 -2.70   data arrival time
-----------------------------------------------------------------------------
                                  4.45   slack (MET)


Startpoint: b[25] (input port clocked by fake_clk)
Endpoint: result[25] (output port clocked by fake_clk)
Path Group: fake_clk
Path Type: min

Fanout     Cap    Slew   Delay    Time   Description
-----------------------------------------------------------------------------
                  0.15    0.00    0.00   clock fake_clk (rise edge)
                          0.00    0.00   clock network delay (ideal)
                          2.00    2.00 ^ input external delay
     2    0.01    0.04    0.02    2.02 ^ b[25] (in)
                                         b[25] (net)
                  0.04    0.00    2.02 ^ _1662_/A0 (sky130_fd_sc_hd__mux2_1)
     4    0.01    0.10    0.15    2.17 ^ _1662_/X (sky130_fd_sc_hd__mux2_1)
                                         _0822_ (net)
                  0.10    0.00    2.17 ^ _1655_/A (sky130_fd_sc_hd__lpflow_inputiso1p_1)
     1    0.00    0.04    0.10    2.27 ^ _1655_/X (sky130_fd_sc_hd__lpflow_inputiso1p_1)
                                         _0823_ (net)
                  0.04    0.00    2.27 ^ _1665_/A1 (sky130_fd_sc_hd__mux2_1)
     1    0.00    0.04    0.10    2.37 ^ _1665_/X (sky130_fd_sc_hd__mux2_1)
                                         _0849_ (net)
                  0.04    0.00    2.37 ^ _1664_/A0 (sky130_fd_sc_hd__mux2_1)
     2    0.01    0.06    0.12    2.50 ^ _1664_/X (sky130_fd_sc_hd__mux2_1)
                                         _0060_ (net)
                  0.06    0.00    2.50 ^ _1935_/A (sky130_fd_sc_hd__buf_2)
     1    0.04    0.18    0.20    2.70 ^ _1935_/X (sky130_fd_sc_hd__buf_2)
                                         result[25] (net)
                  0.18    0.00    2.70 ^ result[25] (out)
                                  2.70   data arrival time

                  0.15    0.00    0.00   clock fake_clk (rise edge)
                          0.00    0.00   clock network delay (ideal)
                          0.25    0.25   clock uncertainty
                          0.00    0.25   clock reconvergence pessimism
                         -2.00   -1.75   output external delay
                                 -1.75   data required time
-----------------------------------------------------------------------------
                                 -1.75   data required time
                                 -2.70   data arrival time
-----------------------------------------------------------------------------
                                  4.45   slack (MET)


Startpoint: b[19] (input port clocked by fake_clk)
Endpoint: result[19] (output port clocked by fake_clk)
Path Group: fake_clk
Path Type: min

Fanout     Cap    Slew   Delay    Time   Description
-----------------------------------------------------------------------------
                  0.15    0.00    0.00   clock fake_clk (rise edge)
                          0.00    0.00   clock network delay (ideal)
                          2.00    2.00 ^ input external delay
     2    0.01    0.04    0.02    2.02 ^ b[19] (in)
                                         b[19] (net)
                  0.04    0.00    2.02 ^ _1564_/A0 (sky130_fd_sc_hd__mux2_1)
     4    0.01    0.10    0.15    2.17 ^ _1564_/X (sky130_fd_sc_hd__mux2_1)
                                         _0535_ (net)
                  0.10    0.00    2.17 ^ _1557_/A (sky130_fd_sc_hd__lpflow_inputiso1p_1)
     1    0.00    0.04    0.10    2.27 ^ _1557_/X (sky130_fd_sc_hd__lpflow_inputiso1p_1)
                                         _0536_ (net)
                  0.04    0.00    2.27 ^ _1567_/A1 (sky130_fd_sc_hd__mux2_1)
     1    0.00    0.04    0.11    2.38 ^ _1567_/X (sky130_fd_sc_hd__mux2_1)
                                         _0562_ (net)
                  0.04    0.00    2.38 ^ _1566_/A0 (sky130_fd_sc_hd__mux2_1)
     2    0.01    0.06    0.12    2.50 ^ _1566_/X (sky130_fd_sc_hd__mux2_1)
                                         _0053_ (net)
                  0.06    0.00    2.50 ^ _1929_/A (sky130_fd_sc_hd__buf_2)
     1    0.04    0.18    0.20    2.70 ^ _1929_/X (sky130_fd_sc_hd__buf_2)
                                         result[19] (net)
                  0.18    0.00    2.70 ^ result[19] (out)
                                  2.70   data arrival time

                  0.15    0.00    0.00   clock fake_clk (rise edge)
                          0.00    0.00   clock network delay (ideal)
                          0.25    0.25   clock uncertainty
                          0.00    0.25   clock reconvergence pessimism
                         -2.00   -1.75   output external delay
                                 -1.75   data required time
-----------------------------------------------------------------------------
                                 -1.75   data required time
                                 -2.70   data arrival time
-----------------------------------------------------------------------------
                                  4.45   slack (MET)


Startpoint: b[22] (input port clocked by fake_clk)
Endpoint: result[22] (output port clocked by fake_clk)
Path Group: fake_clk
Path Type: min

Fanout     Cap    Slew   Delay    Time   Description
-----------------------------------------------------------------------------
                  0.15    0.00    0.00   clock fake_clk (rise edge)
                          0.00    0.00   clock network delay (ideal)
                          2.00    2.00 ^ input external delay
     2    0.01    0.05    0.03    2.03 ^ b[22] (in)
                                         b[22] (net)
                  0.05    0.00    2.03 ^ _1620_/A0 (sky130_fd_sc_hd__mux2_1)
     4    0.01    0.10    0.15    2.18 ^ _1620_/X (sky130_fd_sc_hd__mux2_1)
                                         _0699_ (net)
                  0.10    0.00    2.18 ^ _1613_/A (sky130_fd_sc_hd__lpflow_inputiso1p_1)
     1    0.00    0.04    0.10    2.28 ^ _1613_/X (sky130_fd_sc_hd__lpflow_inputiso1p_1)
                                         _0700_ (net)
                  0.04    0.00    2.28 ^ _1623_/A1 (sky130_fd_sc_hd__mux2_1)
     1    0.00    0.04    0.10    2.38 ^ _1623_/X (sky130_fd_sc_hd__mux2_1)
                                         _0726_ (net)
                  0.04    0.00    2.38 ^ _1622_/A0 (sky130_fd_sc_hd__mux2_1)
     2    0.00    0.06    0.12    2.50 ^ _1622_/X (sky130_fd_sc_hd__mux2_1)
                                         _0057_ (net)
                  0.06    0.00    2.50 ^ _1932_/A (sky130_fd_sc_hd__buf_2)
     1    0.04    0.18    0.20    2.70 ^ _1932_/X (sky130_fd_sc_hd__buf_2)
                                         result[22] (net)
                  0.18    0.00    2.70 ^ result[22] (out)
                                  2.70   data arrival time

                  0.15    0.00    0.00   clock fake_clk (rise edge)
                          0.00    0.00   clock network delay (ideal)
                          0.25    0.25   clock uncertainty
                          0.00    0.25   clock reconvergence pessimism
                         -2.00   -1.75   output external delay
                                 -1.75   data required time
-----------------------------------------------------------------------------
                                 -1.75   data required time
                                 -2.70   data arrival time
-----------------------------------------------------------------------------
                                  4.45   slack (MET)


Startpoint: b[4] (input port clocked by fake_clk)
Endpoint: result[4] (output port clocked by fake_clk)
Path Group: fake_clk
Path Type: min

Fanout     Cap    Slew   Delay    Time   Description
-----------------------------------------------------------------------------
                  0.15    0.00    0.00   clock fake_clk (rise edge)
                          0.00    0.00   clock network delay (ideal)
                          2.00    2.00 ^ input external delay
     2    0.01    0.03    0.02    2.02 ^ b[4] (in)
                                         b[4] (net)
                  0.03    0.00    2.02 ^ _1774_/A0 (sky130_fd_sc_hd__mux2_1)
     4    0.01    0.10    0.15    2.17 ^ _1774_/X (sky130_fd_sc_hd__mux2_1)
                                         _1150_ (net)
                  0.10    0.00    2.17 ^ _1767_/A (sky130_fd_sc_hd__lpflow_inputiso1p_1)
     1    0.00    0.04    0.10    2.27 ^ _1767_/X (sky130_fd_sc_hd__lpflow_inputiso1p_1)
                                         _1151_ (net)
                  0.04    0.00    2.27 ^ _1777_/A1 (sky130_fd_sc_hd__mux2_1)
     1    0.00    0.04    0.11    2.37 ^ _1777_/X (sky130_fd_sc_hd__mux2_1)
                                         _1177_ (net)
                  0.04    0.00    2.37 ^ _1776_/A0 (sky130_fd_sc_hd__mux2_1)
     2    0.01    0.06    0.13    2.50 ^ _1776_/X (sky130_fd_sc_hd__mux2_1)
                                         _0069_ (net)
                  0.06    0.00    2.50 ^ _1914_/A (sky130_fd_sc_hd__buf_2)
     1    0.04    0.18    0.20    2.70 ^ _1914_/X (sky130_fd_sc_hd__buf_2)
                                         result[4] (net)
                  0.18    0.00    2.70 ^ result[4] (out)
                                  2.70   data arrival time

                  0.15    0.00    0.00   clock fake_clk (rise edge)
                          0.00    0.00   clock network delay (ideal)
                          0.25    0.25   clock uncertainty
                          0.00    0.25   clock reconvergence pessimism
                         -2.00   -1.75   output external delay
                                 -1.75   data required time
-----------------------------------------------------------------------------
                                 -1.75   data required time
                                 -2.70   data arrival time
-----------------------------------------------------------------------------
                                  4.45   slack (MET)


Startpoint: b[28] (input port clocked by fake_clk)
Endpoint: result[28] (output port clocked by fake_clk)
Path Group: fake_clk
Path Type: min

Fanout     Cap    Slew   Delay    Time   Description
-----------------------------------------------------------------------------
                  0.15    0.00    0.00   clock fake_clk (rise edge)
                          0.00    0.00   clock network delay (ideal)
                          2.00    2.00 ^ input external delay
     2    0.01    0.03    0.02    2.02 ^ b[28] (in)
                                         b[28] (net)
                  0.03    0.00    2.02 ^ _1704_/A0 (sky130_fd_sc_hd__mux2_1)
     4    0.01    0.10    0.15    2.17 ^ _1704_/X (sky130_fd_sc_hd__mux2_1)
                                         _0945_ (net)
                  0.10    0.00    2.17 ^ _1697_/A (sky130_fd_sc_hd__lpflow_inputiso1p_1)
     1    0.00    0.04    0.10    2.27 ^ _1697_/X (sky130_fd_sc_hd__lpflow_inputiso1p_1)
                                         _0946_ (net)
                  0.04    0.00    2.27 ^ _1707_/A1 (sky130_fd_sc_hd__mux2_1)
     1    0.00    0.04    0.11    2.38 ^ _1707_/X (sky130_fd_sc_hd__mux2_1)
                                         _0972_ (net)
                  0.04    0.00    2.38 ^ _1706_/A0 (sky130_fd_sc_hd__mux2_1)
     2    0.01    0.06    0.13    2.50 ^ _1706_/X (sky130_fd_sc_hd__mux2_1)
                                         _0063_ (net)
                  0.06    0.00    2.50 ^ _1938_/A (sky130_fd_sc_hd__buf_2)
     1    0.04    0.18    0.20    2.70 ^ _1938_/X (sky130_fd_sc_hd__buf_2)
                                         result[28] (net)
                  0.18    0.00    2.70 ^ result[28] (out)
                                  2.70   data arrival time

                  0.15    0.00    0.00   clock fake_clk (rise edge)
                          0.00    0.00   clock network delay (ideal)
                          0.25    0.25   clock uncertainty
                          0.00    0.25   clock reconvergence pessimism
                         -2.00   -1.75   output external delay
                                 -1.75   data required time
-----------------------------------------------------------------------------
                                 -1.75   data required time
                                 -2.70   data arrival time
-----------------------------------------------------------------------------
                                  4.45   slack (MET)


Startpoint: b[12] (input port clocked by fake_clk)
Endpoint: result[12] (output port clocked by fake_clk)
Path Group: fake_clk
Path Type: min

Fanout     Cap    Slew   Delay    Time   Description
-----------------------------------------------------------------------------
                  0.15    0.00    0.00   clock fake_clk (rise edge)
                          0.00    0.00   clock network delay (ideal)
                          2.00    2.00 ^ input external delay
     2    0.01    0.04    0.02    2.02 ^ b[12] (in)
                                         b[12] (net)
                  0.04    0.00    2.02 ^ _1466_/A0 (sky130_fd_sc_hd__mux2_1)
     4    0.01    0.10    0.15    2.17 ^ _1466_/X (sky130_fd_sc_hd__mux2_1)
                                         _0248_ (net)
                  0.10    0.00    2.17 ^ _1459_/A (sky130_fd_sc_hd__lpflow_inputiso1p_1)
     1    0.00    0.04    0.10    2.27 ^ _1459_/X (sky130_fd_sc_hd__lpflow_inputiso1p_1)
                                         _0249_ (net)
                  0.04    0.00    2.27 ^ _1469_/A1 (sky130_fd_sc_hd__mux2_1)
     1    0.00    0.04    0.11    2.38 ^ _1469_/X (sky130_fd_sc_hd__mux2_1)
                                         _0275_ (net)
                  0.04    0.00    2.38 ^ _1468_/A0 (sky130_fd_sc_hd__mux2_1)
     2    0.01    0.06    0.13    2.50 ^ _1468_/X (sky130_fd_sc_hd__mux2_1)
                                         _0046_ (net)
                  0.06    0.00    2.50 ^ _1922_/A (sky130_fd_sc_hd__buf_2)
     1    0.04    0.18    0.20    2.70 ^ _1922_/X (sky130_fd_sc_hd__buf_2)
                                         result[12] (net)
                  0.18    0.00    2.70 ^ result[12] (out)
                                  2.70   data arrival time

                  0.15    0.00    0.00   clock fake_clk (rise edge)
                          0.00    0.00   clock network delay (ideal)
                          0.25    0.25   clock uncertainty
                          0.00    0.25   clock reconvergence pessimism
                         -2.00   -1.75   output external delay
                                 -1.75   data required time
-----------------------------------------------------------------------------
                                 -1.75   data required time
                                 -2.70   data arrival time
-----------------------------------------------------------------------------
                                  4.45   slack (MET)


Startpoint: b[3] (input port clocked by fake_clk)
Endpoint: result[3] (output port clocked by fake_clk)
Path Group: fake_clk
Path Type: min

Fanout     Cap    Slew   Delay    Time   Description
-----------------------------------------------------------------------------
                  0.15    0.00    0.00   clock fake_clk (rise edge)
                          0.00    0.00   clock network delay (ideal)
                          2.00    2.00 ^ input external delay
     2    0.01    0.04    0.02    2.02 ^ b[3] (in)
                                         b[3] (net)
                  0.04    0.00    2.02 ^ _1760_/A0 (sky130_fd_sc_hd__mux2_1)
     4    0.01    0.10    0.15    2.17 ^ _1760_/X (sky130_fd_sc_hd__mux2_1)
                                         _1109_ (net)
                  0.10    0.00    2.17 ^ _1753_/A (sky130_fd_sc_hd__lpflow_inputiso1p_1)
     1    0.00    0.04    0.10    2.27 ^ _1753_/X (sky130_fd_sc_hd__lpflow_inputiso1p_1)
                                         _1110_ (net)
                  0.04    0.00    2.27 ^ _1763_/A1 (sky130_fd_sc_hd__mux2_1)
     1    0.00    0.04    0.11    2.38 ^ _1763_/X (sky130_fd_sc_hd__mux2_1)
                                         _1136_ (net)
                  0.04    0.00    2.38 ^ _1762_/A0 (sky130_fd_sc_hd__mux2_1)
     2    0.01    0.06    0.13    2.50 ^ _1762_/X (sky130_fd_sc_hd__mux2_1)
                                         _0068_ (net)
                  0.06    0.00    2.50 ^ _1913_/A (sky130_fd_sc_hd__buf_2)
     1    0.04    0.18    0.20    2.70 ^ _1913_/X (sky130_fd_sc_hd__buf_2)
                                         result[3] (net)
                  0.18    0.00    2.71 ^ result[3] (out)
                                  2.71   data arrival time

                  0.15    0.00    0.00   clock fake_clk (rise edge)
                          0.00    0.00   clock network delay (ideal)
                          0.25    0.25   clock uncertainty
                          0.00    0.25   clock reconvergence pessimism
                         -2.00   -1.75   output external delay
                                 -1.75   data required time
-----------------------------------------------------------------------------
                                 -1.75   data required time
                                 -2.71   data arrival time
-----------------------------------------------------------------------------
                                  4.46   slack (MET)


Startpoint: b[24] (input port clocked by fake_clk)
Endpoint: result[24] (output port clocked by fake_clk)
Path Group: fake_clk
Path Type: min

Fanout     Cap    Slew   Delay    Time   Description
-----------------------------------------------------------------------------
                  0.15    0.00    0.00   clock fake_clk (rise edge)
                          0.00    0.00   clock network delay (ideal)
                          2.00    2.00 ^ input external delay
     2    0.01    0.04    0.03    2.03 ^ b[24] (in)
                                         b[24] (net)
                  0.04    0.00    2.03 ^ _1648_/A0 (sky130_fd_sc_hd__mux2_1)
     4    0.01    0.10    0.15    2.18 ^ _1648_/X (sky130_fd_sc_hd__mux2_1)
                                         _0781_ (net)
                  0.10    0.00    2.18 ^ _1641_/A (sky130_fd_sc_hd__lpflow_inputiso1p_1)
     1    0.00    0.04    0.10    2.28 ^ _1641_/X (sky130_fd_sc_hd__lpflow_inputiso1p_1)
                                         _0782_ (net)
                  0.04    0.00    2.28 ^ _1651_/A1 (sky130_fd_sc_hd__mux2_1)
     1    0.00    0.04    0.10    2.38 ^ _1651_/X (sky130_fd_sc_hd__mux2_1)
                                         _0808_ (net)
                  0.04    0.00    2.38 ^ _1650_/A0 (sky130_fd_sc_hd__mux2_1)
     2    0.00    0.06    0.12    2.50 ^ _1650_/X (sky130_fd_sc_hd__mux2_1)
                                         _0059_ (net)
                  0.06    0.00    2.50 ^ _1934_/A (sky130_fd_sc_hd__buf_2)
     1    0.04    0.18    0.20    2.70 ^ _1934_/X (sky130_fd_sc_hd__buf_2)
                                         result[24] (net)
                  0.18    0.00    2.71 ^ result[24] (out)
                                  2.71   data arrival time

                  0.15    0.00    0.00   clock fake_clk (rise edge)
                          0.00    0.00   clock network delay (ideal)
                          0.25    0.25   clock uncertainty
                          0.00    0.25   clock reconvergence pessimism
                         -2.00   -1.75   output external delay
                                 -1.75   data required time
-----------------------------------------------------------------------------
                                 -1.75   data required time
                                 -2.71   data arrival time
-----------------------------------------------------------------------------
                                  4.46   slack (MET)


Startpoint: b[8] (input port clocked by fake_clk)
Endpoint: result[8] (output port clocked by fake_clk)
Path Group: fake_clk
Path Type: min

Fanout     Cap    Slew   Delay    Time   Description
-----------------------------------------------------------------------------
                  0.15    0.00    0.00   clock fake_clk (rise edge)
                          0.00    0.00   clock network delay (ideal)
                          2.00    2.00 ^ input external delay
     2    0.01    0.05    0.03    2.03 ^ b[8] (in)
                                         b[8] (net)
                  0.05    0.00    2.03 ^ _1830_/A0 (sky130_fd_sc_hd__mux2_1)
     4    0.01    0.10    0.15    2.18 ^ _1830_/X (sky130_fd_sc_hd__mux2_1)
                                         _1314_ (net)
                  0.10    0.00    2.18 ^ _1823_/A (sky130_fd_sc_hd__lpflow_inputiso1p_1)
     1    0.00    0.04    0.10    2.28 ^ _1823_/X (sky130_fd_sc_hd__lpflow_inputiso1p_1)
                                         _1315_ (net)
                  0.04    0.00    2.28 ^ _1833_/A1 (sky130_fd_sc_hd__mux2_1)
     1    0.00    0.04    0.10    2.38 ^ _1833_/X (sky130_fd_sc_hd__mux2_1)
                                         _1341_ (net)
                  0.04    0.00    2.38 ^ _1832_/A0 (sky130_fd_sc_hd__mux2_1)
     2    0.00    0.06    0.12    2.50 ^ _1832_/X (sky130_fd_sc_hd__mux2_1)
                                         _0073_ (net)
                  0.06    0.00    2.50 ^ _1918_/A (sky130_fd_sc_hd__buf_2)
     1    0.04    0.18    0.20    2.71 ^ _1918_/X (sky130_fd_sc_hd__buf_2)
                                         result[8] (net)
                  0.18    0.00    2.71 ^ result[8] (out)
                                  2.71   data arrival time

                  0.15    0.00    0.00   clock fake_clk (rise edge)
                          0.00    0.00   clock network delay (ideal)
                          0.25    0.25   clock uncertainty
                          0.00    0.25   clock reconvergence pessimism
                         -2.00   -1.75   output external delay
                                 -1.75   data required time
-----------------------------------------------------------------------------
                                 -1.75   data required time
                                 -2.71   data arrival time
-----------------------------------------------------------------------------
                                  4.46   slack (MET)


Startpoint: b[31] (input port clocked by fake_clk)
Endpoint: result[31] (output port clocked by fake_clk)
Path Group: fake_clk
Path Type: min

Fanout     Cap    Slew   Delay    Time   Description
-----------------------------------------------------------------------------
                  0.15    0.00    0.00   clock fake_clk (rise edge)
                          0.00    0.00   clock network delay (ideal)
                          2.00    2.00 ^ input external delay
     2    0.01    0.04    0.03    2.03 ^ b[31] (in)
                                         b[31] (net)
                  0.04    0.00    2.03 ^ _1424_/A0 (sky130_fd_sc_hd__mux2_1)
     4    0.01    0.10    0.15    2.18 ^ _1424_/X (sky130_fd_sc_hd__mux2_1)
                                         _0125_ (net)
                  0.10    0.00    2.18 ^ _1417_/A (sky130_fd_sc_hd__lpflow_inputiso1p_1)
     1    0.00    0.04    0.10    2.28 ^ _1417_/X (sky130_fd_sc_hd__lpflow_inputiso1p_1)
                                         _0126_ (net)
                  0.04    0.00    2.28 ^ _1427_/A1 (sky130_fd_sc_hd__mux2_1)
     1    0.00    0.04    0.10    2.38 ^ _1427_/X (sky130_fd_sc_hd__mux2_1)
                                         _0152_ (net)
                  0.04    0.00    2.38 ^ _1426_/A0 (sky130_fd_sc_hd__mux2_1)
     2    0.01    0.07    0.13    2.51 ^ _1426_/X (sky130_fd_sc_hd__mux2_1)
                                         _0067_ (net)
                  0.07    0.00    2.51 ^ _1941_/A (sky130_fd_sc_hd__buf_2)
     1    0.04    0.18    0.20    2.71 ^ _1941_/X (sky130_fd_sc_hd__buf_2)
                                         result[31] (net)
                  0.18    0.00    2.71 ^ result[31] (out)
                                  2.71   data arrival time

                  0.15    0.00    0.00   clock fake_clk (rise edge)
                          0.00    0.00   clock network delay (ideal)
                          0.25    0.25   clock uncertainty
                          0.00    0.25   clock reconvergence pessimism
                         -2.00   -1.75   output external delay
                                 -1.75   data required time
-----------------------------------------------------------------------------
                                 -1.75   data required time
                                 -2.71   data arrival time
-----------------------------------------------------------------------------
                                  4.46   slack (MET)


Startpoint: select[1] (input port clocked by fake_clk)
Endpoint: result[16] (output port clocked by fake_clk)
Path Group: fake_clk
Path Type: min

Fanout     Cap    Slew   Delay    Time   Description
-----------------------------------------------------------------------------
                  0.15    0.00    0.00   clock fake_clk (rise edge)
                          0.00    0.00   clock network delay (ideal)
                          2.00    2.00 v input external delay
    32    0.14    0.30    0.21    2.21 v select[1] (in)
                                         select[1] (net)
                  0.30    0.00    2.21 v _1524_/S (sky130_fd_sc_hd__mux2_1)
     2    0.00    0.06    0.30    2.51 ^ _1524_/X (sky130_fd_sc_hd__mux2_1)
                                         _0050_ (net)
                  0.06    0.00    2.51 ^ _1926_/A (sky130_fd_sc_hd__buf_2)
     1    0.04    0.19    0.20    2.71 ^ _1926_/X (sky130_fd_sc_hd__buf_2)
                                         result[16] (net)
                  0.19    0.00    2.71 ^ result[16] (out)
                                  2.71   data arrival time

                  0.15    0.00    0.00   clock fake_clk (rise edge)
                          0.00    0.00   clock network delay (ideal)
                          0.25    0.25   clock uncertainty
                          0.00    0.25   clock reconvergence pessimism
                         -2.00   -1.75   output external delay
                                 -1.75   data required time
-----------------------------------------------------------------------------
                                 -1.75   data required time
                                 -2.71   data arrival time
-----------------------------------------------------------------------------
                                  4.46   slack (MET)


Startpoint: b[15] (input port clocked by fake_clk)
Endpoint: result[15] (output port clocked by fake_clk)
Path Group: fake_clk
Path Type: min

Fanout     Cap    Slew   Delay    Time   Description
-----------------------------------------------------------------------------
                  0.15    0.00    0.00   clock fake_clk (rise edge)
                          0.00    0.00   clock network delay (ideal)
                          2.00    2.00 ^ input external delay
     2    0.01    0.05    0.03    2.03 ^ b[15] (in)
                                         b[15] (net)
                  0.05    0.00    2.03 ^ _1508_/A0 (sky130_fd_sc_hd__mux2_1)
     4    0.01    0.10    0.16    2.18 ^ _1508_/X (sky130_fd_sc_hd__mux2_1)
                                         _0371_ (net)
                  0.10    0.00    2.18 ^ _1501_/A (sky130_fd_sc_hd__lpflow_inputiso1p_1)
     1    0.00    0.04    0.10    2.28 ^ _1501_/X (sky130_fd_sc_hd__lpflow_inputiso1p_1)
                                         _0372_ (net)
                  0.04    0.00    2.28 ^ _1511_/A1 (sky130_fd_sc_hd__mux2_1)
     1    0.00    0.04    0.10    2.38 ^ _1511_/X (sky130_fd_sc_hd__mux2_1)
                                         _0398_ (net)
                  0.04    0.00    2.38 ^ _1510_/A0 (sky130_fd_sc_hd__mux2_1)
     2    0.01    0.06    0.12    2.51 ^ _1510_/X (sky130_fd_sc_hd__mux2_1)
                                         _0049_ (net)
                  0.06    0.00    2.51 ^ _1925_/A (sky130_fd_sc_hd__buf_2)
     1    0.04    0.18    0.20    2.71 ^ _1925_/X (sky130_fd_sc_hd__buf_2)
                                         result[15] (net)
                  0.18    0.00    2.71 ^ result[15] (out)
                                  2.71   data arrival time

                  0.15    0.00    0.00   clock fake_clk (rise edge)
                          0.00    0.00   clock network delay (ideal)
                          0.25    0.25   clock uncertainty
                          0.00    0.25   clock reconvergence pessimism
                         -2.00   -1.75   output external delay
                                 -1.75   data required time
-----------------------------------------------------------------------------
                                 -1.75   data required time
                                 -2.71   data arrival time
-----------------------------------------------------------------------------
                                  4.46   slack (MET)


Startpoint: select[1] (input port clocked by fake_clk)
Endpoint: result[23] (output port clocked by fake_clk)
Path Group: fake_clk
Path Type: min

Fanout     Cap    Slew   Delay    Time   Description
-----------------------------------------------------------------------------
                  0.15    0.00    0.00   clock fake_clk (rise edge)
                          0.00    0.00   clock network delay (ideal)
                          2.00    2.00 v input external delay
    32    0.14    0.30    0.21    2.21 v select[1] (in)
                                         select[1] (net)
                  0.30    0.00    2.21 v _1636_/S (sky130_fd_sc_hd__mux2_1)
     2    0.01    0.07    0.30    2.51 ^ _1636_/X (sky130_fd_sc_hd__mux2_1)
                                         _0058_ (net)
                  0.07    0.00    2.51 ^ _1933_/A (sky130_fd_sc_hd__buf_2)
     1    0.04    0.19    0.21    2.72 ^ _1933_/X (sky130_fd_sc_hd__buf_2)
                                         result[23] (net)
                  0.19    0.00    2.72 ^ result[23] (out)
                                  2.72   data arrival time

                  0.15    0.00    0.00   clock fake_clk (rise edge)
                          0.00    0.00   clock network delay (ideal)
                          0.25    0.25   clock uncertainty
                          0.00    0.25   clock reconvergence pessimism
                         -2.00   -1.75   output external delay
                                 -1.75   data required time
-----------------------------------------------------------------------------
                                 -1.75   data required time
                                 -2.72   data arrival time
-----------------------------------------------------------------------------
                                  4.47   slack (MET)


Startpoint: select[1] (input port clocked by fake_clk)
Endpoint: result[7] (output port clocked by fake_clk)
Path Group: fake_clk
Path Type: min

Fanout     Cap    Slew   Delay    Time   Description
-----------------------------------------------------------------------------
                  0.15    0.00    0.00   clock fake_clk (rise edge)
                          0.00    0.00   clock network delay (ideal)
                          2.00    2.00 v input external delay
    32    0.14    0.30    0.21    2.21 v select[1] (in)
                                         select[1] (net)
                  0.30    0.00    2.21 v _1818_/S (sky130_fd_sc_hd__mux2_1)
     2    0.01    0.07    0.30    2.51 ^ _1818_/X (sky130_fd_sc_hd__mux2_1)
                                         _0072_ (net)
                  0.07    0.00    2.51 ^ _1917_/A (sky130_fd_sc_hd__buf_2)
     1    0.04    0.18    0.20    2.72 ^ _1917_/X (sky130_fd_sc_hd__buf_2)
                                         result[7] (net)
                  0.18    0.00    2.72 ^ result[7] (out)
                                  2.72   data arrival time

                  0.15    0.00    0.00   clock fake_clk (rise edge)
                          0.00    0.00   clock network delay (ideal)
                          0.25    0.25   clock uncertainty
                          0.00    0.25   clock reconvergence pessimism
                         -2.00   -1.75   output external delay
                                 -1.75   data required time
-----------------------------------------------------------------------------
                                 -1.75   data required time
                                 -2.72   data arrival time
-----------------------------------------------------------------------------
                                  4.47   slack (MET)



worst slack corner Typical: 4.3246
