
===========================================================================
report_checks -unconstrained
===========================================================================
======================= Typical Corner ===================================

Startpoint: ainv (input port clocked by fake_clk)
Endpoint: zero (output port clocked by fake_clk)
Path Group: fake_clk
Path Type: max

Fanout     Cap    Slew   Delay    Time   Description
-----------------------------------------------------------------------------
                          0.00    0.00   clock fake_clk (rise edge)
                          0.00    0.00   clock network delay (propagated)
                          2.00    2.00 ^ input external delay
     1    0.00    0.02    0.01    2.01 ^ ainv (in)
                                         ainv (net)
                  0.02    0.00    2.01 ^ input33/A (sky130_fd_sc_hd__clkbuf_2)
     1    0.01    0.06    0.11    2.13 ^ input33/X (sky130_fd_sc_hd__clkbuf_2)
                                         net33 (net)
                  0.06    0.00    2.13 ^ fanout127/A (sky130_fd_sc_hd__buf_8)
     8    0.04    0.08    0.14    2.26 ^ fanout127/X (sky130_fd_sc_hd__buf_8)
                                         net127 (net)
                  0.08    0.00    2.27 ^ fanout124/A (sky130_fd_sc_hd__buf_8)
     5    0.02    0.05    0.12    2.39 ^ fanout124/X (sky130_fd_sc_hd__buf_8)
                                         net124 (net)
                  0.05    0.00    2.39 ^ _1409_/S (sky130_fd_sc_hd__mux2_4)
     4    0.01    0.06    0.33    2.72 v _1409_/X (sky130_fd_sc_hd__mux2_4)
                                         _0082_ (net)
                  0.06    0.00    2.72 v _1406_/A (sky130_fd_sc_hd__xor2_1)
     2    0.01    0.07    0.19    2.91 v _1406_/X (sky130_fd_sc_hd__xor2_1)
                                         _0090_ (net)
                  0.07    0.00    2.91 v _1407_/A (sky130_fd_sc_hd__and2_0)
     1    0.00    0.04    0.14    3.05 v _1407_/X (sky130_fd_sc_hd__and2_0)
                                         _0087_ (net)
                  0.04    0.00    3.05 v _1404_/SLEEP (sky130_fd_sc_hd__lpflow_inputiso1p_1)
     2    0.01    0.07    0.26    3.31 v _1404_/X (sky130_fd_sc_hd__lpflow_inputiso1p_1)
                                         _0088_ (net)
                  0.07    0.00    3.31 v _1575_/A (sky130_fd_sc_hd__and2_0)
     1    0.00    0.04    0.15    3.45 v _1575_/X (sky130_fd_sc_hd__and2_0)
                                         _0579_ (net)
                  0.04    0.00    3.45 v _1572_/SLEEP (sky130_fd_sc_hd__lpflow_inputiso1p_1)
     2    0.01    0.07    0.26    3.72 v _1572_/X (sky130_fd_sc_hd__lpflow_inputiso1p_1)
                                         _0580_ (net)
                  0.07    0.00    3.72 v _1729_/A (sky130_fd_sc_hd__and2_0)
     1    0.00    0.04    0.14    3.86 v _1729_/X (sky130_fd_sc_hd__and2_0)
                                         _1030_ (net)
                  0.04    0.00    3.86 v _1726_/SLEEP (sky130_fd_sc_hd__lpflow_inputiso1p_1)
     2    0.01    0.07    0.26    4.12 v _1726_/X (sky130_fd_sc_hd__lpflow_inputiso1p_1)
                                         _1031_ (net)
                  0.07    0.00    4.12 v _1757_/A (sky130_fd_sc_hd__and2_0)
     1    0.00    0.04    0.15    4.27 v _1757_/X (sky130_fd_sc_hd__and2_0)
                                         _1112_ (net)
                  0.04    0.00    4.27 v _1754_/SLEEP (sky130_fd_sc_hd__lpflow_inputiso1p_1)
     2    0.01    0.07    0.26    4.52 v _1754_/X (sky130_fd_sc_hd__lpflow_inputiso1p_1)
                                         _1113_ (net)
                  0.07    0.00    4.53 v _1771_/A (sky130_fd_sc_hd__and2_0)
     1    0.00    0.04    0.14    4.67 v _1771_/X (sky130_fd_sc_hd__and2_0)
                                         _1153_ (net)
                  0.04    0.00    4.67 v _1768_/SLEEP (sky130_fd_sc_hd__lpflow_inputiso1p_1)
     2    0.01    0.07    0.26    4.93 v _1768_/X (sky130_fd_sc_hd__lpflow_inputiso1p_1)
                                         _1154_ (net)
                  0.07    0.00    4.93 v _1785_/A (sky130_fd_sc_hd__and2_0)
     1    0.00    0.04    0.15    5.08 v _1785_/X (sky130_fd_sc_hd__and2_0)
                                         _1194_ (net)
                  0.04    0.00    5.08 v _1782_/SLEEP (sky130_fd_sc_hd__lpflow_inputiso1p_1)
     2    0.01    0.07    0.27    5.35 v _1782_/X (sky130_fd_sc_hd__lpflow_inputiso1p_1)
                                         _1195_ (net)
                  0.07    0.00    5.35 v _1799_/A (sky130_fd_sc_hd__and2_0)
     1    0.00    0.04    0.15    5.49 v _1799_/X (sky130_fd_sc_hd__and2_0)
                                         _1235_ (net)
                  0.04    0.00    5.49 v _1796_/SLEEP (sky130_fd_sc_hd__lpflow_inputiso1p_1)
     2    0.01    0.07    0.26    5.75 v _1796_/X (sky130_fd_sc_hd__lpflow_inputiso1p_1)
                                         _1236_ (net)
                  0.07    0.00    5.75 v _1813_/A (sky130_fd_sc_hd__and2_0)
     1    0.00    0.03    0.14    5.89 v _1813_/X (sky130_fd_sc_hd__and2_0)
                                         _1276_ (net)
                  0.03    0.00    5.89 v _1810_/SLEEP (sky130_fd_sc_hd__lpflow_inputiso1p_1)
     2    0.01    0.07    0.26    6.15 v _1810_/X (sky130_fd_sc_hd__lpflow_inputiso1p_1)
                                         _1277_ (net)
                  0.07    0.00    6.15 v _1827_/A (sky130_fd_sc_hd__and2_0)
     1    0.00    0.04    0.15    6.30 v _1827_/X (sky130_fd_sc_hd__and2_0)
                                         _1317_ (net)
                  0.04    0.00    6.30 v _1824_/SLEEP (sky130_fd_sc_hd__lpflow_inputiso1p_1)
     2    0.01    0.08    0.27    6.57 v _1824_/X (sky130_fd_sc_hd__lpflow_inputiso1p_1)
                                         _1318_ (net)
                  0.08    0.00    6.57 v _1841_/A (sky130_fd_sc_hd__and2_0)
     1    0.00    0.04    0.15    6.72 v _1841_/X (sky130_fd_sc_hd__and2_0)
                                         _1358_ (net)
                  0.04    0.00    6.72 v _1838_/SLEEP (sky130_fd_sc_hd__lpflow_inputiso1p_1)
     2    0.01    0.07    0.26    6.98 v _1838_/X (sky130_fd_sc_hd__lpflow_inputiso1p_1)
                                         _0178_ (net)
                  0.07    0.00    6.98 v _1435_/A (sky130_fd_sc_hd__and2_0)
     1    0.00    0.04    0.14    7.12 v _1435_/X (sky130_fd_sc_hd__and2_0)
                                         _0169_ (net)
                  0.04    0.00    7.12 v _1432_/SLEEP (sky130_fd_sc_hd__lpflow_inputiso1p_1)
     2    0.01    0.07    0.26    7.38 v _1432_/X (sky130_fd_sc_hd__lpflow_inputiso1p_1)
                                         _0170_ (net)
                  0.07    0.00    7.38 v _1449_/A (sky130_fd_sc_hd__and2_0)
     1    0.00    0.04    0.15    7.53 v _1449_/X (sky130_fd_sc_hd__and2_0)
                                         _0210_ (net)
                  0.04    0.00    7.53 v _1446_/SLEEP (sky130_fd_sc_hd__lpflow_inputiso1p_1)
     2    0.01    0.07    0.26    7.79 v _1446_/X (sky130_fd_sc_hd__lpflow_inputiso1p_1)
                                         _0211_ (net)
                  0.07    0.00    7.79 v _1463_/A (sky130_fd_sc_hd__and2_0)
     1    0.00    0.04    0.14    7.93 v _1463_/X (sky130_fd_sc_hd__and2_0)
                                         _0251_ (net)
                  0.04    0.00    7.93 v _1460_/SLEEP (sky130_fd_sc_hd__lpflow_inputiso1p_1)
     2    0.01    0.07    0.26    8.19 v _1460_/X (sky130_fd_sc_hd__lpflow_inputiso1p_1)
                                         _0252_ (net)
                  0.07    0.00    8.19 v _1477_/A (sky130_fd_sc_hd__and2_0)
     1    0.00    0.04    0.14    8.33 v _1477_/X (sky130_fd_sc_hd__and2_0)
                                         _0292_ (net)
                  0.04    0.00    8.33 v _1474_/SLEEP (sky130_fd_sc_hd__lpflow_inputiso1p_1)
     2    0.01    0.07    0.26    8.59 v _1474_/X (sky130_fd_sc_hd__lpflow_inputiso1p_1)
                                         _0293_ (net)
                  0.07    0.00    8.59 v _1491_/A (sky130_fd_sc_hd__and2_0)
     1    0.00    0.04    0.14    8.74 v _1491_/X (sky130_fd_sc_hd__and2_0)
                                         _0333_ (net)
                  0.04    0.00    8.74 v _1488_/SLEEP (sky130_fd_sc_hd__lpflow_inputiso1p_1)
     2    0.01    0.07    0.26    9.00 v _1488_/X (sky130_fd_sc_hd__lpflow_inputiso1p_1)
                                         _0334_ (net)
                  0.07    0.00    9.00 v _1505_/A (sky130_fd_sc_hd__and2_0)
     1    0.00    0.04    0.14    9.14 v _1505_/X (sky130_fd_sc_hd__and2_0)
                                         _0374_ (net)
                  0.04    0.00    9.14 v _1502_/SLEEP (sky130_fd_sc_hd__lpflow_inputiso1p_1)
     2    0.01    0.07    0.26    9.40 v _1502_/X (sky130_fd_sc_hd__lpflow_inputiso1p_1)
                                         _0375_ (net)
                  0.07    0.00    9.40 v _1519_/A (sky130_fd_sc_hd__and2_0)
     1    0.00    0.04    0.14    9.54 v _1519_/X (sky130_fd_sc_hd__and2_0)
                                         _0415_ (net)
                  0.04    0.00    9.54 v _1516_/SLEEP (sky130_fd_sc_hd__lpflow_inputiso1p_1)
     2    0.01    0.07    0.26    9.80 v _1516_/X (sky130_fd_sc_hd__lpflow_inputiso1p_1)
                                         _0416_ (net)
                  0.07    0.00    9.80 v _1533_/A (sky130_fd_sc_hd__and2_0)
     1    0.00    0.04    0.15    9.94 v _1533_/X (sky130_fd_sc_hd__and2_0)
                                         _0456_ (net)
                  0.04    0.00    9.94 v _1530_/SLEEP (sky130_fd_sc_hd__lpflow_inputiso1p_1)
     2    0.01    0.07    0.26   10.21 v _1530_/X (sky130_fd_sc_hd__lpflow_inputiso1p_1)
                                         _0457_ (net)
                  0.07    0.00   10.21 v _1547_/A (sky130_fd_sc_hd__and2_0)
     1    0.00    0.04    0.14   10.35 v _1547_/X (sky130_fd_sc_hd__and2_0)
                                         _0497_ (net)
                  0.04    0.00   10.35 v _1544_/SLEEP (sky130_fd_sc_hd__lpflow_inputiso1p_1)
     2    0.01    0.07    0.26   10.61 v _1544_/X (sky130_fd_sc_hd__lpflow_inputiso1p_1)
                                         _0498_ (net)
                  0.07    0.00   10.61 v _1561_/A (sky130_fd_sc_hd__and2_0)
     1    0.00    0.04    0.15   10.76 v _1561_/X (sky130_fd_sc_hd__and2_0)
                                         _0538_ (net)
                  0.04    0.00   10.76 v _1558_/SLEEP (sky130_fd_sc_hd__lpflow_inputiso1p_1)
     2    0.01    0.06    0.25   11.01 v _1558_/X (sky130_fd_sc_hd__lpflow_inputiso1p_1)
                                         _0539_ (net)
                  0.06    0.00   11.01 v _1589_/A (sky130_fd_sc_hd__and2_0)
     1    0.00    0.03    0.13   11.14 v _1589_/X (sky130_fd_sc_hd__and2_0)
                                         _0620_ (net)
                  0.03    0.00   11.14 v _1586_/SLEEP (sky130_fd_sc_hd__lpflow_inputiso1p_1)
     2    0.01    0.07    0.25   11.39 v _1586_/X (sky130_fd_sc_hd__lpflow_inputiso1p_1)
                                         _0621_ (net)
                  0.07    0.00   11.39 v _1603_/A (sky130_fd_sc_hd__and2_0)
     1    0.00    0.04    0.15   11.54 v _1603_/X (sky130_fd_sc_hd__and2_0)
                                         _0661_ (net)
                  0.04    0.00   11.54 v _1600_/SLEEP (sky130_fd_sc_hd__lpflow_inputiso1p_1)
     2    0.01    0.06    0.24   11.79 v _1600_/X (sky130_fd_sc_hd__lpflow_inputiso1p_1)
                                         _0662_ (net)
                  0.06    0.00   11.79 v _1617_/A (sky130_fd_sc_hd__and2_0)
     1    0.00    0.04    0.14   11.92 v _1617_/X (sky130_fd_sc_hd__and2_0)
                                         _0702_ (net)
                  0.04    0.00   11.92 v _1614_/SLEEP (sky130_fd_sc_hd__lpflow_inputiso1p_1)
     2    0.01    0.06    0.24   12.17 v _1614_/X (sky130_fd_sc_hd__lpflow_inputiso1p_1)
                                         _0703_ (net)
                  0.06    0.00   12.17 v _1631_/A (sky130_fd_sc_hd__and2_0)
     1    0.00    0.04    0.14   12.31 v _1631_/X (sky130_fd_sc_hd__and2_0)
                                         _0743_ (net)
                  0.04    0.00   12.31 v _1628_/SLEEP (sky130_fd_sc_hd__lpflow_inputiso1p_1)
     2    0.01    0.06    0.24   12.55 v _1628_/X (sky130_fd_sc_hd__lpflow_inputiso1p_1)
                                         _0744_ (net)
                  0.06    0.00   12.55 v _1645_/A (sky130_fd_sc_hd__and2_0)
     1    0.00    0.03    0.13   12.68 v _1645_/X (sky130_fd_sc_hd__and2_0)
                                         _0784_ (net)
                  0.03    0.00   12.68 v _1642_/SLEEP (sky130_fd_sc_hd__lpflow_inputiso1p_1)
     2    0.01    0.06    0.24   12.93 v _1642_/X (sky130_fd_sc_hd__lpflow_inputiso1p_1)
                                         _0785_ (net)
                  0.06    0.00   12.93 v _1659_/A (sky130_fd_sc_hd__and2_0)
     1    0.00    0.04    0.14   13.06 v _1659_/X (sky130_fd_sc_hd__and2_0)
                                         _0825_ (net)
                  0.04    0.00   13.06 v _1656_/SLEEP (sky130_fd_sc_hd__lpflow_inputiso1p_1)
     2    0.00    0.06    0.24   13.31 v _1656_/X (sky130_fd_sc_hd__lpflow_inputiso1p_1)
                                         _0826_ (net)
                  0.06    0.00   13.31 v _1673_/A (sky130_fd_sc_hd__and2_0)
     1    0.00    0.04    0.14   13.44 v _1673_/X (sky130_fd_sc_hd__and2_0)
                                         _0866_ (net)
                  0.04    0.00   13.44 v _1670_/SLEEP (sky130_fd_sc_hd__lpflow_inputiso1p_1)
     2    0.00    0.06    0.24   13.68 v _1670_/X (sky130_fd_sc_hd__lpflow_inputiso1p_1)
                                         _0867_ (net)
                  0.06    0.00   13.68 v _1687_/A (sky130_fd_sc_hd__and2_0)
     1    0.00    0.04    0.14   13.82 v _1687_/X (sky130_fd_sc_hd__and2_0)
                                         _0907_ (net)
                  0.04    0.00   13.82 v _1684_/SLEEP (sky130_fd_sc_hd__lpflow_inputiso1p_1)
     2    0.00    0.06    0.24   14.06 v _1684_/X (sky130_fd_sc_hd__lpflow_inputiso1p_1)
                                         _0908_ (net)
                  0.06    0.00   14.06 v _1701_/A (sky130_fd_sc_hd__and2_0)
     1    0.00    0.04    0.14   14.20 v _1701_/X (sky130_fd_sc_hd__and2_0)
                                         _0948_ (net)
                  0.04    0.00   14.20 v _1698_/SLEEP (sky130_fd_sc_hd__lpflow_inputiso1p_1)
     2    0.00    0.06    0.24   14.44 v _1698_/X (sky130_fd_sc_hd__lpflow_inputiso1p_1)
                                         _0949_ (net)
                  0.06    0.00   14.44 v _1715_/A (sky130_fd_sc_hd__and2_0)
     1    0.00    0.04    0.14   14.58 v _1715_/X (sky130_fd_sc_hd__and2_0)
                                         _0989_ (net)
                  0.04    0.00   14.58 v _1712_/SLEEP (sky130_fd_sc_hd__lpflow_inputiso1p_1)
     2    0.00    0.06    0.24   14.82 v _1712_/X (sky130_fd_sc_hd__lpflow_inputiso1p_1)
                                         _0990_ (net)
                  0.06    0.00   14.82 v _1743_/A (sky130_fd_sc_hd__and2_0)
     1    0.00    0.04    0.14   14.96 v _1743_/X (sky130_fd_sc_hd__and2_0)
                                         _1071_ (net)
                  0.04    0.00   14.96 v _1740_/SLEEP (sky130_fd_sc_hd__lpflow_inputiso1p_1)
     3    0.01    0.09    0.28   15.24 v _1740_/X (sky130_fd_sc_hd__lpflow_inputiso1p_1)
                                         _0030_ (net)
                  0.09    0.00   15.24 v _1422_/B (sky130_fd_sc_hd__xor2_1)
     2    0.01    0.07    0.18   15.42 v _1422_/X (sky130_fd_sc_hd__xor2_1)
                                         _0108_ (net)
                  0.07    0.00   15.42 v _1425_/A0 (sky130_fd_sc_hd__mux2_2)
     1    0.00    0.05    0.28   15.70 v _1425_/X (sky130_fd_sc_hd__mux2_2)
                                         _0146_ (net)
                  0.05    0.00   15.70 v _1426_/A1 (sky130_fd_sc_hd__mux2_4)
     2    0.01    0.06    0.29   15.99 v _1426_/X (sky130_fd_sc_hd__mux2_4)
                                         _0067_ (net)
                  0.06    0.00   15.99 v _1389_/C (sky130_fd_sc_hd__nor4_4)
     1    0.00    0.20    0.22   16.21 ^ _1389_/Y (sky130_fd_sc_hd__nor4_4)
                                         _0033_ (net)
                  0.20    0.00   16.21 ^ _1392_/A (sky130_fd_sc_hd__nand4_1)
     1    0.00    0.11    0.12   16.33 v _1392_/Y (sky130_fd_sc_hd__nand4_1)
                                         _0036_ (net)
                  0.11    0.00   16.33 v _1398_/B (sky130_fd_sc_hd__nor2_1)
     1    0.00    0.08    0.11   16.44 ^ _1398_/Y (sky130_fd_sc_hd__nor2_1)
                                         net104 (net)
                  0.08    0.00   16.44 ^ output104/A (sky130_fd_sc_hd__buf_4)
     1    0.03    0.10    0.18   16.62 ^ output104/X (sky130_fd_sc_hd__buf_4)
                                         zero (net)
                  0.10    0.00   16.62 ^ zero (out)
                                 16.62   data arrival time

                         10.00   10.00   clock fake_clk (rise edge)
                          0.00   10.00   clock network delay (propagated)
                         -0.25    9.75   clock uncertainty
                          0.00    9.75   clock reconvergence pessimism
                         -2.00    7.75   output external delay
                                  7.75   data required time
-----------------------------------------------------------------------------
                                  7.75   data required time
                                -16.62   data arrival time
-----------------------------------------------------------------------------
                                 -8.87   slack (VIOLATED)




===========================================================================
report_checks --slack_max -0.01
============================================================================
======================= Typical Corner ===================================

Startpoint: ainv (input port clocked by fake_clk)
Endpoint: zero (output port clocked by fake_clk)
Path Group: fake_clk
Path Type: max

Fanout     Cap    Slew   Delay    Time   Description
-----------------------------------------------------------------------------
                          0.00    0.00   clock fake_clk (rise edge)
                          0.00    0.00   clock network delay (propagated)
                          2.00    2.00 ^ input external delay
     1    0.00    0.02    0.01    2.01 ^ ainv (in)
                                         ainv (net)
                  0.02    0.00    2.01 ^ input33/A (sky130_fd_sc_hd__clkbuf_2)
     1    0.01    0.06    0.11    2.13 ^ input33/X (sky130_fd_sc_hd__clkbuf_2)
                                         net33 (net)
                  0.06    0.00    2.13 ^ fanout127/A (sky130_fd_sc_hd__buf_8)
     8    0.04    0.08    0.14    2.26 ^ fanout127/X (sky130_fd_sc_hd__buf_8)
                                         net127 (net)
                  0.08    0.00    2.27 ^ fanout124/A (sky130_fd_sc_hd__buf_8)
     5    0.02    0.05    0.12    2.39 ^ fanout124/X (sky130_fd_sc_hd__buf_8)
                                         net124 (net)
                  0.05    0.00    2.39 ^ _1409_/S (sky130_fd_sc_hd__mux2_4)
     4    0.01    0.06    0.33    2.72 v _1409_/X (sky130_fd_sc_hd__mux2_4)
                                         _0082_ (net)
                  0.06    0.00    2.72 v _1406_/A (sky130_fd_sc_hd__xor2_1)
     2    0.01    0.07    0.19    2.91 v _1406_/X (sky130_fd_sc_hd__xor2_1)
                                         _0090_ (net)
                  0.07    0.00    2.91 v _1407_/A (sky130_fd_sc_hd__and2_0)
     1    0.00    0.04    0.14    3.05 v _1407_/X (sky130_fd_sc_hd__and2_0)
                                         _0087_ (net)
                  0.04    0.00    3.05 v _1404_/SLEEP (sky130_fd_sc_hd__lpflow_inputiso1p_1)
     2    0.01    0.07    0.26    3.31 v _1404_/X (sky130_fd_sc_hd__lpflow_inputiso1p_1)
                                         _0088_ (net)
                  0.07    0.00    3.31 v _1575_/A (sky130_fd_sc_hd__and2_0)
     1    0.00    0.04    0.15    3.45 v _1575_/X (sky130_fd_sc_hd__and2_0)
                                         _0579_ (net)
                  0.04    0.00    3.45 v _1572_/SLEEP (sky130_fd_sc_hd__lpflow_inputiso1p_1)
     2    0.01    0.07    0.26    3.72 v _1572_/X (sky130_fd_sc_hd__lpflow_inputiso1p_1)
                                         _0580_ (net)
                  0.07    0.00    3.72 v _1729_/A (sky130_fd_sc_hd__and2_0)
     1    0.00    0.04    0.14    3.86 v _1729_/X (sky130_fd_sc_hd__and2_0)
                                         _1030_ (net)
                  0.04    0.00    3.86 v _1726_/SLEEP (sky130_fd_sc_hd__lpflow_inputiso1p_1)
     2    0.01    0.07    0.26    4.12 v _1726_/X (sky130_fd_sc_hd__lpflow_inputiso1p_1)
                                         _1031_ (net)
                  0.07    0.00    4.12 v _1757_/A (sky130_fd_sc_hd__and2_0)
     1    0.00    0.04    0.15    4.27 v _1757_/X (sky130_fd_sc_hd__and2_0)
                                         _1112_ (net)
                  0.04    0.00    4.27 v _1754_/SLEEP (sky130_fd_sc_hd__lpflow_inputiso1p_1)
     2    0.01    0.07    0.26    4.52 v _1754_/X (sky130_fd_sc_hd__lpflow_inputiso1p_1)
                                         _1113_ (net)
                  0.07    0.00    4.53 v _1771_/A (sky130_fd_sc_hd__and2_0)
     1    0.00    0.04    0.14    4.67 v _1771_/X (sky130_fd_sc_hd__and2_0)
                                         _1153_ (net)
                  0.04    0.00    4.67 v _1768_/SLEEP (sky130_fd_sc_hd__lpflow_inputiso1p_1)
     2    0.01    0.07    0.26    4.93 v _1768_/X (sky130_fd_sc_hd__lpflow_inputiso1p_1)
                                         _1154_ (net)
                  0.07    0.00    4.93 v _1785_/A (sky130_fd_sc_hd__and2_0)
     1    0.00    0.04    0.15    5.08 v _1785_/X (sky130_fd_sc_hd__and2_0)
                                         _1194_ (net)
                  0.04    0.00    5.08 v _1782_/SLEEP (sky130_fd_sc_hd__lpflow_inputiso1p_1)
     2    0.01    0.07    0.27    5.35 v _1782_/X (sky130_fd_sc_hd__lpflow_inputiso1p_1)
                                         _1195_ (net)
                  0.07    0.00    5.35 v _1799_/A (sky130_fd_sc_hd__and2_0)
     1    0.00    0.04    0.15    5.49 v _1799_/X (sky130_fd_sc_hd__and2_0)
                                         _1235_ (net)
                  0.04    0.00    5.49 v _1796_/SLEEP (sky130_fd_sc_hd__lpflow_inputiso1p_1)
     2    0.01    0.07    0.26    5.75 v _1796_/X (sky130_fd_sc_hd__lpflow_inputiso1p_1)
                                         _1236_ (net)
                  0.07    0.00    5.75 v _1813_/A (sky130_fd_sc_hd__and2_0)
     1    0.00    0.03    0.14    5.89 v _1813_/X (sky130_fd_sc_hd__and2_0)
                                         _1276_ (net)
                  0.03    0.00    5.89 v _1810_/SLEEP (sky130_fd_sc_hd__lpflow_inputiso1p_1)
     2    0.01    0.07    0.26    6.15 v _1810_/X (sky130_fd_sc_hd__lpflow_inputiso1p_1)
                                         _1277_ (net)
                  0.07    0.00    6.15 v _1827_/A (sky130_fd_sc_hd__and2_0)
     1    0.00    0.04    0.15    6.30 v _1827_/X (sky130_fd_sc_hd__and2_0)
                                         _1317_ (net)
                  0.04    0.00    6.30 v _1824_/SLEEP (sky130_fd_sc_hd__lpflow_inputiso1p_1)
     2    0.01    0.08    0.27    6.57 v _1824_/X (sky130_fd_sc_hd__lpflow_inputiso1p_1)
                                         _1318_ (net)
                  0.08    0.00    6.57 v _1841_/A (sky130_fd_sc_hd__and2_0)
     1    0.00    0.04    0.15    6.72 v _1841_/X (sky130_fd_sc_hd__and2_0)
                                         _1358_ (net)
                  0.04    0.00    6.72 v _1838_/SLEEP (sky130_fd_sc_hd__lpflow_inputiso1p_1)
     2    0.01    0.07    0.26    6.98 v _1838_/X (sky130_fd_sc_hd__lpflow_inputiso1p_1)
                                         _0178_ (net)
                  0.07    0.00    6.98 v _1435_/A (sky130_fd_sc_hd__and2_0)
     1    0.00    0.04    0.14    7.12 v _1435_/X (sky130_fd_sc_hd__and2_0)
                                         _0169_ (net)
                  0.04    0.00    7.12 v _1432_/SLEEP (sky130_fd_sc_hd__lpflow_inputiso1p_1)
     2    0.01    0.07    0.26    7.38 v _1432_/X (sky130_fd_sc_hd__lpflow_inputiso1p_1)
                                         _0170_ (net)
                  0.07    0.00    7.38 v _1449_/A (sky130_fd_sc_hd__and2_0)
     1    0.00    0.04    0.15    7.53 v _1449_/X (sky130_fd_sc_hd__and2_0)
                                         _0210_ (net)
                  0.04    0.00    7.53 v _1446_/SLEEP (sky130_fd_sc_hd__lpflow_inputiso1p_1)
     2    0.01    0.07    0.26    7.79 v _1446_/X (sky130_fd_sc_hd__lpflow_inputiso1p_1)
                                         _0211_ (net)
                  0.07    0.00    7.79 v _1463_/A (sky130_fd_sc_hd__and2_0)
     1    0.00    0.04    0.14    7.93 v _1463_/X (sky130_fd_sc_hd__and2_0)
                                         _0251_ (net)
                  0.04    0.00    7.93 v _1460_/SLEEP (sky130_fd_sc_hd__lpflow_inputiso1p_1)
     2    0.01    0.07    0.26    8.19 v _1460_/X (sky130_fd_sc_hd__lpflow_inputiso1p_1)
                                         _0252_ (net)
                  0.07    0.00    8.19 v _1477_/A (sky130_fd_sc_hd__and2_0)
     1    0.00    0.04    0.14    8.33 v _1477_/X (sky130_fd_sc_hd__and2_0)
                                         _0292_ (net)
                  0.04    0.00    8.33 v _1474_/SLEEP (sky130_fd_sc_hd__lpflow_inputiso1p_1)
     2    0.01    0.07    0.26    8.59 v _1474_/X (sky130_fd_sc_hd__lpflow_inputiso1p_1)
                                         _0293_ (net)
                  0.07    0.00    8.59 v _1491_/A (sky130_fd_sc_hd__and2_0)
     1    0.00    0.04    0.14    8.74 v _1491_/X (sky130_fd_sc_hd__and2_0)
                                         _0333_ (net)
                  0.04    0.00    8.74 v _1488_/SLEEP (sky130_fd_sc_hd__lpflow_inputiso1p_1)
     2    0.01    0.07    0.26    9.00 v _1488_/X (sky130_fd_sc_hd__lpflow_inputiso1p_1)
                                         _0334_ (net)
                  0.07    0.00    9.00 v _1505_/A (sky130_fd_sc_hd__and2_0)
     1    0.00    0.04    0.14    9.14 v _1505_/X (sky130_fd_sc_hd__and2_0)
                                         _0374_ (net)
                  0.04    0.00    9.14 v _1502_/SLEEP (sky130_fd_sc_hd__lpflow_inputiso1p_1)
     2    0.01    0.07    0.26    9.40 v _1502_/X (sky130_fd_sc_hd__lpflow_inputiso1p_1)
                                         _0375_ (net)
                  0.07    0.00    9.40 v _1519_/A (sky130_fd_sc_hd__and2_0)
     1    0.00    0.04    0.14    9.54 v _1519_/X (sky130_fd_sc_hd__and2_0)
                                         _0415_ (net)
                  0.04    0.00    9.54 v _1516_/SLEEP (sky130_fd_sc_hd__lpflow_inputiso1p_1)
     2    0.01    0.07    0.26    9.80 v _1516_/X (sky130_fd_sc_hd__lpflow_inputiso1p_1)
                                         _0416_ (net)
                  0.07    0.00    9.80 v _1533_/A (sky130_fd_sc_hd__and2_0)
     1    0.00    0.04    0.15    9.94 v _1533_/X (sky130_fd_sc_hd__and2_0)
                                         _0456_ (net)
                  0.04    0.00    9.94 v _1530_/SLEEP (sky130_fd_sc_hd__lpflow_inputiso1p_1)
     2    0.01    0.07    0.26   10.21 v _1530_/X (sky130_fd_sc_hd__lpflow_inputiso1p_1)
                                         _0457_ (net)
                  0.07    0.00   10.21 v _1547_/A (sky130_fd_sc_hd__and2_0)
     1    0.00    0.04    0.14   10.35 v _1547_/X (sky130_fd_sc_hd__and2_0)
                                         _0497_ (net)
                  0.04    0.00   10.35 v _1544_/SLEEP (sky130_fd_sc_hd__lpflow_inputiso1p_1)
     2    0.01    0.07    0.26   10.61 v _1544_/X (sky130_fd_sc_hd__lpflow_inputiso1p_1)
                                         _0498_ (net)
                  0.07    0.00   10.61 v _1561_/A (sky130_fd_sc_hd__and2_0)
     1    0.00    0.04    0.15   10.76 v _1561_/X (sky130_fd_sc_hd__and2_0)
                                         _0538_ (net)
                  0.04    0.00   10.76 v _1558_/SLEEP (sky130_fd_sc_hd__lpflow_inputiso1p_1)
     2    0.01    0.06    0.25   11.01 v _1558_/X (sky130_fd_sc_hd__lpflow_inputiso1p_1)
                                         _0539_ (net)
                  0.06    0.00   11.01 v _1589_/A (sky130_fd_sc_hd__and2_0)
     1    0.00    0.03    0.13   11.14 v _1589_/X (sky130_fd_sc_hd__and2_0)
                                         _0620_ (net)
                  0.03    0.00   11.14 v _1586_/SLEEP (sky130_fd_sc_hd__lpflow_inputiso1p_1)
     2    0.01    0.07    0.25   11.39 v _1586_/X (sky130_fd_sc_hd__lpflow_inputiso1p_1)
                                         _0621_ (net)
                  0.07    0.00   11.39 v _1603_/A (sky130_fd_sc_hd__and2_0)
     1    0.00    0.04    0.15   11.54 v _1603_/X (sky130_fd_sc_hd__and2_0)
                                         _0661_ (net)
                  0.04    0.00   11.54 v _1600_/SLEEP (sky130_fd_sc_hd__lpflow_inputiso1p_1)
     2    0.01    0.06    0.24   11.79 v _1600_/X (sky130_fd_sc_hd__lpflow_inputiso1p_1)
                                         _0662_ (net)
                  0.06    0.00   11.79 v _1617_/A (sky130_fd_sc_hd__and2_0)
     1    0.00    0.04    0.14   11.92 v _1617_/X (sky130_fd_sc_hd__and2_0)
                                         _0702_ (net)
                  0.04    0.00   11.92 v _1614_/SLEEP (sky130_fd_sc_hd__lpflow_inputiso1p_1)
     2    0.01    0.06    0.24   12.17 v _1614_/X (sky130_fd_sc_hd__lpflow_inputiso1p_1)
                                         _0703_ (net)
                  0.06    0.00   12.17 v _1631_/A (sky130_fd_sc_hd__and2_0)
     1    0.00    0.04    0.14   12.31 v _1631_/X (sky130_fd_sc_hd__and2_0)
                                         _0743_ (net)
                  0.04    0.00   12.31 v _1628_/SLEEP (sky130_fd_sc_hd__lpflow_inputiso1p_1)
     2    0.01    0.06    0.24   12.55 v _1628_/X (sky130_fd_sc_hd__lpflow_inputiso1p_1)
                                         _0744_ (net)
                  0.06    0.00   12.55 v _1645_/A (sky130_fd_sc_hd__and2_0)
     1    0.00    0.03    0.13   12.68 v _1645_/X (sky130_fd_sc_hd__and2_0)
                                         _0784_ (net)
                  0.03    0.00   12.68 v _1642_/SLEEP (sky130_fd_sc_hd__lpflow_inputiso1p_1)
     2    0.01    0.06    0.24   12.93 v _1642_/X (sky130_fd_sc_hd__lpflow_inputiso1p_1)
                                         _0785_ (net)
                  0.06    0.00   12.93 v _1659_/A (sky130_fd_sc_hd__and2_0)
     1    0.00    0.04    0.14   13.06 v _1659_/X (sky130_fd_sc_hd__and2_0)
                                         _0825_ (net)
                  0.04    0.00   13.06 v _1656_/SLEEP (sky130_fd_sc_hd__lpflow_inputiso1p_1)
     2    0.00    0.06    0.24   13.31 v _1656_/X (sky130_fd_sc_hd__lpflow_inputiso1p_1)
                                         _0826_ (net)
                  0.06    0.00   13.31 v _1673_/A (sky130_fd_sc_hd__and2_0)
     1    0.00    0.04    0.14   13.44 v _1673_/X (sky130_fd_sc_hd__and2_0)
                                         _0866_ (net)
                  0.04    0.00   13.44 v _1670_/SLEEP (sky130_fd_sc_hd__lpflow_inputiso1p_1)
     2    0.00    0.06    0.24   13.68 v _1670_/X (sky130_fd_sc_hd__lpflow_inputiso1p_1)
                                         _0867_ (net)
                  0.06    0.00   13.68 v _1687_/A (sky130_fd_sc_hd__and2_0)
     1    0.00    0.04    0.14   13.82 v _1687_/X (sky130_fd_sc_hd__and2_0)
                                         _0907_ (net)
                  0.04    0.00   13.82 v _1684_/SLEEP (sky130_fd_sc_hd__lpflow_inputiso1p_1)
     2    0.00    0.06    0.24   14.06 v _1684_/X (sky130_fd_sc_hd__lpflow_inputiso1p_1)
                                         _0908_ (net)
                  0.06    0.00   14.06 v _1701_/A (sky130_fd_sc_hd__and2_0)
     1    0.00    0.04    0.14   14.20 v _1701_/X (sky130_fd_sc_hd__and2_0)
                                         _0948_ (net)
                  0.04    0.00   14.20 v _1698_/SLEEP (sky130_fd_sc_hd__lpflow_inputiso1p_1)
     2    0.00    0.06    0.24   14.44 v _1698_/X (sky130_fd_sc_hd__lpflow_inputiso1p_1)
                                         _0949_ (net)
                  0.06    0.00   14.44 v _1715_/A (sky130_fd_sc_hd__and2_0)
     1    0.00    0.04    0.14   14.58 v _1715_/X (sky130_fd_sc_hd__and2_0)
                                         _0989_ (net)
                  0.04    0.00   14.58 v _1712_/SLEEP (sky130_fd_sc_hd__lpflow_inputiso1p_1)
     2    0.00    0.06    0.24   14.82 v _1712_/X (sky130_fd_sc_hd__lpflow_inputiso1p_1)
                                         _0990_ (net)
                  0.06    0.00   14.82 v _1743_/A (sky130_fd_sc_hd__and2_0)
     1    0.00    0.04    0.14   14.96 v _1743_/X (sky130_fd_sc_hd__and2_0)
                                         _1071_ (net)
                  0.04    0.00   14.96 v _1740_/SLEEP (sky130_fd_sc_hd__lpflow_inputiso1p_1)
     3    0.01    0.09    0.28   15.24 v _1740_/X (sky130_fd_sc_hd__lpflow_inputiso1p_1)
                                         _0030_ (net)
                  0.09    0.00   15.24 v _1422_/B (sky130_fd_sc_hd__xor2_1)
     2    0.01    0.07    0.18   15.42 v _1422_/X (sky130_fd_sc_hd__xor2_1)
                                         _0108_ (net)
                  0.07    0.00   15.42 v _1425_/A0 (sky130_fd_sc_hd__mux2_2)
     1    0.00    0.05    0.28   15.70 v _1425_/X (sky130_fd_sc_hd__mux2_2)
                                         _0146_ (net)
                  0.05    0.00   15.70 v _1426_/A1 (sky130_fd_sc_hd__mux2_4)
     2    0.01    0.06    0.29   15.99 v _1426_/X (sky130_fd_sc_hd__mux2_4)
                                         _0067_ (net)
                  0.06    0.00   15.99 v _1389_/C (sky130_fd_sc_hd__nor4_4)
     1    0.00    0.20    0.22   16.21 ^ _1389_/Y (sky130_fd_sc_hd__nor4_4)
                                         _0033_ (net)
                  0.20    0.00   16.21 ^ _1392_/A (sky130_fd_sc_hd__nand4_1)
     1    0.00    0.11    0.12   16.33 v _1392_/Y (sky130_fd_sc_hd__nand4_1)
                                         _0036_ (net)
                  0.11    0.00   16.33 v _1398_/B (sky130_fd_sc_hd__nor2_1)
     1    0.00    0.08    0.11   16.44 ^ _1398_/Y (sky130_fd_sc_hd__nor2_1)
                                         net104 (net)
                  0.08    0.00   16.44 ^ output104/A (sky130_fd_sc_hd__buf_4)
     1    0.03    0.10    0.18   16.62 ^ output104/X (sky130_fd_sc_hd__buf_4)
                                         zero (net)
                  0.10    0.00   16.62 ^ zero (out)
                                 16.62   data arrival time

                         10.00   10.00   clock fake_clk (rise edge)
                          0.00   10.00   clock network delay (propagated)
                         -0.25    9.75   clock uncertainty
                          0.00    9.75   clock reconvergence pessimism
                         -2.00    7.75   output external delay
                                  7.75   data required time
-----------------------------------------------------------------------------
                                  7.75   data required time
                                -16.62   data arrival time
-----------------------------------------------------------------------------
                                 -8.87   slack (VIOLATED)




===========================================================================
 report_check_types -max_slew -max_cap -max_fanout -violators
============================================================================
======================= Typical Corner ===================================


max slew violations count Typical: 0
max fanout violations count Typical: 0
max cap violations count Typical: 0

===========================================================================
report_parasitic_annotation -report_unannotated
============================================================================
Found 32 unannotated drivers.
 fake_clk
 _1425__150/HI
 _1439__151/HI
 _1453__152/HI
 _1467__153/HI
 _1481__154/HI
 _1495__155/HI
 _1509__156/HI
 _1523__157/HI
 _1537__158/HI
 _1551__128/HI
 _1565__129/HI
 _1579__130/HI
 _1593__131/HI
 _1607__132/HI
 _1621__133/HI
 _1635__134/HI
 _1649__135/HI
 _1663__136/HI
 _1677__137/HI
 _1691__138/HI
 _1705__139/HI
 _1719__140/HI
 _1733__141/HI
 _1747__142/HI
 _1761__143/HI
 _1775__144/HI
 _1789__145/HI
 _1803__146/HI
 _1817__147/HI
 _1831__148/HI
 _1845__149/HI
Found 56 partially unannotated drivers.
 a[10]
 a[6]
 a[8]
 a[9]
 b[4]
 b[5]
 _1393_/Y
 _1394_/Y
 _1398_/Y
 _1399_/X
 _1418_/X
 _1558_/X
 _1721_/X
 _1805_/X
 _1911_/X
 _1912_/X
 _1914_/X
 _1918_/X
 _1920_/X
 _1925_/X
 _1933_/X
 _1934_/X
 _1935_/X
 _1939_/X
 _1940_/X
 clone1/X
 clone2/X
 fanout108/X
 fanout110/X
 fanout111/X
 fanout117/X
 fanout120/X
 fanout121/X
 fanout122/X
 fanout123/X
 fanout124/X
 fanout125/X
 fanout126/X
 fanout127/X
 input13/X
 input3/X
 input39/X
 input40/X
 input58/X
 input6/X
 input66/X
 input69/X
 input7/X
 output102/X
 output72/X
 output73/X
 output74/X
 output97/X
 output99/X
 wire105/X
 wire106/X

===========================================================================
max slew violation count 0
max fanout violation count 0
max cap violation count 0
============================================================================

===========================================================================
check_setup -verbose -unconstrained_endpoints -multiple_clock -no_clock -no_input_delay -loops -generated_clocks
===========================================================================
