
===========================================================================
report_checks -unconstrained
===========================================================================
======================= Typical Corner ===================================

Startpoint: binv (input port)
Endpoint: zero (output port)
Path Group: unconstrained
Path Type: max

Fanout     Cap    Slew   Delay    Time   Description
-----------------------------------------------------------------------------
                          1.00    1.00 ^ input external delay
     1    0.01    0.00    0.00    1.00 ^ binv (in)
                                         binv (net)
                  0.00    0.00    1.00 ^ input66/A (sky130_fd_sc_hd__buf_12)
    32    0.11    0.14    0.16    1.16 ^ input66/X (sky130_fd_sc_hd__buf_12)
                                         net66 (net)
                  0.14    0.00    1.16 ^ _1410_/S (sky130_fd_sc_hd__mux2_1)
     4    0.01    0.09    0.37    1.53 v _1410_/X (sky130_fd_sc_hd__mux2_1)
                                         _0084_ (net)
                  0.09    0.00    1.53 v _1406_/A (sky130_fd_sc_hd__xor2_1)
     2    0.01    0.07    0.18    1.71 v _1406_/X (sky130_fd_sc_hd__xor2_1)
                                         _0090_ (net)
                  0.07    0.00    1.71 v _1407_/B (sky130_fd_sc_hd__and2_0)
     1    0.00    0.03    0.14    1.86 v _1407_/X (sky130_fd_sc_hd__and2_0)
                                         _0087_ (net)
                  0.03    0.00    1.86 v _1404_/SLEEP (sky130_fd_sc_hd__lpflow_inputiso1p_1)
     2    0.01    0.06    0.23    2.09 v _1404_/X (sky130_fd_sc_hd__lpflow_inputiso1p_1)
                                         _0088_ (net)
                  0.06    0.00    2.09 v _1575_/A (sky130_fd_sc_hd__and2_0)
     1    0.00    0.03    0.13    2.22 v _1575_/X (sky130_fd_sc_hd__and2_0)
                                         _0579_ (net)
                  0.03    0.00    2.22 v _1572_/SLEEP (sky130_fd_sc_hd__lpflow_inputiso1p_1)
     2    0.01    0.06    0.23    2.45 v _1572_/X (sky130_fd_sc_hd__lpflow_inputiso1p_1)
                                         _0580_ (net)
                  0.06    0.00    2.45 v _1729_/A (sky130_fd_sc_hd__and2_0)
     1    0.00    0.03    0.13    2.58 v _1729_/X (sky130_fd_sc_hd__and2_0)
                                         _1030_ (net)
                  0.03    0.00    2.58 v _1726_/SLEEP (sky130_fd_sc_hd__lpflow_inputiso1p_1)
     2    0.01    0.06    0.23    2.81 v _1726_/X (sky130_fd_sc_hd__lpflow_inputiso1p_1)
                                         _1031_ (net)
                  0.06    0.00    2.81 v _1757_/A (sky130_fd_sc_hd__and2_0)
     1    0.00    0.03    0.13    2.94 v _1757_/X (sky130_fd_sc_hd__and2_0)
                                         _1112_ (net)
                  0.03    0.00    2.94 v _1754_/SLEEP (sky130_fd_sc_hd__lpflow_inputiso1p_1)
     2    0.01    0.06    0.23    3.17 v _1754_/X (sky130_fd_sc_hd__lpflow_inputiso1p_1)
                                         _1113_ (net)
                  0.06    0.00    3.17 v _1771_/A (sky130_fd_sc_hd__and2_0)
     1    0.00    0.03    0.13    3.30 v _1771_/X (sky130_fd_sc_hd__and2_0)
                                         _1153_ (net)
                  0.03    0.00    3.30 v _1768_/SLEEP (sky130_fd_sc_hd__lpflow_inputiso1p_1)
     2    0.01    0.06    0.23    3.53 v _1768_/X (sky130_fd_sc_hd__lpflow_inputiso1p_1)
                                         _1154_ (net)
                  0.06    0.00    3.53 v _1785_/A (sky130_fd_sc_hd__and2_0)
     1    0.00    0.03    0.13    3.66 v _1785_/X (sky130_fd_sc_hd__and2_0)
                                         _1194_ (net)
                  0.03    0.00    3.66 v _1782_/SLEEP (sky130_fd_sc_hd__lpflow_inputiso1p_1)
     2    0.01    0.06    0.23    3.89 v _1782_/X (sky130_fd_sc_hd__lpflow_inputiso1p_1)
                                         _1195_ (net)
                  0.06    0.00    3.89 v _1799_/A (sky130_fd_sc_hd__and2_0)
     1    0.00    0.03    0.13    4.02 v _1799_/X (sky130_fd_sc_hd__and2_0)
                                         _1235_ (net)
                  0.03    0.00    4.02 v _1796_/SLEEP (sky130_fd_sc_hd__lpflow_inputiso1p_1)
     2    0.01    0.06    0.23    4.25 v _1796_/X (sky130_fd_sc_hd__lpflow_inputiso1p_1)
                                         _1236_ (net)
                  0.06    0.00    4.25 v _1813_/A (sky130_fd_sc_hd__and2_0)
     1    0.00    0.03    0.13    4.38 v _1813_/X (sky130_fd_sc_hd__and2_0)
                                         _1276_ (net)
                  0.03    0.00    4.38 v _1810_/SLEEP (sky130_fd_sc_hd__lpflow_inputiso1p_1)
     2    0.01    0.06    0.23    4.61 v _1810_/X (sky130_fd_sc_hd__lpflow_inputiso1p_1)
                                         _1277_ (net)
                  0.06    0.00    4.61 v _1827_/A (sky130_fd_sc_hd__and2_0)
     1    0.00    0.03    0.13    4.74 v _1827_/X (sky130_fd_sc_hd__and2_0)
                                         _1317_ (net)
                  0.03    0.00    4.74 v _1824_/SLEEP (sky130_fd_sc_hd__lpflow_inputiso1p_1)
     2    0.01    0.06    0.23    4.97 v _1824_/X (sky130_fd_sc_hd__lpflow_inputiso1p_1)
                                         _1318_ (net)
                  0.06    0.00    4.97 v _1841_/A (sky130_fd_sc_hd__and2_0)
     1    0.00    0.03    0.13    5.10 v _1841_/X (sky130_fd_sc_hd__and2_0)
                                         _1358_ (net)
                  0.03    0.00    5.10 v _1838_/SLEEP (sky130_fd_sc_hd__lpflow_inputiso1p_1)
     2    0.01    0.06    0.23    5.33 v _1838_/X (sky130_fd_sc_hd__lpflow_inputiso1p_1)
                                         _0178_ (net)
                  0.06    0.00    5.33 v _1435_/A (sky130_fd_sc_hd__and2_0)
     1    0.00    0.03    0.13    5.46 v _1435_/X (sky130_fd_sc_hd__and2_0)
                                         _0169_ (net)
                  0.03    0.00    5.46 v _1432_/SLEEP (sky130_fd_sc_hd__lpflow_inputiso1p_1)
     2    0.01    0.06    0.23    5.69 v _1432_/X (sky130_fd_sc_hd__lpflow_inputiso1p_1)
                                         _0170_ (net)
                  0.06    0.00    5.69 v _1449_/A (sky130_fd_sc_hd__and2_0)
     1    0.00    0.03    0.13    5.82 v _1449_/X (sky130_fd_sc_hd__and2_0)
                                         _0210_ (net)
                  0.03    0.00    5.82 v _1446_/SLEEP (sky130_fd_sc_hd__lpflow_inputiso1p_1)
     2    0.01    0.06    0.23    6.05 v _1446_/X (sky130_fd_sc_hd__lpflow_inputiso1p_1)
                                         _0211_ (net)
                  0.06    0.00    6.05 v _1463_/A (sky130_fd_sc_hd__and2_0)
     1    0.00    0.03    0.13    6.18 v _1463_/X (sky130_fd_sc_hd__and2_0)
                                         _0251_ (net)
                  0.03    0.00    6.18 v _1460_/SLEEP (sky130_fd_sc_hd__lpflow_inputiso1p_1)
     2    0.01    0.06    0.23    6.41 v _1460_/X (sky130_fd_sc_hd__lpflow_inputiso1p_1)
                                         _0252_ (net)
                  0.06    0.00    6.41 v _1477_/A (sky130_fd_sc_hd__and2_0)
     1    0.00    0.03    0.13    6.54 v _1477_/X (sky130_fd_sc_hd__and2_0)
                                         _0292_ (net)
                  0.03    0.00    6.54 v _1474_/SLEEP (sky130_fd_sc_hd__lpflow_inputiso1p_1)
     2    0.01    0.06    0.23    6.77 v _1474_/X (sky130_fd_sc_hd__lpflow_inputiso1p_1)
                                         _0293_ (net)
                  0.06    0.00    6.77 v _1491_/A (sky130_fd_sc_hd__and2_0)
     1    0.00    0.03    0.13    6.90 v _1491_/X (sky130_fd_sc_hd__and2_0)
                                         _0333_ (net)
                  0.03    0.00    6.90 v _1488_/SLEEP (sky130_fd_sc_hd__lpflow_inputiso1p_1)
     2    0.01    0.06    0.23    7.13 v _1488_/X (sky130_fd_sc_hd__lpflow_inputiso1p_1)
                                         _0334_ (net)
                  0.06    0.00    7.13 v _1505_/A (sky130_fd_sc_hd__and2_0)
     1    0.00    0.03    0.13    7.26 v _1505_/X (sky130_fd_sc_hd__and2_0)
                                         _0374_ (net)
                  0.03    0.00    7.26 v _1502_/SLEEP (sky130_fd_sc_hd__lpflow_inputiso1p_1)
     2    0.01    0.06    0.23    7.49 v _1502_/X (sky130_fd_sc_hd__lpflow_inputiso1p_1)
                                         _0375_ (net)
                  0.06    0.00    7.49 v _1519_/A (sky130_fd_sc_hd__and2_0)
     1    0.00    0.03    0.13    7.62 v _1519_/X (sky130_fd_sc_hd__and2_0)
                                         _0415_ (net)
                  0.03    0.00    7.62 v _1516_/SLEEP (sky130_fd_sc_hd__lpflow_inputiso1p_1)
     2    0.01    0.06    0.23    7.85 v _1516_/X (sky130_fd_sc_hd__lpflow_inputiso1p_1)
                                         _0416_ (net)
                  0.06    0.00    7.85 v _1533_/A (sky130_fd_sc_hd__and2_0)
     1    0.00    0.03    0.13    7.98 v _1533_/X (sky130_fd_sc_hd__and2_0)
                                         _0456_ (net)
                  0.03    0.00    7.98 v _1530_/SLEEP (sky130_fd_sc_hd__lpflow_inputiso1p_1)
     2    0.01    0.06    0.23    8.21 v _1530_/X (sky130_fd_sc_hd__lpflow_inputiso1p_1)
                                         _0457_ (net)
                  0.06    0.00    8.21 v _1547_/A (sky130_fd_sc_hd__and2_0)
     1    0.00    0.03    0.13    8.34 v _1547_/X (sky130_fd_sc_hd__and2_0)
                                         _0497_ (net)
                  0.03    0.00    8.34 v _1544_/SLEEP (sky130_fd_sc_hd__lpflow_inputiso1p_1)
     2    0.01    0.06    0.23    8.57 v _1544_/X (sky130_fd_sc_hd__lpflow_inputiso1p_1)
                                         _0498_ (net)
                  0.06    0.00    8.57 v _1561_/A (sky130_fd_sc_hd__and2_0)
     1    0.00    0.03    0.13    8.70 v _1561_/X (sky130_fd_sc_hd__and2_0)
                                         _0538_ (net)
                  0.03    0.00    8.70 v _1558_/SLEEP (sky130_fd_sc_hd__lpflow_inputiso1p_1)
     2    0.01    0.06    0.23    8.93 v _1558_/X (sky130_fd_sc_hd__lpflow_inputiso1p_1)
                                         _0539_ (net)
                  0.06    0.00    8.93 v _1589_/A (sky130_fd_sc_hd__and2_0)
     1    0.00    0.03    0.13    9.05 v _1589_/X (sky130_fd_sc_hd__and2_0)
                                         _0620_ (net)
                  0.03    0.00    9.05 v _1586_/SLEEP (sky130_fd_sc_hd__lpflow_inputiso1p_1)
     2    0.01    0.06    0.23    9.29 v _1586_/X (sky130_fd_sc_hd__lpflow_inputiso1p_1)
                                         _0621_ (net)
                  0.06    0.00    9.29 v _1603_/A (sky130_fd_sc_hd__and2_0)
     1    0.00    0.03    0.13    9.41 v _1603_/X (sky130_fd_sc_hd__and2_0)
                                         _0661_ (net)
                  0.03    0.00    9.41 v _1600_/SLEEP (sky130_fd_sc_hd__lpflow_inputiso1p_1)
     2    0.01    0.06    0.23    9.65 v _1600_/X (sky130_fd_sc_hd__lpflow_inputiso1p_1)
                                         _0662_ (net)
                  0.06    0.00    9.65 v _1617_/A (sky130_fd_sc_hd__and2_0)
     1    0.00    0.03    0.13    9.77 v _1617_/X (sky130_fd_sc_hd__and2_0)
                                         _0702_ (net)
                  0.03    0.00    9.77 v _1614_/SLEEP (sky130_fd_sc_hd__lpflow_inputiso1p_1)
     2    0.01    0.06    0.23   10.01 v _1614_/X (sky130_fd_sc_hd__lpflow_inputiso1p_1)
                                         _0703_ (net)
                  0.06    0.00   10.01 v _1631_/A (sky130_fd_sc_hd__and2_0)
     1    0.00    0.03    0.13   10.13 v _1631_/X (sky130_fd_sc_hd__and2_0)
                                         _0743_ (net)
                  0.03    0.00   10.13 v _1628_/SLEEP (sky130_fd_sc_hd__lpflow_inputiso1p_1)
     2    0.01    0.06    0.23   10.37 v _1628_/X (sky130_fd_sc_hd__lpflow_inputiso1p_1)
                                         _0744_ (net)
                  0.06    0.00   10.37 v _1645_/A (sky130_fd_sc_hd__and2_0)
     1    0.00    0.03    0.13   10.49 v _1645_/X (sky130_fd_sc_hd__and2_0)
                                         _0784_ (net)
                  0.03    0.00   10.49 v _1642_/SLEEP (sky130_fd_sc_hd__lpflow_inputiso1p_1)
     2    0.01    0.06    0.23   10.73 v _1642_/X (sky130_fd_sc_hd__lpflow_inputiso1p_1)
                                         _0785_ (net)
                  0.06    0.00   10.73 v _1659_/A (sky130_fd_sc_hd__and2_0)
     1    0.00    0.03    0.13   10.85 v _1659_/X (sky130_fd_sc_hd__and2_0)
                                         _0825_ (net)
                  0.03    0.00   10.85 v _1656_/SLEEP (sky130_fd_sc_hd__lpflow_inputiso1p_1)
     2    0.01    0.06    0.23   11.09 v _1656_/X (sky130_fd_sc_hd__lpflow_inputiso1p_1)
                                         _0826_ (net)
                  0.06    0.00   11.09 v _1673_/A (sky130_fd_sc_hd__and2_0)
     1    0.00    0.03    0.13   11.21 v _1673_/X (sky130_fd_sc_hd__and2_0)
                                         _0866_ (net)
                  0.03    0.00   11.21 v _1670_/SLEEP (sky130_fd_sc_hd__lpflow_inputiso1p_1)
     2    0.01    0.06    0.23   11.45 v _1670_/X (sky130_fd_sc_hd__lpflow_inputiso1p_1)
                                         _0867_ (net)
                  0.06    0.00   11.45 v _1687_/A (sky130_fd_sc_hd__and2_0)
     1    0.00    0.03    0.13   11.57 v _1687_/X (sky130_fd_sc_hd__and2_0)
                                         _0907_ (net)
                  0.03    0.00   11.57 v _1684_/SLEEP (sky130_fd_sc_hd__lpflow_inputiso1p_1)
     2    0.01    0.06    0.23   11.81 v _1684_/X (sky130_fd_sc_hd__lpflow_inputiso1p_1)
                                         _0908_ (net)
                  0.06    0.00   11.81 v _1701_/A (sky130_fd_sc_hd__and2_0)
     1    0.00    0.03    0.13   11.93 v _1701_/X (sky130_fd_sc_hd__and2_0)
                                         _0948_ (net)
                  0.03    0.00   11.93 v _1698_/SLEEP (sky130_fd_sc_hd__lpflow_inputiso1p_1)
     2    0.01    0.06    0.23   12.17 v _1698_/X (sky130_fd_sc_hd__lpflow_inputiso1p_1)
                                         _0949_ (net)
                  0.06    0.00   12.17 v _1715_/A (sky130_fd_sc_hd__and2_0)
     1    0.00    0.03    0.13   12.29 v _1715_/X (sky130_fd_sc_hd__and2_0)
                                         _0989_ (net)
                  0.03    0.00   12.29 v _1712_/SLEEP (sky130_fd_sc_hd__lpflow_inputiso1p_1)
     2    0.01    0.06    0.23   12.53 v _1712_/X (sky130_fd_sc_hd__lpflow_inputiso1p_1)
                                         _0990_ (net)
                  0.06    0.00   12.53 v _1743_/A (sky130_fd_sc_hd__and2_0)
     1    0.00    0.03    0.13   12.65 v _1743_/X (sky130_fd_sc_hd__and2_0)
                                         _1071_ (net)
                  0.03    0.00   12.65 v _1740_/SLEEP (sky130_fd_sc_hd__lpflow_inputiso1p_1)
     3    0.01    0.08    0.26   12.91 v _1740_/X (sky130_fd_sc_hd__lpflow_inputiso1p_1)
                                         _0030_ (net)
                  0.08    0.00   12.91 v _1422_/A (sky130_fd_sc_hd__xor2_1)
     2    0.00    0.07    0.17   13.08 v _1422_/X (sky130_fd_sc_hd__xor2_1)
                                         _0108_ (net)
                  0.07    0.00   13.08 v _1411_/A1 (sky130_fd_sc_hd__mux2_1)
     1    0.00    0.05    0.28   13.37 v _1411_/X (sky130_fd_sc_hd__mux2_1)
                                         _0105_ (net)
                  0.05    0.00   13.37 v _1412_/A1 (sky130_fd_sc_hd__mux2_1)
     2    0.00    0.06    0.30   13.67 v _1412_/X (sky130_fd_sc_hd__mux2_1)
                                         _0043_ (net)
                  0.06    0.00   13.67 v _1395_/A (sky130_fd_sc_hd__nor4_1)
     1    0.00    0.21    0.26   13.92 ^ _1395_/Y (sky130_fd_sc_hd__nor4_1)
                                         _0039_ (net)
                  0.21    0.00   13.92 ^ _1397_/C (sky130_fd_sc_hd__nand4_1)
     1    0.00    0.08    0.11   14.03 v _1397_/Y (sky130_fd_sc_hd__nand4_1)
                                         _0041_ (net)
                  0.08    0.00   14.03 v _1398_/B (sky130_fd_sc_hd__nor2_1)
     1    0.00    0.07    0.09   14.12 ^ _1398_/Y (sky130_fd_sc_hd__nor2_1)
                                         net104 (net)
                  0.07    0.00   14.12 ^ output104/A (sky130_fd_sc_hd__buf_1)
     1    0.00    0.02    0.06   14.19 ^ output104/X (sky130_fd_sc_hd__buf_1)
                                         zero (net)
                  0.02    0.00   14.19 ^ zero (out)
                                 14.19   data arrival time
-----------------------------------------------------------------------------
(Path is unconstrained)




===========================================================================
report_checks --slack_max -0.01
============================================================================
======================= Typical Corner ===================================

No paths found.


===========================================================================
 report_check_types -max_slew -max_cap -max_fanout -violators
============================================================================
======================= Typical Corner ===================================


max slew violations count Typical: 0
max fanout violations count Typical: 0
max cap violations count Typical: 0

===========================================================================
report_parasitic_annotation -report_unannotated
============================================================================
Found 728 unannotated drivers.
 a[0]
 a[10]
 a[11]
 a[12]
 a[13]
 a[14]
 a[15]
 a[16]
 a[17]
 a[18]
 a[19]
 a[1]
 a[20]
 a[21]
 a[22]
 a[23]
 a[24]
 a[25]
 a[26]
 a[27]
 a[28]
 a[29]
 a[2]
 a[30]
 a[31]
 a[3]
 a[4]
 a[5]
 a[6]
 a[7]
 a[8]
 a[9]
 ainv
 b[0]
 b[10]
 b[11]
 b[12]
 b[13]
 b[14]
 b[15]
 b[16]
 b[17]
 b[18]
 b[19]
 b[1]
 b[20]
 b[21]
 b[22]
 b[23]
 b[24]
 b[25]
 b[26]
 b[27]
 b[28]
 b[29]
 b[2]
 b[30]
 b[31]
 b[3]
 b[4]
 b[5]
 b[6]
 b[7]
 b[8]
 b[9]
 binv
 cin
 fake_clk
 select[0]
 select[1]
 _1388_/Y
 _1389_/Y
 _1390_/Y
 _1391_/Y
 _1392_/Y
 _1393_/Y
 _1394_/Y
 _1395_/Y
 _1396_/Y
 _1397_/Y
 _1398_/Y
 _1399_/X
 _1400_/Y
 _1401_/Y
 _1402_/X
 _1403_/X
 _1404_/X
 _1405_/X
 _1406_/X
 _1407_/X
 _1408_/X
 _1409_/X
 _1410_/X
 _1411_/X
 _1412_/X
 _1413_/X
 _1414_/Y
 _1415_/Y
 _1416_/X
 _1417_/X
 _1418_/X
 _1419_/X
 _1420_/X
 _1421_/X
 _1422_/X
 _1423_/X
 _1424_/X
 _1425_/X
 _1425__127/HI
 _1425__127/LO
 _1426_/X
 _1427_/X
 _1428_/Y
 _1429_/Y
 _1430_/X
 _1431_/X
 _1432_/X
 _1433_/X
 _1434_/X
 _1435_/X
 _1436_/X
 _1437_/X
 _1438_/X
 _1439_/X
 _1439__128/HI
 _1439__128/LO
 _1440_/X
 _1441_/X
 _1442_/Y
 _1443_/Y
 _1444_/X
 _1445_/X
 _1446_/X
 _1447_/X
 _1448_/X
 _1449_/X
 _1450_/X
 _1451_/X
 _1452_/X
 _1453_/X
 _1453__129/HI
 _1453__129/LO
 _1454_/X
 _1455_/X
 _1456_/Y
 _1457_/Y
 _1458_/X
 _1459_/X
 _1460_/X
 _1461_/X
 _1462_/X
 _1463_/X
 _1464_/X
 _1465_/X
 _1466_/X
 _1467_/X
 _1467__130/HI
 _1467__130/LO
 _1468_/X
 _1469_/X
 _1470_/Y
 _1471_/Y
 _1472_/X
 _1473_/X
 _1474_/X
 _1475_/X
 _1476_/X
 _1477_/X
 _1478_/X
 _1479_/X
 _1480_/X
 _1481_/X
 _1481__131/HI
 _1481__131/LO
 _1482_/X
 _1483_/X
 _1484_/Y
 _1485_/Y
 _1486_/X
 _1487_/X
 _1488_/X
 _1489_/X
 _1490_/X
 _1491_/X
 _1492_/X
 _1493_/X
 _1494_/X
 _1495_/X
 _1495__132/HI
 _1495__132/LO
 _1496_/X
 _1497_/X
 _1498_/Y
 _1499_/Y
 _1500_/X
 _1501_/X
 _1502_/X
 _1503_/X
 _1504_/X
 _1505_/X
 _1506_/X
 _1507_/X
 _1508_/X
 _1509_/X
 _1509__133/HI
 _1509__133/LO
 _1510_/X
 _1511_/X
 _1512_/Y
 _1513_/Y
 _1514_/X
 _1515_/X
 _1516_/X
 _1517_/X
 _1518_/X
 _1519_/X
 _1520_/X
 _1521_/X
 _1522_/X
 _1523_/X
 _1523__134/HI
 _1523__134/LO
 _1524_/X
 _1525_/X
 _1526_/Y
 _1527_/Y
 _1528_/X
 _1529_/X
 _1530_/X
 _1531_/X
 _1532_/X
 _1533_/X
 _1534_/X
 _1535_/X
 _1536_/X
 _1537_/X
 _1537__135/HI
 _1537__135/LO
 _1538_/X
 _1539_/X
 _1540_/Y
 _1541_/Y
 _1542_/X
 _1543_/X
 _1544_/X
 _1545_/X
 _1546_/X
 _1547_/X
 _1548_/X
 _1549_/X
 _1550_/X
 _1551_/X
 _1551__105/HI
 _1551__105/LO
 _1552_/X
 _1553_/X
 _1554_/Y
 _1555_/Y
 _1556_/X
 _1557_/X
 _1558_/X
 _1559_/X
 _1560_/X
 _1561_/X
 _1562_/X
 _1563_/X
 _1564_/X
 _1565_/X
 _1565__106/HI
 _1565__106/LO
 _1566_/X
 _1567_/X
 _1568_/Y
 _1569_/Y
 _1570_/X
 _1571_/X
 _1572_/X
 _1573_/X
 _1574_/X
 _1575_/X
 _1576_/X
 _1577_/X
 _1578_/X
 _1579_/X
 _1579__107/HI
 _1579__107/LO
 _1580_/X
 _1581_/X
 _1582_/Y
 _1583_/Y
 _1584_/X
 _1585_/X
 _1586_/X
 _1587_/X
 _1588_/X
 _1589_/X
 _1590_/X
 _1591_/X
 _1592_/X
 _1593_/X
 _1593__108/HI
 _1593__108/LO
 _1594_/X
 _1595_/X
 _1596_/Y
 _1597_/Y
 _1598_/X
 _1599_/X
 _1600_/X
 _1601_/X
 _1602_/X
 _1603_/X
 _1604_/X
 _1605_/X
 _1606_/X
 _1607_/X
 _1607__109/HI
 _1607__109/LO
 _1608_/X
 _1609_/X
 _1610_/Y
 _1611_/Y
 _1612_/X
 _1613_/X
 _1614_/X
 _1615_/X
 _1616_/X
 _1617_/X
 _1618_/X
 _1619_/X
 _1620_/X
 _1621_/X
 _1621__110/HI
 _1621__110/LO
 _1622_/X
 _1623_/X
 _1624_/Y
 _1625_/Y
 _1626_/X
 _1627_/X
 _1628_/X
 _1629_/X
 _1630_/X
 _1631_/X
 _1632_/X
 _1633_/X
 _1634_/X
 _1635_/X
 _1635__111/HI
 _1635__111/LO
 _1636_/X
 _1637_/X
 _1638_/Y
 _1639_/Y
 _1640_/X
 _1641_/X
 _1642_/X
 _1643_/X
 _1644_/X
 _1645_/X
 _1646_/X
 _1647_/X
 _1648_/X
 _1649_/X
 _1649__112/HI
 _1649__112/LO
 _1650_/X
 _1651_/X
 _1652_/Y
 _1653_/Y
 _1654_/X
 _1655_/X
 _1656_/X
 _1657_/X
 _1658_/X
 _1659_/X
 _1660_/X
 _1661_/X
 _1662_/X
 _1663_/X
 _1663__113/HI
 _1663__113/LO
 _1664_/X
 _1665_/X
 _1666_/Y
 _1667_/Y
 _1668_/X
 _1669_/X
 _1670_/X
 _1671_/X
 _1672_/X
 _1673_/X
 _1674_/X
 _1675_/X
 _1676_/X
 _1677_/X
 _1677__114/HI
 _1677__114/LO
 _1678_/X
 _1679_/X
 _1680_/Y
 _1681_/Y
 _1682_/X
 _1683_/X
 _1684_/X
 _1685_/X
 _1686_/X
 _1687_/X
 _1688_/X
 _1689_/X
 _1690_/X
 _1691_/X
 _1691__115/HI
 _1691__115/LO
 _1692_/X
 _1693_/X
 _1694_/Y
 _1695_/Y
 _1696_/X
 _1697_/X
 _1698_/X
 _1699_/X
 _1700_/X
 _1701_/X
 _1702_/X
 _1703_/X
 _1704_/X
 _1705_/X
 _1705__116/HI
 _1705__116/LO
 _1706_/X
 _1707_/X
 _1708_/Y
 _1709_/Y
 _1710_/X
 _1711_/X
 _1712_/X
 _1713_/X
 _1714_/X
 _1715_/X
 _1716_/X
 _1717_/X
 _1718_/X
 _1719_/X
 _1719__117/HI
 _1719__117/LO
 _1720_/X
 _1721_/X
 _1722_/Y
 _1723_/Y
 _1724_/X
 _1725_/X
 _1726_/X
 _1727_/X
 _1728_/X
 _1729_/X
 _1730_/X
 _1731_/X
 _1732_/X
 _1733_/X
 _1733__118/HI
 _1733__118/LO
 _1734_/X
 _1735_/X
 _1736_/Y
 _1737_/Y
 _1738_/X
 _1739_/X
 _1740_/X
 _1741_/X
 _1742_/X
 _1743_/X
 _1744_/X
 _1745_/X
 _1746_/X
 _1747_/X
 _1747__119/HI
 _1747__119/LO
 _1748_/X
 _1749_/X
 _1750_/Y
 _1751_/Y
 _1752_/X
 _1753_/X
 _1754_/X
 _1755_/X
 _1756_/X
 _1757_/X
 _1758_/X
 _1759_/X
 _1760_/X
 _1761_/X
 _1761__120/HI
 _1761__120/LO
 _1762_/X
 _1763_/X
 _1764_/Y
 _1765_/Y
 _1766_/X
 _1767_/X
 _1768_/X
 _1769_/X
 _1770_/X
 _1771_/X
 _1772_/X
 _1773_/X
 _1774_/X
 _1775_/X
 _1775__121/HI
 _1775__121/LO
 _1776_/X
 _1777_/X
 _1778_/Y
 _1779_/Y
 _1780_/X
 _1781_/X
 _1782_/X
 _1783_/X
 _1784_/X
 _1785_/X
 _1786_/X
 _1787_/X
 _1788_/X
 _1789_/X
 _1789__122/HI
 _1789__122/LO
 _1790_/X
 _1791_/X
 _1792_/Y
 _1793_/Y
 _1794_/X
 _1795_/X
 _1796_/X
 _1797_/X
 _1798_/X
 _1799_/X
 _1800_/X
 _1801_/X
 _1802_/X
 _1803_/X
 _1803__123/HI
 _1803__123/LO
 _1804_/X
 _1805_/X
 _1806_/Y
 _1807_/Y
 _1808_/X
 _1809_/X
 _1810_/X
 _1811_/X
 _1812_/X
 _1813_/X
 _1814_/X
 _1815_/X
 _1816_/X
 _1817_/X
 _1817__124/HI
 _1817__124/LO
 _1818_/X
 _1819_/X
 _1820_/Y
 _1821_/Y
 _1822_/X
 _1823_/X
 _1824_/X
 _1825_/X
 _1826_/X
 _1827_/X
 _1828_/X
 _1829_/X
 _1830_/X
 _1831_/X
 _1831__125/HI
 _1831__125/LO
 _1832_/X
 _1833_/X
 _1834_/Y
 _1835_/Y
 _1836_/X
 _1837_/X
 _1838_/X
 _1839_/X
 _1840_/X
 _1841_/X
 _1842_/X
 _1843_/X
 _1844_/X
 _1845_/X
 _1845__126/HI
 _1845__126/LO
 _1846_/X
 _1847_/X
 _1910_/X
 _1911_/X
 _1912_/X
 _1913_/X
 _1914_/X
 _1915_/X
 _1916_/X
 _1917_/X
 _1918_/X
 _1919_/X
 _1920_/X
 _1921_/X
 _1922_/X
 _1923_/X
 _1924_/X
 _1925_/X
 _1926_/X
 _1927_/X
 _1928_/X
 _1929_/X
 _1930_/X
 _1931_/X
 _1932_/X
 _1933_/X
 _1934_/X
 _1935_/X
 _1936_/X
 _1937_/X
 _1938_/X
 _1939_/X
 _1940_/X
 _1941_/X
 input1/X
 input10/X
 input11/X
 input12/X
 input13/X
 input14/X
 input15/X
 input16/X
 input17/X
 input18/X
 input19/X
 input2/X
 input20/X
 input21/X
 input22/X
 input23/X
 input24/X
 input25/X
 input26/X
 input27/X
 input28/X
 input29/X
 input3/X
 input30/X
 input31/X
 input32/X
 input33/X
 input34/X
 input35/X
 input36/X
 input37/X
 input38/X
 input39/X
 input4/X
 input40/X
 input41/X
 input42/X
 input43/X
 input44/X
 input45/X
 input46/X
 input47/X
 input48/X
 input49/X
 input5/X
 input50/X
 input51/X
 input52/X
 input53/X
 input54/X
 input55/X
 input56/X
 input57/X
 input58/X
 input59/X
 input6/X
 input60/X
 input61/X
 input62/X
 input63/X
 input64/X
 input65/X
 input66/X
 input67/X
 input68/X
 input69/X
 input7/X
 input8/X
 input9/X
 output100/X
 output101/X
 output102/X
 output103/X
 output104/X
 output70/X
 output71/X
 output72/X
 output73/X
 output74/X
 output75/X
 output76/X
 output77/X
 output78/X
 output79/X
 output80/X
 output81/X
 output82/X
 output83/X
 output84/X
 output85/X
 output86/X
 output87/X
 output88/X
 output89/X
 output90/X
 output91/X
 output92/X
 output93/X
 output94/X
 output95/X
 output96/X
 output97/X
 output98/X
 output99/X
Found 0 partially unannotated drivers.

===========================================================================
max slew violation count 0
max fanout violation count 0
max cap violation count 0
============================================================================

===========================================================================
check_setup -verbose -unconstrained_endpoints -multiple_clock -no_clock -no_input_delay -loops -generated_clocks
===========================================================================
Warning: There are 35 unconstrained endpoints.
  cout
  overflow
  result[0]
  result[10]
  result[11]
  result[12]
  result[13]
  result[14]
  result[15]
  result[16]
  result[17]
  result[18]
  result[19]
  result[1]
  result[20]
  result[21]
  result[22]
  result[23]
  result[24]
  result[25]
  result[26]
  result[27]
  result[28]
  result[29]
  result[2]
  result[30]
  result[31]
  result[3]
  result[4]
  result[5]
  result[6]
  result[7]
  result[8]
  result[9]
  zero
