
===========================================================================
report_checks -path_delay min (Hold)
============================================================================
======================= Typical Corner ===================================

Startpoint: cin (input port clocked by fake_clk)
Endpoint: result[0] (output port clocked by fake_clk)
Path Group: fake_clk
Path Type: min

Fanout     Cap    Slew   Delay    Time   Description
-----------------------------------------------------------------------------
                  0.15    0.00    0.00   clock fake_clk (rise edge)
                          0.00    0.00   clock network delay (ideal)
                          2.00    2.00 v input external delay
     2    0.01    0.02    0.01    2.01 v cin (in)
                                         cin (net)
                  0.02    0.00    2.01 v _1408_/A (sky130_fd_sc_hd__xor2_1)
     1    0.00    0.08    0.11    2.12 ^ _1408_/X (sky130_fd_sc_hd__xor2_1)
                                         _0094_ (net)
                  0.08    0.00    2.12 ^ _1411_/A0 (sky130_fd_sc_hd__mux2_1)
     1    0.00    0.04    0.11    2.23 ^ _1411_/X (sky130_fd_sc_hd__mux2_1)
                                         _0105_ (net)
                  0.04    0.00    2.23 ^ _1412_/A1 (sky130_fd_sc_hd__mux2_1)
     2    0.00    0.05    0.12    2.35 ^ _1412_/X (sky130_fd_sc_hd__mux2_1)
                                         _0043_ (net)
                  0.05    0.00    2.35 ^ _1910_/A (sky130_fd_sc_hd__buf_2)
     1    0.03    0.17    0.19    2.54 ^ _1910_/X (sky130_fd_sc_hd__buf_2)
                                         result[0] (net)
                  0.17    0.00    2.54 ^ result[0] (out)
                                  2.54   data arrival time

                  0.15    0.00    0.00   clock fake_clk (rise edge)
                          0.00    0.00   clock network delay (ideal)
                          0.25    0.25   clock uncertainty
                          0.00    0.25   clock reconvergence pessimism
                         -2.00   -1.75   output external delay
                                 -1.75   data required time
-----------------------------------------------------------------------------
                                 -1.75   data required time
                                 -2.54   data arrival time
-----------------------------------------------------------------------------
                                  4.29   slack (MET)


Startpoint: b[31] (input port clocked by fake_clk)
Endpoint: cout (output port clocked by fake_clk)
Path Group: fake_clk
Path Type: min

Fanout     Cap    Slew   Delay    Time   Description
-----------------------------------------------------------------------------
                  0.15    0.00    0.00   clock fake_clk (rise edge)
                          0.00    0.00   clock network delay (ideal)
                          2.00    2.00 ^ input external delay
     2    0.00    0.03    0.02    2.02 ^ b[31] (in)
                                         b[31] (net)
                  0.03    0.00    2.02 ^ _1424_/A0 (sky130_fd_sc_hd__mux2_1)
     4    0.01    0.10    0.15    2.16 ^ _1424_/X (sky130_fd_sc_hd__mux2_1)
                                         _0125_ (net)
                  0.10    0.00    2.16 ^ _1419_/A (sky130_fd_sc_hd__and2_0)
     1    0.00    0.04    0.11    2.27 ^ _1419_/X (sky130_fd_sc_hd__and2_0)
                                         _0127_ (net)
                  0.04    0.00    2.27 ^ _1418_/A (sky130_fd_sc_hd__lpflow_inputiso1p_1)
     2    0.04    0.36    0.30    2.57 ^ _1418_/X (sky130_fd_sc_hd__lpflow_inputiso1p_1)
                                         cout (net)
                  0.36    0.00    2.57 ^ cout (out)
                                  2.57   data arrival time

                  0.15    0.00    0.00   clock fake_clk (rise edge)
                          0.00    0.00   clock network delay (ideal)
                          0.25    0.25   clock uncertainty
                          0.00    0.25   clock reconvergence pessimism
                         -2.00   -1.75   output external delay
                                 -1.75   data required time
-----------------------------------------------------------------------------
                                 -1.75   data required time
                                 -2.57   data arrival time
-----------------------------------------------------------------------------
                                  4.32   slack (MET)


Startpoint: cin (input port clocked by fake_clk)
Endpoint: zero (output port clocked by fake_clk)
Path Group: fake_clk
Path Type: min

Fanout     Cap    Slew   Delay    Time   Description
-----------------------------------------------------------------------------
                  0.15    0.00    0.00   clock fake_clk (rise edge)
                          0.00    0.00   clock network delay (ideal)
                          2.00    2.00 v input external delay
     2    0.01    0.02    0.01    2.01 v cin (in)
                                         cin (net)
                  0.02    0.00    2.01 v _1408_/A (sky130_fd_sc_hd__xor2_1)
     1    0.00    0.08    0.11    2.12 ^ _1408_/X (sky130_fd_sc_hd__xor2_1)
                                         _0094_ (net)
                  0.08    0.00    2.12 ^ _1411_/A0 (sky130_fd_sc_hd__mux2_1)
     1    0.00    0.04    0.11    2.23 ^ _1411_/X (sky130_fd_sc_hd__mux2_1)
                                         _0105_ (net)
                  0.04    0.00    2.23 ^ _1412_/A1 (sky130_fd_sc_hd__mux2_1)
     2    0.00    0.05    0.12    2.35 ^ _1412_/X (sky130_fd_sc_hd__mux2_1)
                                         _0043_ (net)
                  0.05    0.00    2.35 ^ _1395_/A (sky130_fd_sc_hd__nor4_1)
     1    0.00    0.02    0.04    2.39 v _1395_/Y (sky130_fd_sc_hd__nor4_1)
                                         _0039_ (net)
                  0.02    0.00    2.39 v _1397_/C (sky130_fd_sc_hd__nand4_1)
     1    0.00    0.05    0.07    2.46 ^ _1397_/Y (sky130_fd_sc_hd__nand4_1)
                                         _0041_ (net)
                  0.05    0.00    2.46 ^ _1398_/B (sky130_fd_sc_hd__nor2_1)
     1    0.03    0.15    0.13    2.59 v _1398_/Y (sky130_fd_sc_hd__nor2_1)
                                         zero (net)
                  0.15    0.00    2.59 v zero (out)
                                  2.59   data arrival time

                  0.15    0.00    0.00   clock fake_clk (rise edge)
                          0.00    0.00   clock network delay (ideal)
                          0.25    0.25   clock uncertainty
                          0.00    0.25   clock reconvergence pessimism
                         -2.00   -1.75   output external delay
                                 -1.75   data required time
-----------------------------------------------------------------------------
                                 -1.75   data required time
                                 -2.59   data arrival time
-----------------------------------------------------------------------------
                                  4.34   slack (MET)


Startpoint: select[1] (input port clocked by fake_clk)
Endpoint: result[16] (output port clocked by fake_clk)
Path Group: fake_clk
Path Type: min

Fanout     Cap    Slew   Delay    Time   Description
-----------------------------------------------------------------------------
                  0.15    0.00    0.00   clock fake_clk (rise edge)
                          0.00    0.00   clock network delay (ideal)
                          2.00    2.00 v input external delay
    32    0.11    0.23    0.16    2.16 v select[1] (in)
                                         select[1] (net)
                  0.23    0.00    2.16 v _1524_/S (sky130_fd_sc_hd__mux2_1)
     2    0.00    0.05    0.26    2.43 ^ _1524_/X (sky130_fd_sc_hd__mux2_1)
                                         _0050_ (net)
                  0.05    0.00    2.43 ^ _1926_/A (sky130_fd_sc_hd__buf_2)
     1    0.03    0.17    0.19    2.61 ^ _1926_/X (sky130_fd_sc_hd__buf_2)
                                         result[16] (net)
                  0.17    0.00    2.61 ^ result[16] (out)
                                  2.61   data arrival time

                  0.15    0.00    0.00   clock fake_clk (rise edge)
                          0.00    0.00   clock network delay (ideal)
                          0.25    0.25   clock uncertainty
                          0.00    0.25   clock reconvergence pessimism
                         -2.00   -1.75   output external delay
                                 -1.75   data required time
-----------------------------------------------------------------------------
                                 -1.75   data required time
                                 -2.61   data arrival time
-----------------------------------------------------------------------------
                                  4.36   slack (MET)


Startpoint: select[1] (input port clocked by fake_clk)
Endpoint: result[17] (output port clocked by fake_clk)
Path Group: fake_clk
Path Type: min

Fanout     Cap    Slew   Delay    Time   Description
-----------------------------------------------------------------------------
                  0.15    0.00    0.00   clock fake_clk (rise edge)
                          0.00    0.00   clock network delay (ideal)
                          2.00    2.00 v input external delay
    32    0.11    0.23    0.16    2.16 v select[1] (in)
                                         select[1] (net)
                  0.23    0.00    2.16 v _1538_/S (sky130_fd_sc_hd__mux2_1)
     2    0.00    0.05    0.26    2.43 ^ _1538_/X (sky130_fd_sc_hd__mux2_1)
                                         _0051_ (net)
                  0.05    0.00    2.43 ^ _1927_/A (sky130_fd_sc_hd__buf_2)
     1    0.03    0.17    0.19    2.61 ^ _1927_/X (sky130_fd_sc_hd__buf_2)
                                         result[17] (net)
                  0.17    0.00    2.61 ^ result[17] (out)
                                  2.61   data arrival time

                  0.15    0.00    0.00   clock fake_clk (rise edge)
                          0.00    0.00   clock network delay (ideal)
                          0.25    0.25   clock uncertainty
                          0.00    0.25   clock reconvergence pessimism
                         -2.00   -1.75   output external delay
                                 -1.75   data required time
-----------------------------------------------------------------------------
                                 -1.75   data required time
                                 -2.61   data arrival time
-----------------------------------------------------------------------------
                                  4.36   slack (MET)


Startpoint: select[1] (input port clocked by fake_clk)
Endpoint: result[1] (output port clocked by fake_clk)
Path Group: fake_clk
Path Type: min

Fanout     Cap    Slew   Delay    Time   Description
-----------------------------------------------------------------------------
                  0.15    0.00    0.00   clock fake_clk (rise edge)
                          0.00    0.00   clock network delay (ideal)
                          2.00    2.00 v input external delay
    32    0.11    0.23    0.16    2.16 v select[1] (in)
                                         select[1] (net)
                  0.23    0.00    2.16 v _1580_/S (sky130_fd_sc_hd__mux2_1)
     2    0.00    0.05    0.26    2.43 ^ _1580_/X (sky130_fd_sc_hd__mux2_1)
                                         _0054_ (net)
                  0.05    0.00    2.43 ^ _1911_/A (sky130_fd_sc_hd__buf_2)
     1    0.03    0.17    0.19    2.61 ^ _1911_/X (sky130_fd_sc_hd__buf_2)
                                         result[1] (net)
                  0.17    0.00    2.61 ^ result[1] (out)
                                  2.61   data arrival time

                  0.15    0.00    0.00   clock fake_clk (rise edge)
                          0.00    0.00   clock network delay (ideal)
                          0.25    0.25   clock uncertainty
                          0.00    0.25   clock reconvergence pessimism
                         -2.00   -1.75   output external delay
                                 -1.75   data required time
-----------------------------------------------------------------------------
                                 -1.75   data required time
                                 -2.61   data arrival time
-----------------------------------------------------------------------------
                                  4.36   slack (MET)


Startpoint: select[1] (input port clocked by fake_clk)
Endpoint: result[24] (output port clocked by fake_clk)
Path Group: fake_clk
Path Type: min

Fanout     Cap    Slew   Delay    Time   Description
-----------------------------------------------------------------------------
                  0.15    0.00    0.00   clock fake_clk (rise edge)
                          0.00    0.00   clock network delay (ideal)
                          2.00    2.00 v input external delay
    32    0.11    0.23    0.16    2.16 v select[1] (in)
                                         select[1] (net)
                  0.23    0.00    2.16 v _1650_/S (sky130_fd_sc_hd__mux2_1)
     2    0.00    0.05    0.26    2.43 ^ _1650_/X (sky130_fd_sc_hd__mux2_1)
                                         _0059_ (net)
                  0.05    0.00    2.43 ^ _1934_/A (sky130_fd_sc_hd__buf_2)
     1    0.03    0.17    0.19    2.61 ^ _1934_/X (sky130_fd_sc_hd__buf_2)
                                         result[24] (net)
                  0.17    0.00    2.61 ^ result[24] (out)
                                  2.61   data arrival time

                  0.15    0.00    0.00   clock fake_clk (rise edge)
                          0.00    0.00   clock network delay (ideal)
                          0.25    0.25   clock uncertainty
                          0.00    0.25   clock reconvergence pessimism
                         -2.00   -1.75   output external delay
                                 -1.75   data required time
-----------------------------------------------------------------------------
                                 -1.75   data required time
                                 -2.61   data arrival time
-----------------------------------------------------------------------------
                                  4.36   slack (MET)


Startpoint: select[1] (input port clocked by fake_clk)
Endpoint: result[25] (output port clocked by fake_clk)
Path Group: fake_clk
Path Type: min

Fanout     Cap    Slew   Delay    Time   Description
-----------------------------------------------------------------------------
                  0.15    0.00    0.00   clock fake_clk (rise edge)
                          0.00    0.00   clock network delay (ideal)
                          2.00    2.00 v input external delay
    32    0.11    0.23    0.16    2.16 v select[1] (in)
                                         select[1] (net)
                  0.23    0.00    2.16 v _1664_/S (sky130_fd_sc_hd__mux2_1)
     2    0.00    0.05    0.26    2.43 ^ _1664_/X (sky130_fd_sc_hd__mux2_1)
                                         _0060_ (net)
                  0.05    0.00    2.43 ^ _1935_/A (sky130_fd_sc_hd__buf_2)
     1    0.03    0.17    0.19    2.61 ^ _1935_/X (sky130_fd_sc_hd__buf_2)
                                         result[25] (net)
                  0.17    0.00    2.61 ^ result[25] (out)
                                  2.61   data arrival time

                  0.15    0.00    0.00   clock fake_clk (rise edge)
                          0.00    0.00   clock network delay (ideal)
                          0.25    0.25   clock uncertainty
                          0.00    0.25   clock reconvergence pessimism
                         -2.00   -1.75   output external delay
                                 -1.75   data required time
-----------------------------------------------------------------------------
                                 -1.75   data required time
                                 -2.61   data arrival time
-----------------------------------------------------------------------------
                                  4.36   slack (MET)


Startpoint: select[1] (input port clocked by fake_clk)
Endpoint: result[8] (output port clocked by fake_clk)
Path Group: fake_clk
Path Type: min

Fanout     Cap    Slew   Delay    Time   Description
-----------------------------------------------------------------------------
                  0.15    0.00    0.00   clock fake_clk (rise edge)
                          0.00    0.00   clock network delay (ideal)
                          2.00    2.00 v input external delay
    32    0.11    0.23    0.16    2.16 v select[1] (in)
                                         select[1] (net)
                  0.23    0.00    2.16 v _1832_/S (sky130_fd_sc_hd__mux2_1)
     2    0.00    0.05    0.26    2.43 ^ _1832_/X (sky130_fd_sc_hd__mux2_1)
                                         _0073_ (net)
                  0.05    0.00    2.43 ^ _1918_/A (sky130_fd_sc_hd__buf_2)
     1    0.03    0.17    0.19    2.61 ^ _1918_/X (sky130_fd_sc_hd__buf_2)
                                         result[8] (net)
                  0.17    0.00    2.61 ^ result[8] (out)
                                  2.61   data arrival time

                  0.15    0.00    0.00   clock fake_clk (rise edge)
                          0.00    0.00   clock network delay (ideal)
                          0.25    0.25   clock uncertainty
                          0.00    0.25   clock reconvergence pessimism
                         -2.00   -1.75   output external delay
                                 -1.75   data required time
-----------------------------------------------------------------------------
                                 -1.75   data required time
                                 -2.61   data arrival time
-----------------------------------------------------------------------------
                                  4.36   slack (MET)


Startpoint: select[1] (input port clocked by fake_clk)
Endpoint: result[9] (output port clocked by fake_clk)
Path Group: fake_clk
Path Type: min

Fanout     Cap    Slew   Delay    Time   Description
-----------------------------------------------------------------------------
                  0.15    0.00    0.00   clock fake_clk (rise edge)
                          0.00    0.00   clock network delay (ideal)
                          2.00    2.00 v input external delay
    32    0.11    0.23    0.16    2.16 v select[1] (in)
                                         select[1] (net)
                  0.23    0.00    2.16 v _1846_/S (sky130_fd_sc_hd__mux2_1)
     2    0.00    0.05    0.26    2.43 ^ _1846_/X (sky130_fd_sc_hd__mux2_1)
                                         _0074_ (net)
                  0.05    0.00    2.43 ^ _1919_/A (sky130_fd_sc_hd__buf_2)
     1    0.03    0.17    0.19    2.61 ^ _1919_/X (sky130_fd_sc_hd__buf_2)
                                         result[9] (net)
                  0.17    0.00    2.61 ^ result[9] (out)
                                  2.61   data arrival time

                  0.15    0.00    0.00   clock fake_clk (rise edge)
                          0.00    0.00   clock network delay (ideal)
                          0.25    0.25   clock uncertainty
                          0.00    0.25   clock reconvergence pessimism
                         -2.00   -1.75   output external delay
                                 -1.75   data required time
-----------------------------------------------------------------------------
                                 -1.75   data required time
                                 -2.61   data arrival time
-----------------------------------------------------------------------------
                                  4.36   slack (MET)


Startpoint: select[1] (input port clocked by fake_clk)
Endpoint: result[10] (output port clocked by fake_clk)
Path Group: fake_clk
Path Type: min

Fanout     Cap    Slew   Delay    Time   Description
-----------------------------------------------------------------------------
                  0.15    0.00    0.00   clock fake_clk (rise edge)
                          0.00    0.00   clock network delay (ideal)
                          2.00    2.00 v input external delay
    32    0.11    0.23    0.16    2.16 v select[1] (in)
                                         select[1] (net)
                  0.23    0.00    2.16 v _1440_/S (sky130_fd_sc_hd__mux2_1)
     2    0.00    0.05    0.26    2.43 ^ _1440_/X (sky130_fd_sc_hd__mux2_1)
                                         _0044_ (net)
                  0.05    0.00    2.43 ^ _1920_/A (sky130_fd_sc_hd__buf_2)
     1    0.03    0.17    0.19    2.62 ^ _1920_/X (sky130_fd_sc_hd__buf_2)
                                         result[10] (net)
                  0.17    0.00    2.62 ^ result[10] (out)
                                  2.62   data arrival time

                  0.15    0.00    0.00   clock fake_clk (rise edge)
                          0.00    0.00   clock network delay (ideal)
                          0.25    0.25   clock uncertainty
                          0.00    0.25   clock reconvergence pessimism
                         -2.00   -1.75   output external delay
                                 -1.75   data required time
-----------------------------------------------------------------------------
                                 -1.75   data required time
                                 -2.62   data arrival time
-----------------------------------------------------------------------------
                                  4.37   slack (MET)


Startpoint: select[1] (input port clocked by fake_clk)
Endpoint: result[11] (output port clocked by fake_clk)
Path Group: fake_clk
Path Type: min

Fanout     Cap    Slew   Delay    Time   Description
-----------------------------------------------------------------------------
                  0.15    0.00    0.00   clock fake_clk (rise edge)
                          0.00    0.00   clock network delay (ideal)
                          2.00    2.00 v input external delay
    32    0.11    0.23    0.16    2.16 v select[1] (in)
                                         select[1] (net)
                  0.23    0.00    2.16 v _1454_/S (sky130_fd_sc_hd__mux2_1)
     2    0.00    0.05    0.26    2.43 ^ _1454_/X (sky130_fd_sc_hd__mux2_1)
                                         _0045_ (net)
                  0.05    0.00    2.43 ^ _1921_/A (sky130_fd_sc_hd__buf_2)
     1    0.03    0.17    0.19    2.62 ^ _1921_/X (sky130_fd_sc_hd__buf_2)
                                         result[11] (net)
                  0.17    0.00    2.62 ^ result[11] (out)
                                  2.62   data arrival time

                  0.15    0.00    0.00   clock fake_clk (rise edge)
                          0.00    0.00   clock network delay (ideal)
                          0.25    0.25   clock uncertainty
                          0.00    0.25   clock reconvergence pessimism
                         -2.00   -1.75   output external delay
                                 -1.75   data required time
-----------------------------------------------------------------------------
                                 -1.75   data required time
                                 -2.62   data arrival time
-----------------------------------------------------------------------------
                                  4.37   slack (MET)


Startpoint: select[1] (input port clocked by fake_clk)
Endpoint: result[18] (output port clocked by fake_clk)
Path Group: fake_clk
Path Type: min

Fanout     Cap    Slew   Delay    Time   Description
-----------------------------------------------------------------------------
                  0.15    0.00    0.00   clock fake_clk (rise edge)
                          0.00    0.00   clock network delay (ideal)
                          2.00    2.00 v input external delay
    32    0.11    0.23    0.16    2.16 v select[1] (in)
                                         select[1] (net)
                  0.23    0.00    2.16 v _1552_/S (sky130_fd_sc_hd__mux2_1)
     2    0.00    0.05    0.26    2.43 ^ _1552_/X (sky130_fd_sc_hd__mux2_1)
                                         _0052_ (net)
                  0.05    0.00    2.43 ^ _1928_/A (sky130_fd_sc_hd__buf_2)
     1    0.03    0.17    0.19    2.62 ^ _1928_/X (sky130_fd_sc_hd__buf_2)
                                         result[18] (net)
                  0.17    0.00    2.62 ^ result[18] (out)
                                  2.62   data arrival time

                  0.15    0.00    0.00   clock fake_clk (rise edge)
                          0.00    0.00   clock network delay (ideal)
                          0.25    0.25   clock uncertainty
                          0.00    0.25   clock reconvergence pessimism
                         -2.00   -1.75   output external delay
                                 -1.75   data required time
-----------------------------------------------------------------------------
                                 -1.75   data required time
                                 -2.62   data arrival time
-----------------------------------------------------------------------------
                                  4.37   slack (MET)


Startpoint: select[1] (input port clocked by fake_clk)
Endpoint: result[19] (output port clocked by fake_clk)
Path Group: fake_clk
Path Type: min

Fanout     Cap    Slew   Delay    Time   Description
-----------------------------------------------------------------------------
                  0.15    0.00    0.00   clock fake_clk (rise edge)
                          0.00    0.00   clock network delay (ideal)
                          2.00    2.00 v input external delay
    32    0.11    0.23    0.16    2.16 v select[1] (in)
                                         select[1] (net)
                  0.23    0.00    2.16 v _1566_/S (sky130_fd_sc_hd__mux2_1)
     2    0.00    0.05    0.26    2.43 ^ _1566_/X (sky130_fd_sc_hd__mux2_1)
                                         _0053_ (net)
                  0.05    0.00    2.43 ^ _1929_/A (sky130_fd_sc_hd__buf_2)
     1    0.03    0.17    0.19    2.62 ^ _1929_/X (sky130_fd_sc_hd__buf_2)
                                         result[19] (net)
                  0.17    0.00    2.62 ^ result[19] (out)
                                  2.62   data arrival time

                  0.15    0.00    0.00   clock fake_clk (rise edge)
                          0.00    0.00   clock network delay (ideal)
                          0.25    0.25   clock uncertainty
                          0.00    0.25   clock reconvergence pessimism
                         -2.00   -1.75   output external delay
                                 -1.75   data required time
-----------------------------------------------------------------------------
                                 -1.75   data required time
                                 -2.62   data arrival time
-----------------------------------------------------------------------------
                                  4.37   slack (MET)


Startpoint: select[1] (input port clocked by fake_clk)
Endpoint: result[26] (output port clocked by fake_clk)
Path Group: fake_clk
Path Type: min

Fanout     Cap    Slew   Delay    Time   Description
-----------------------------------------------------------------------------
                  0.15    0.00    0.00   clock fake_clk (rise edge)
                          0.00    0.00   clock network delay (ideal)
                          2.00    2.00 v input external delay
    32    0.11    0.23    0.16    2.16 v select[1] (in)
                                         select[1] (net)
                  0.23    0.00    2.16 v _1678_/S (sky130_fd_sc_hd__mux2_1)
     2    0.00    0.05    0.26    2.43 ^ _1678_/X (sky130_fd_sc_hd__mux2_1)
                                         _0061_ (net)
                  0.05    0.00    2.43 ^ _1936_/A (sky130_fd_sc_hd__buf_2)
     1    0.03    0.17    0.19    2.62 ^ _1936_/X (sky130_fd_sc_hd__buf_2)
                                         result[26] (net)
                  0.17    0.00    2.62 ^ result[26] (out)
                                  2.62   data arrival time

                  0.15    0.00    0.00   clock fake_clk (rise edge)
                          0.00    0.00   clock network delay (ideal)
                          0.25    0.25   clock uncertainty
                          0.00    0.25   clock reconvergence pessimism
                         -2.00   -1.75   output external delay
                                 -1.75   data required time
-----------------------------------------------------------------------------
                                 -1.75   data required time
                                 -2.62   data arrival time
-----------------------------------------------------------------------------
                                  4.37   slack (MET)


Startpoint: select[1] (input port clocked by fake_clk)
Endpoint: result[27] (output port clocked by fake_clk)
Path Group: fake_clk
Path Type: min

Fanout     Cap    Slew   Delay    Time   Description
-----------------------------------------------------------------------------
                  0.15    0.00    0.00   clock fake_clk (rise edge)
                          0.00    0.00   clock network delay (ideal)
                          2.00    2.00 v input external delay
    32    0.11    0.23    0.16    2.16 v select[1] (in)
                                         select[1] (net)
                  0.23    0.00    2.16 v _1692_/S (sky130_fd_sc_hd__mux2_1)
     2    0.00    0.05    0.26    2.43 ^ _1692_/X (sky130_fd_sc_hd__mux2_1)
                                         _0062_ (net)
                  0.05    0.00    2.43 ^ _1937_/A (sky130_fd_sc_hd__buf_2)
     1    0.03    0.17    0.19    2.62 ^ _1937_/X (sky130_fd_sc_hd__buf_2)
                                         result[27] (net)
                  0.17    0.00    2.62 ^ result[27] (out)
                                  2.62   data arrival time

                  0.15    0.00    0.00   clock fake_clk (rise edge)
                          0.00    0.00   clock network delay (ideal)
                          0.25    0.25   clock uncertainty
                          0.00    0.25   clock reconvergence pessimism
                         -2.00   -1.75   output external delay
                                 -1.75   data required time
-----------------------------------------------------------------------------
                                 -1.75   data required time
                                 -2.62   data arrival time
-----------------------------------------------------------------------------
                                  4.37   slack (MET)


Startpoint: select[1] (input port clocked by fake_clk)
Endpoint: result[2] (output port clocked by fake_clk)
Path Group: fake_clk
Path Type: min

Fanout     Cap    Slew   Delay    Time   Description
-----------------------------------------------------------------------------
                  0.15    0.00    0.00   clock fake_clk (rise edge)
                          0.00    0.00   clock network delay (ideal)
                          2.00    2.00 v input external delay
    32    0.11    0.23    0.16    2.16 v select[1] (in)
                                         select[1] (net)
                  0.23    0.00    2.16 v _1734_/S (sky130_fd_sc_hd__mux2_1)
     2    0.00    0.05    0.26    2.43 ^ _1734_/X (sky130_fd_sc_hd__mux2_1)
                                         _0065_ (net)
                  0.05    0.00    2.43 ^ _1912_/A (sky130_fd_sc_hd__buf_2)
     1    0.03    0.17    0.19    2.62 ^ _1912_/X (sky130_fd_sc_hd__buf_2)
                                         result[2] (net)
                  0.17    0.00    2.62 ^ result[2] (out)
                                  2.62   data arrival time

                  0.15    0.00    0.00   clock fake_clk (rise edge)
                          0.00    0.00   clock network delay (ideal)
                          0.25    0.25   clock uncertainty
                          0.00    0.25   clock reconvergence pessimism
                         -2.00   -1.75   output external delay
                                 -1.75   data required time
-----------------------------------------------------------------------------
                                 -1.75   data required time
                                 -2.62   data arrival time
-----------------------------------------------------------------------------
                                  4.37   slack (MET)


Startpoint: select[1] (input port clocked by fake_clk)
Endpoint: result[3] (output port clocked by fake_clk)
Path Group: fake_clk
Path Type: min

Fanout     Cap    Slew   Delay    Time   Description
-----------------------------------------------------------------------------
                  0.15    0.00    0.00   clock fake_clk (rise edge)
                          0.00    0.00   clock network delay (ideal)
                          2.00    2.00 v input external delay
    32    0.11    0.23    0.16    2.16 v select[1] (in)
                                         select[1] (net)
                  0.23    0.00    2.16 v _1762_/S (sky130_fd_sc_hd__mux2_1)
     2    0.00    0.05    0.26    2.43 ^ _1762_/X (sky130_fd_sc_hd__mux2_1)
                                         _0068_ (net)
                  0.05    0.00    2.43 ^ _1913_/A (sky130_fd_sc_hd__buf_2)
     1    0.03    0.17    0.19    2.62 ^ _1913_/X (sky130_fd_sc_hd__buf_2)
                                         result[3] (net)
                  0.17    0.00    2.62 ^ result[3] (out)
                                  2.62   data arrival time

                  0.15    0.00    0.00   clock fake_clk (rise edge)
                          0.00    0.00   clock network delay (ideal)
                          0.25    0.25   clock uncertainty
                          0.00    0.25   clock reconvergence pessimism
                         -2.00   -1.75   output external delay
                                 -1.75   data required time
-----------------------------------------------------------------------------
                                 -1.75   data required time
                                 -2.62   data arrival time
-----------------------------------------------------------------------------
                                  4.37   slack (MET)


Startpoint: select[1] (input port clocked by fake_clk)
Endpoint: result[14] (output port clocked by fake_clk)
Path Group: fake_clk
Path Type: min

Fanout     Cap    Slew   Delay    Time   Description
-----------------------------------------------------------------------------
                  0.15    0.00    0.00   clock fake_clk (rise edge)
                          0.00    0.00   clock network delay (ideal)
                          2.00    2.00 v input external delay
    32    0.11    0.23    0.16    2.16 v select[1] (in)
                                         select[1] (net)
                  0.23    0.00    2.16 v _1496_/S (sky130_fd_sc_hd__mux2_1)
     2    0.00    0.06    0.27    2.43 ^ _1496_/X (sky130_fd_sc_hd__mux2_1)
                                         _0048_ (net)
                  0.06    0.00    2.43 ^ _1924_/A (sky130_fd_sc_hd__buf_2)
     1    0.03    0.17    0.19    2.62 ^ _1924_/X (sky130_fd_sc_hd__buf_2)
                                         result[14] (net)
                  0.17    0.00    2.62 ^ result[14] (out)
                                  2.62   data arrival time

                  0.15    0.00    0.00   clock fake_clk (rise edge)
                          0.00    0.00   clock network delay (ideal)
                          0.25    0.25   clock uncertainty
                          0.00    0.25   clock reconvergence pessimism
                         -2.00   -1.75   output external delay
                                 -1.75   data required time
-----------------------------------------------------------------------------
                                 -1.75   data required time
                                 -2.62   data arrival time
-----------------------------------------------------------------------------
                                  4.37   slack (MET)


Startpoint: select[1] (input port clocked by fake_clk)
Endpoint: result[15] (output port clocked by fake_clk)
Path Group: fake_clk
Path Type: min

Fanout     Cap    Slew   Delay    Time   Description
-----------------------------------------------------------------------------
                  0.15    0.00    0.00   clock fake_clk (rise edge)
                          0.00    0.00   clock network delay (ideal)
                          2.00    2.00 v input external delay
    32    0.11    0.23    0.16    2.16 v select[1] (in)
                                         select[1] (net)
                  0.23    0.00    2.16 v _1510_/S (sky130_fd_sc_hd__mux2_1)
     2    0.00    0.06    0.27    2.43 ^ _1510_/X (sky130_fd_sc_hd__mux2_1)
                                         _0049_ (net)
                  0.06    0.00    2.43 ^ _1925_/A (sky130_fd_sc_hd__buf_2)
     1    0.03    0.17    0.19    2.62 ^ _1925_/X (sky130_fd_sc_hd__buf_2)
                                         result[15] (net)
                  0.17    0.00    2.62 ^ result[15] (out)
                                  2.62   data arrival time

                  0.15    0.00    0.00   clock fake_clk (rise edge)
                          0.00    0.00   clock network delay (ideal)
                          0.25    0.25   clock uncertainty
                          0.00    0.25   clock reconvergence pessimism
                         -2.00   -1.75   output external delay
                                 -1.75   data required time
-----------------------------------------------------------------------------
                                 -1.75   data required time
                                 -2.62   data arrival time
-----------------------------------------------------------------------------
                                  4.37   slack (MET)


Startpoint: select[1] (input port clocked by fake_clk)
Endpoint: result[22] (output port clocked by fake_clk)
Path Group: fake_clk
Path Type: min

Fanout     Cap    Slew   Delay    Time   Description
-----------------------------------------------------------------------------
                  0.15    0.00    0.00   clock fake_clk (rise edge)
                          0.00    0.00   clock network delay (ideal)
                          2.00    2.00 v input external delay
    32    0.11    0.23    0.16    2.16 v select[1] (in)
                                         select[1] (net)
                  0.23    0.00    2.16 v _1622_/S (sky130_fd_sc_hd__mux2_1)
     2    0.00    0.06    0.27    2.43 ^ _1622_/X (sky130_fd_sc_hd__mux2_1)
                                         _0057_ (net)
                  0.06    0.00    2.43 ^ _1932_/A (sky130_fd_sc_hd__buf_2)
     1    0.03    0.17    0.19    2.62 ^ _1932_/X (sky130_fd_sc_hd__buf_2)
                                         result[22] (net)
                  0.17    0.00    2.62 ^ result[22] (out)
                                  2.62   data arrival time

                  0.15    0.00    0.00   clock fake_clk (rise edge)
                          0.00    0.00   clock network delay (ideal)
                          0.25    0.25   clock uncertainty
                          0.00    0.25   clock reconvergence pessimism
                         -2.00   -1.75   output external delay
                                 -1.75   data required time
-----------------------------------------------------------------------------
                                 -1.75   data required time
                                 -2.62   data arrival time
-----------------------------------------------------------------------------
                                  4.37   slack (MET)


Startpoint: select[1] (input port clocked by fake_clk)
Endpoint: result[23] (output port clocked by fake_clk)
Path Group: fake_clk
Path Type: min

Fanout     Cap    Slew   Delay    Time   Description
-----------------------------------------------------------------------------
                  0.15    0.00    0.00   clock fake_clk (rise edge)
                          0.00    0.00   clock network delay (ideal)
                          2.00    2.00 v input external delay
    32    0.11    0.23    0.16    2.16 v select[1] (in)
                                         select[1] (net)
                  0.23    0.00    2.16 v _1636_/S (sky130_fd_sc_hd__mux2_1)
     2    0.00    0.06    0.27    2.43 ^ _1636_/X (sky130_fd_sc_hd__mux2_1)
                                         _0058_ (net)
                  0.06    0.00    2.43 ^ _1933_/A (sky130_fd_sc_hd__buf_2)
     1    0.03    0.17    0.19    2.62 ^ _1933_/X (sky130_fd_sc_hd__buf_2)
                                         result[23] (net)
                  0.17    0.00    2.62 ^ result[23] (out)
                                  2.62   data arrival time

                  0.15    0.00    0.00   clock fake_clk (rise edge)
                          0.00    0.00   clock network delay (ideal)
                          0.25    0.25   clock uncertainty
                          0.00    0.25   clock reconvergence pessimism
                         -2.00   -1.75   output external delay
                                 -1.75   data required time
-----------------------------------------------------------------------------
                                 -1.75   data required time
                                 -2.62   data arrival time
-----------------------------------------------------------------------------
                                  4.37   slack (MET)


Startpoint: select[1] (input port clocked by fake_clk)
Endpoint: result[30] (output port clocked by fake_clk)
Path Group: fake_clk
Path Type: min

Fanout     Cap    Slew   Delay    Time   Description
-----------------------------------------------------------------------------
                  0.15    0.00    0.00   clock fake_clk (rise edge)
                          0.00    0.00   clock network delay (ideal)
                          2.00    2.00 v input external delay
    32    0.11    0.23    0.16    2.16 v select[1] (in)
                                         select[1] (net)
                  0.23    0.00    2.16 v _1748_/S (sky130_fd_sc_hd__mux2_1)
     2    0.00    0.06    0.27    2.43 ^ _1748_/X (sky130_fd_sc_hd__mux2_1)
                                         _0066_ (net)
                  0.06    0.00    2.43 ^ _1940_/A (sky130_fd_sc_hd__buf_2)
     1    0.03    0.17    0.19    2.62 ^ _1940_/X (sky130_fd_sc_hd__buf_2)
                                         result[30] (net)
                  0.17    0.00    2.62 ^ result[30] (out)
                                  2.62   data arrival time

                  0.15    0.00    0.00   clock fake_clk (rise edge)
                          0.00    0.00   clock network delay (ideal)
                          0.25    0.25   clock uncertainty
                          0.00    0.25   clock reconvergence pessimism
                         -2.00   -1.75   output external delay
                                 -1.75   data required time
-----------------------------------------------------------------------------
                                 -1.75   data required time
                                 -2.62   data arrival time
-----------------------------------------------------------------------------
                                  4.37   slack (MET)


Startpoint: select[1] (input port clocked by fake_clk)
Endpoint: result[31] (output port clocked by fake_clk)
Path Group: fake_clk
Path Type: min

Fanout     Cap    Slew   Delay    Time   Description
-----------------------------------------------------------------------------
                  0.15    0.00    0.00   clock fake_clk (rise edge)
                          0.00    0.00   clock network delay (ideal)
                          2.00    2.00 v input external delay
    32    0.11    0.23    0.16    2.16 v select[1] (in)
                                         select[1] (net)
                  0.23    0.00    2.16 v _1426_/S (sky130_fd_sc_hd__mux2_1)
     2    0.00    0.06    0.27    2.43 ^ _1426_/X (sky130_fd_sc_hd__mux2_1)
                                         _0067_ (net)
                  0.06    0.00    2.43 ^ _1941_/A (sky130_fd_sc_hd__buf_2)
     1    0.03    0.17    0.19    2.62 ^ _1941_/X (sky130_fd_sc_hd__buf_2)
                                         result[31] (net)
                  0.17    0.00    2.62 ^ result[31] (out)
                                  2.62   data arrival time

                  0.15    0.00    0.00   clock fake_clk (rise edge)
                          0.00    0.00   clock network delay (ideal)
                          0.25    0.25   clock uncertainty
                          0.00    0.25   clock reconvergence pessimism
                         -2.00   -1.75   output external delay
                                 -1.75   data required time
-----------------------------------------------------------------------------
                                 -1.75   data required time
                                 -2.62   data arrival time
-----------------------------------------------------------------------------
                                  4.37   slack (MET)


Startpoint: select[1] (input port clocked by fake_clk)
Endpoint: result[6] (output port clocked by fake_clk)
Path Group: fake_clk
Path Type: min

Fanout     Cap    Slew   Delay    Time   Description
-----------------------------------------------------------------------------
                  0.15    0.00    0.00   clock fake_clk (rise edge)
                          0.00    0.00   clock network delay (ideal)
                          2.00    2.00 v input external delay
    32    0.11    0.23    0.16    2.16 v select[1] (in)
                                         select[1] (net)
                  0.23    0.00    2.16 v _1804_/S (sky130_fd_sc_hd__mux2_1)
     2    0.00    0.06    0.27    2.43 ^ _1804_/X (sky130_fd_sc_hd__mux2_1)
                                         _0071_ (net)
                  0.06    0.00    2.43 ^ _1916_/A (sky130_fd_sc_hd__buf_2)
     1    0.03    0.17    0.19    2.62 ^ _1916_/X (sky130_fd_sc_hd__buf_2)
                                         result[6] (net)
                  0.17    0.00    2.62 ^ result[6] (out)
                                  2.62   data arrival time

                  0.15    0.00    0.00   clock fake_clk (rise edge)
                          0.00    0.00   clock network delay (ideal)
                          0.25    0.25   clock uncertainty
                          0.00    0.25   clock reconvergence pessimism
                         -2.00   -1.75   output external delay
                                 -1.75   data required time
-----------------------------------------------------------------------------
                                 -1.75   data required time
                                 -2.62   data arrival time
-----------------------------------------------------------------------------
                                  4.37   slack (MET)


Startpoint: select[1] (input port clocked by fake_clk)
Endpoint: result[7] (output port clocked by fake_clk)
Path Group: fake_clk
Path Type: min

Fanout     Cap    Slew   Delay    Time   Description
-----------------------------------------------------------------------------
                  0.15    0.00    0.00   clock fake_clk (rise edge)
                          0.00    0.00   clock network delay (ideal)
                          2.00    2.00 v input external delay
    32    0.11    0.23    0.16    2.16 v select[1] (in)
                                         select[1] (net)
                  0.23    0.00    2.16 v _1818_/S (sky130_fd_sc_hd__mux2_1)
     2    0.00    0.06    0.27    2.43 ^ _1818_/X (sky130_fd_sc_hd__mux2_1)
                                         _0072_ (net)
                  0.06    0.00    2.43 ^ _1917_/A (sky130_fd_sc_hd__buf_2)
     1    0.03    0.17    0.19    2.62 ^ _1917_/X (sky130_fd_sc_hd__buf_2)
                                         result[7] (net)
                  0.17    0.00    2.62 ^ result[7] (out)
                                  2.62   data arrival time

                  0.15    0.00    0.00   clock fake_clk (rise edge)
                          0.00    0.00   clock network delay (ideal)
                          0.25    0.25   clock uncertainty
                          0.00    0.25   clock reconvergence pessimism
                         -2.00   -1.75   output external delay
                                 -1.75   data required time
-----------------------------------------------------------------------------
                                 -1.75   data required time
                                 -2.62   data arrival time
-----------------------------------------------------------------------------
                                  4.37   slack (MET)


Startpoint: select[1] (input port clocked by fake_clk)
Endpoint: result[12] (output port clocked by fake_clk)
Path Group: fake_clk
Path Type: min

Fanout     Cap    Slew   Delay    Time   Description
-----------------------------------------------------------------------------
                  0.15    0.00    0.00   clock fake_clk (rise edge)
                          0.00    0.00   clock network delay (ideal)
                          2.00    2.00 v input external delay
    32    0.11    0.23    0.16    2.16 v select[1] (in)
                                         select[1] (net)
                  0.23    0.00    2.16 v _1468_/S (sky130_fd_sc_hd__mux2_1)
     2    0.00    0.06    0.27    2.43 ^ _1468_/X (sky130_fd_sc_hd__mux2_1)
                                         _0046_ (net)
                  0.06    0.00    2.43 ^ _1922_/A (sky130_fd_sc_hd__buf_2)
     1    0.03    0.17    0.19    2.62 ^ _1922_/X (sky130_fd_sc_hd__buf_2)
                                         result[12] (net)
                  0.17    0.00    2.62 ^ result[12] (out)
                                  2.62   data arrival time

                  0.15    0.00    0.00   clock fake_clk (rise edge)
                          0.00    0.00   clock network delay (ideal)
                          0.25    0.25   clock uncertainty
                          0.00    0.25   clock reconvergence pessimism
                         -2.00   -1.75   output external delay
                                 -1.75   data required time
-----------------------------------------------------------------------------
                                 -1.75   data required time
                                 -2.62   data arrival time
-----------------------------------------------------------------------------
                                  4.37   slack (MET)


Startpoint: select[1] (input port clocked by fake_clk)
Endpoint: result[13] (output port clocked by fake_clk)
Path Group: fake_clk
Path Type: min

Fanout     Cap    Slew   Delay    Time   Description
-----------------------------------------------------------------------------
                  0.15    0.00    0.00   clock fake_clk (rise edge)
                          0.00    0.00   clock network delay (ideal)
                          2.00    2.00 v input external delay
    32    0.11    0.23    0.16    2.16 v select[1] (in)
                                         select[1] (net)
                  0.23    0.00    2.16 v _1482_/S (sky130_fd_sc_hd__mux2_1)
     2    0.00    0.06    0.27    2.43 ^ _1482_/X (sky130_fd_sc_hd__mux2_1)
                                         _0047_ (net)
                  0.06    0.00    2.43 ^ _1923_/A (sky130_fd_sc_hd__buf_2)
     1    0.03    0.17    0.19    2.62 ^ _1923_/X (sky130_fd_sc_hd__buf_2)
                                         result[13] (net)
                  0.17    0.00    2.62 ^ result[13] (out)
                                  2.62   data arrival time

                  0.15    0.00    0.00   clock fake_clk (rise edge)
                          0.00    0.00   clock network delay (ideal)
                          0.25    0.25   clock uncertainty
                          0.00    0.25   clock reconvergence pessimism
                         -2.00   -1.75   output external delay
                                 -1.75   data required time
-----------------------------------------------------------------------------
                                 -1.75   data required time
                                 -2.62   data arrival time
-----------------------------------------------------------------------------
                                  4.37   slack (MET)


Startpoint: select[1] (input port clocked by fake_clk)
Endpoint: result[20] (output port clocked by fake_clk)
Path Group: fake_clk
Path Type: min

Fanout     Cap    Slew   Delay    Time   Description
-----------------------------------------------------------------------------
                  0.15    0.00    0.00   clock fake_clk (rise edge)
                          0.00    0.00   clock network delay (ideal)
                          2.00    2.00 v input external delay
    32    0.11    0.23    0.16    2.16 v select[1] (in)
                                         select[1] (net)
                  0.23    0.00    2.16 v _1594_/S (sky130_fd_sc_hd__mux2_1)
     2    0.00    0.06    0.27    2.43 ^ _1594_/X (sky130_fd_sc_hd__mux2_1)
                                         _0055_ (net)
                  0.06    0.00    2.43 ^ _1930_/A (sky130_fd_sc_hd__buf_2)
     1    0.03    0.17    0.19    2.62 ^ _1930_/X (sky130_fd_sc_hd__buf_2)
                                         result[20] (net)
                  0.17    0.00    2.62 ^ result[20] (out)
                                  2.62   data arrival time

                  0.15    0.00    0.00   clock fake_clk (rise edge)
                          0.00    0.00   clock network delay (ideal)
                          0.25    0.25   clock uncertainty
                          0.00    0.25   clock reconvergence pessimism
                         -2.00   -1.75   output external delay
                                 -1.75   data required time
-----------------------------------------------------------------------------
                                 -1.75   data required time
                                 -2.62   data arrival time
-----------------------------------------------------------------------------
                                  4.37   slack (MET)


Startpoint: select[1] (input port clocked by fake_clk)
Endpoint: result[21] (output port clocked by fake_clk)
Path Group: fake_clk
Path Type: min

Fanout     Cap    Slew   Delay    Time   Description
-----------------------------------------------------------------------------
                  0.15    0.00    0.00   clock fake_clk (rise edge)
                          0.00    0.00   clock network delay (ideal)
                          2.00    2.00 v input external delay
    32    0.11    0.23    0.16    2.16 v select[1] (in)
                                         select[1] (net)
                  0.23    0.00    2.16 v _1608_/S (sky130_fd_sc_hd__mux2_1)
     2    0.00    0.06    0.27    2.43 ^ _1608_/X (sky130_fd_sc_hd__mux2_1)
                                         _0056_ (net)
                  0.06    0.00    2.43 ^ _1931_/A (sky130_fd_sc_hd__buf_2)
     1    0.03    0.17    0.19    2.62 ^ _1931_/X (sky130_fd_sc_hd__buf_2)
                                         result[21] (net)
                  0.17    0.00    2.62 ^ result[21] (out)
                                  2.62   data arrival time

                  0.15    0.00    0.00   clock fake_clk (rise edge)
                          0.00    0.00   clock network delay (ideal)
                          0.25    0.25   clock uncertainty
                          0.00    0.25   clock reconvergence pessimism
                         -2.00   -1.75   output external delay
                                 -1.75   data required time
-----------------------------------------------------------------------------
                                 -1.75   data required time
                                 -2.62   data arrival time
-----------------------------------------------------------------------------
                                  4.37   slack (MET)


Startpoint: select[1] (input port clocked by fake_clk)
Endpoint: result[28] (output port clocked by fake_clk)
Path Group: fake_clk
Path Type: min

Fanout     Cap    Slew   Delay    Time   Description
-----------------------------------------------------------------------------
                  0.15    0.00    0.00   clock fake_clk (rise edge)
                          0.00    0.00   clock network delay (ideal)
                          2.00    2.00 v input external delay
    32    0.11    0.23    0.16    2.16 v select[1] (in)
                                         select[1] (net)
                  0.23    0.00    2.16 v _1706_/S (sky130_fd_sc_hd__mux2_1)
     2    0.00    0.06    0.27    2.43 ^ _1706_/X (sky130_fd_sc_hd__mux2_1)
                                         _0063_ (net)
                  0.06    0.00    2.43 ^ _1938_/A (sky130_fd_sc_hd__buf_2)
     1    0.03    0.17    0.19    2.62 ^ _1938_/X (sky130_fd_sc_hd__buf_2)
                                         result[28] (net)
                  0.17    0.00    2.62 ^ result[28] (out)
                                  2.62   data arrival time

                  0.15    0.00    0.00   clock fake_clk (rise edge)
                          0.00    0.00   clock network delay (ideal)
                          0.25    0.25   clock uncertainty
                          0.00    0.25   clock reconvergence pessimism
                         -2.00   -1.75   output external delay
                                 -1.75   data required time
-----------------------------------------------------------------------------
                                 -1.75   data required time
                                 -2.62   data arrival time
-----------------------------------------------------------------------------
                                  4.37   slack (MET)


Startpoint: select[1] (input port clocked by fake_clk)
Endpoint: result[29] (output port clocked by fake_clk)
Path Group: fake_clk
Path Type: min

Fanout     Cap    Slew   Delay    Time   Description
-----------------------------------------------------------------------------
                  0.15    0.00    0.00   clock fake_clk (rise edge)
                          0.00    0.00   clock network delay (ideal)
                          2.00    2.00 v input external delay
    32    0.11    0.23    0.16    2.16 v select[1] (in)
                                         select[1] (net)
                  0.23    0.00    2.16 v _1720_/S (sky130_fd_sc_hd__mux2_1)
     2    0.00    0.06    0.27    2.43 ^ _1720_/X (sky130_fd_sc_hd__mux2_1)
                                         _0064_ (net)
                  0.06    0.00    2.43 ^ _1939_/A (sky130_fd_sc_hd__buf_2)
     1    0.03    0.17    0.19    2.62 ^ _1939_/X (sky130_fd_sc_hd__buf_2)
                                         result[29] (net)
                  0.17    0.00    2.62 ^ result[29] (out)
                                  2.62   data arrival time

                  0.15    0.00    0.00   clock fake_clk (rise edge)
                          0.00    0.00   clock network delay (ideal)
                          0.25    0.25   clock uncertainty
                          0.00    0.25   clock reconvergence pessimism
                         -2.00   -1.75   output external delay
                                 -1.75   data required time
-----------------------------------------------------------------------------
                                 -1.75   data required time
                                 -2.62   data arrival time
-----------------------------------------------------------------------------
                                  4.37   slack (MET)


Startpoint: select[1] (input port clocked by fake_clk)
Endpoint: result[4] (output port clocked by fake_clk)
Path Group: fake_clk
Path Type: min

Fanout     Cap    Slew   Delay    Time   Description
-----------------------------------------------------------------------------
                  0.15    0.00    0.00   clock fake_clk (rise edge)
                          0.00    0.00   clock network delay (ideal)
                          2.00    2.00 v input external delay
    32    0.11    0.23    0.16    2.16 v select[1] (in)
                                         select[1] (net)
                  0.23    0.00    2.16 v _1776_/S (sky130_fd_sc_hd__mux2_1)
     2    0.00    0.06    0.27    2.43 ^ _1776_/X (sky130_fd_sc_hd__mux2_1)
                                         _0069_ (net)
                  0.06    0.00    2.43 ^ _1914_/A (sky130_fd_sc_hd__buf_2)
     1    0.03    0.17    0.19    2.62 ^ _1914_/X (sky130_fd_sc_hd__buf_2)
                                         result[4] (net)
                  0.17    0.00    2.62 ^ result[4] (out)
                                  2.62   data arrival time

                  0.15    0.00    0.00   clock fake_clk (rise edge)
                          0.00    0.00   clock network delay (ideal)
                          0.25    0.25   clock uncertainty
                          0.00    0.25   clock reconvergence pessimism
                         -2.00   -1.75   output external delay
                                 -1.75   data required time
-----------------------------------------------------------------------------
                                 -1.75   data required time
                                 -2.62   data arrival time
-----------------------------------------------------------------------------
                                  4.37   slack (MET)


Startpoint: select[1] (input port clocked by fake_clk)
Endpoint: result[5] (output port clocked by fake_clk)
Path Group: fake_clk
Path Type: min

Fanout     Cap    Slew   Delay    Time   Description
-----------------------------------------------------------------------------
                  0.15    0.00    0.00   clock fake_clk (rise edge)
                          0.00    0.00   clock network delay (ideal)
                          2.00    2.00 v input external delay
    32    0.11    0.23    0.16    2.16 v select[1] (in)
                                         select[1] (net)
                  0.23    0.00    2.16 v _1790_/S (sky130_fd_sc_hd__mux2_1)
     2    0.00    0.06    0.27    2.43 ^ _1790_/X (sky130_fd_sc_hd__mux2_1)
                                         _0070_ (net)
                  0.06    0.00    2.43 ^ _1915_/A (sky130_fd_sc_hd__buf_2)
     1    0.03    0.17    0.19    2.62 ^ _1915_/X (sky130_fd_sc_hd__buf_2)
                                         result[5] (net)
                  0.17    0.00    2.62 ^ result[5] (out)
                                  2.62   data arrival time

                  0.15    0.00    0.00   clock fake_clk (rise edge)
                          0.00    0.00   clock network delay (ideal)
                          0.25    0.25   clock uncertainty
                          0.00    0.25   clock reconvergence pessimism
                         -2.00   -1.75   output external delay
                                 -1.75   data required time
-----------------------------------------------------------------------------
                                 -1.75   data required time
                                 -2.62   data arrival time
-----------------------------------------------------------------------------
                                  4.37   slack (MET)


Startpoint: b[30] (input port clocked by fake_clk)
Endpoint: overflow (output port clocked by fake_clk)
Path Group: fake_clk
Path Type: min

Fanout     Cap    Slew   Delay    Time   Description
-----------------------------------------------------------------------------
                  0.15    0.00    0.00   clock fake_clk (rise edge)
                          0.00    0.00   clock network delay (ideal)
                          2.00    2.00 ^ input external delay
     2    0.00    0.03    0.02    2.02 ^ b[30] (in)
                                         b[30] (net)
                  0.03    0.00    2.02 ^ _1746_/A0 (sky130_fd_sc_hd__mux2_1)
     4    0.01    0.10    0.15    2.16 ^ _1746_/X (sky130_fd_sc_hd__mux2_1)
                                         _1068_ (net)
                  0.10    0.00    2.16 ^ _1741_/A (sky130_fd_sc_hd__and2_0)
     1    0.00    0.04    0.11    2.27 ^ _1741_/X (sky130_fd_sc_hd__and2_0)
                                         _1070_ (net)
                  0.04    0.00    2.27 ^ _1740_/A (sky130_fd_sc_hd__lpflow_inputiso1p_1)
     3    0.01    0.11    0.13    2.40 ^ _1740_/X (sky130_fd_sc_hd__lpflow_inputiso1p_1)
                                         _0030_ (net)
                  0.11    0.00    2.40 ^ _1399_/B (sky130_fd_sc_hd__xor2_1)
     1    0.03    0.16    0.21    2.62 v _1399_/X (sky130_fd_sc_hd__xor2_1)
                                         overflow (net)
                  0.16    0.00    2.62 v overflow (out)
                                  2.62   data arrival time

                  0.15    0.00    0.00   clock fake_clk (rise edge)
                          0.00    0.00   clock network delay (ideal)
                          0.25    0.25   clock uncertainty
                          0.00    0.25   clock reconvergence pessimism
                         -2.00   -1.75   output external delay
                                 -1.75   data required time
-----------------------------------------------------------------------------
                                 -1.75   data required time
                                 -2.62   data arrival time
-----------------------------------------------------------------------------
                                  4.37   slack (MET)



worst slack corner Typical: 4.2864
