******************************************************************************
             TMS320C2000 Linker Unix v22.6.0                   
******************************************************************************
>> Linked Sat Apr 26 15:34:25 2025

OUTPUT FILE NAME:   <FIR_Timer_NR.out>
ENTRY POINT SYMBOL: "code_start"  address: 00000000


MEMORY CONFIGURATION

         name            origin    length      used     unused   attr    fill
----------------------  --------  ---------  --------  --------  ----  --------
PAGE 0:
  BEGIN                 00000000   00000002  00000002  00000000  RWIX
  RAMM0                 00000123   000002dd  00000058  00000285  RWIX
  RAMLS0                00008000   00000800  00000800  00000000  RWIX
  RAMLS1                00008800   00000800  00000800  00000000  RWIX
  RAMLS2                00009000   00000800  000007fe  00000002  RWIX
  RAMLS3                00009800   00000800  00000800  00000000  RWIX
  RAMLS4                0000a000   00000800  0000035c  000004a4  RWIX
  RAMD0                 0000b000   00000800  00000800  00000000  RWIX
  FLASHA                00080002   00001ffe  00000000  00001ffe  RWIX
  FLASHB                00082000   00002000  00000000  00002000  RWIX
  FLASHC                00084000   00002000  00000000  00002000  RWIX
  FLASHD                00086000   00002000  00000000  00002000  RWIX
  FLASHE                00088000   00008000  00000000  00008000  RWIX
  FLASHF                00090000   00008000  00000000  00008000  RWIX
  FLASHG                00098000   00008000  00000000  00008000  RWIX
  FLASHH                000a0000   00008000  00000000  00008000  RWIX
  FLASHI                000a8000   00008000  00000000  00008000  RWIX
  FLASHJ                000b0000   00008000  00000000  00008000  RWIX
  FLASHK                000b8000   00002000  00000000  00002000  RWIX
  FLASHL                000ba000   00002000  00000000  00002000  RWIX
  FLASHM                000bc000   00002000  00000000  00002000  RWIX
  FLASHN                000be000   00001ff0  00000000  00001ff0  RWIX
  RESET                 003fffc0   00000002  00000000  00000002  RWIX

PAGE 1:
  BOOT_RSVD             00000002   00000121  00000000  00000121  RWIX
  RAMM1                 00000400   000003f8  000003f8  00000000  RWIX
  RAMLS5                0000a800   00000800  0000064f  000001b1  RWIX
  RAMD1                 0000b800   00000800  00000000  00000800  RWIX
  RAMGS0                0000c000   00001000  00001000  00000000  RWIX
  RAMGS1                0000d000   00001000  00001000  00000000  RWIX
  RAMGS2                0000e000   00001000  000007de  00000822  RWIX
  RAMGS3                0000f000   00001000  00000000  00001000  RWIX
  RAMGS4                00010000   00001000  00000000  00001000  RWIX
  RAMGS5                00011000   00001000  00000000  00001000  RWIX
  RAMGS6                00012000   00001000  00000000  00001000  RWIX
  RAMGS7                00013000   00001000  00000000  00001000  RWIX
  RAMGS8                00014000   00001000  00000000  00001000  RWIX
  RAMGS9                00015000   00001000  00000000  00001000  RWIX
  RAMGS10               00016000   00001000  00000000  00001000  RWIX
  RAMGS11               00017000   00001000  00000000  00001000  RWIX
  RAMGS12               00018000   00001000  00000000  00001000  RWIX
  RAMGS13               00019000   00001000  00000000  00001000  RWIX
  RAMGS14               0001a000   00001000  00000000  00001000  RWIX
  RAMGS15               0001b000   00000ff8  00000000  00000ff8  RWIX


SECTION ALLOCATION MAP

 output                                  attributes/
section   page    origin      length       input sections
--------  ----  ----------  ----------   ----------------
codestart 
*          0    00000000    00000002     
                  00000000    00000002     F2837xD_CodeStartBranch.obj (codestart)

.cinit     0    00000128    00000054     
                  00000128    00000030     (.cinit..data.load) [load image, compression = lzss]
                  00000158    00000006     (__TI_handler_table)
                  0000015e    00000004     (.cinit..bss.1.load) [load image, compression = zero_init]
                  00000162    00000004     (.cinit..bss.2.load) [load image, compression = zero_init]
                  00000166    00000004     (.cinit..bss.3.load) [load image, compression = zero_init]
                  0000016a    00000002     --HOLE-- [fill = 0]
                  0000016c    00000010     (__TI_cinit_table)

.reset     0    003fffc0    00000000     DSECT

.stack     1    00000400    000003f8     UNINITIALIZED
                  00000400    000003f8     --HOLE--

.init_array 
*          0    00000123    00000000     UNINITIALIZED

.const     1    0000a800    00000352     
                  0000a800    00000101     rts2800_fpu32_eabi.lib : ctype.c.obj (.const:.string:_ctypes_)
                  0000a901    00000001     --HOLE-- [fill = 0]
                  0000a902    000000c2     driverlib_eabi.lib : sysctl.obj (.const:.string)
                  0000a9c4    000000bc                        : gpio.obj (.const:.string)
                  0000aa80    0000004a     FIR_TIMER.obj (.const:.string)
                  0000aaca    00000026     rts2800_fpu32_eabi.lib : _printfi.c.obj (.const:.string)
                  0000aaf0    0000001c                            : _printfi.c.obj (.const)
                  0000ab0c    0000001c                            : s_scalbn.c.obj (.const)
                  0000ab28    00000013     device.obj (.const:.string)
                  0000ab3b    00000001     --HOLE-- [fill = 0]
                  0000ab3c    0000000c     FIR_TIMER.obj (.const)
                  0000ab48    00000008     rts2800_fpu32_eabi.lib : s_frexp.c.obj (.const)
                  0000ab50    00000002                            : fputs.c.obj (.const:.string)

.sysmem    1    0000ab52    00000200     UNINITIALIZED
                  0000ab52    00000004     rts2800_fpu32_eabi.lib : memory.c.obj (.sysmem)
                  0000ab56    000001fc     --HOLE--

.data      1    0000ad52    000000fd     UNINITIALIZED
                  0000ad52    00000078     rts2800_fpu32_eabi.lib : defs.c.obj (.data:_ftable)
                  0000adca    00000048                            : host_device.c.obj (.data:_device)
                  0000ae12    00000028                            : host_device.c.obj (.data:_stream)
                  0000ae3a    00000006     device.obj (.data)
                  0000ae40    00000006     rts2800_fpu32_eabi.lib : exit.c.obj (.data)
                  0000ae46    00000002                            : _lock.c.obj (.data:_lock)
                  0000ae48    00000002                            : _lock.c.obj (.data:_unlock)
                  0000ae4a    00000001                            : defs.c.obj (.data)
                  0000ae4b    00000001                            : errno.c.obj (.data)
                  0000ae4c    00000001                            : fopen.c.obj (.data)
                  0000ae4d    00000001                            : memory.c.obj (.data)
                  0000ae4e    00000001                            : open.c.obj (.data)

.TI.ramfunc 
*          0    00000123    00000004     
                  00000123    00000004     driverlib_eabi.lib : sysctl.obj (.TI.ramfunc)

.text.1    0    00008000    00000800     
                  00008000    00000614     rts2800_fpu32_eabi.lib : _printfi.c.obj (.text:__TI_printfi)
                  00008614    00000107                            : ll_div28.asm.obj (.text)
                  0000871b    000000a9                            : s_scalbn.c.obj (.text)
                  000087c4    0000003a                            : hostopen.c.obj (.text)
                  000087fe    00000002                            : pre_init.c.obj (.text)

.text.2    0    00008800    00000800     
                  00008800    000003ff     device.obj (.text)
                  00008bff    00000298     rts2800_fpu32_eabi.lib : memory.c.obj (.text)
                  00008e97    000000a8                            : fputs.c.obj (.text)
                  00008f3f    0000009c                            : fd_add28.asm.obj (.text)
                  00008fdb    00000024                            : hostunlink.c.obj (.text)
                  00008fff    00000001                            : startup.c.obj (.text)

.text.3    0    00009000    000007fe     
                  00009000    0000026a     FIR_TIMER.obj (.text)
                  0000926a    00000209     driverlib_eabi.lib : sysctl.obj (.text:SysCtl_setClock)
                  00009473    00000001     --HOLE-- [fill = 0]
                  00009474    00000095     rts2800_fpu32_eabi.lib : trgmsg.c.obj (.text)
                  00009509    00000090     driverlib_eabi.lib : sysctl.obj (.text:SysCtl_selectXTAL)
                  00009599    0000008b     rts2800_fpu32_eabi.lib : fd_div28.asm.obj (.text)
                  00009624    00000088                            : fs_div28.asm.obj (.text)
                  000096ac    00000083                            : fd_mpy28.asm.obj (.text)
                  0000972f    0000007c                            : setvbuf.c.obj (.text)
                  000097ab    00000053                            : fputc.c.obj (.text)

.text.4    0    00009800    00000800     
                  00009800    00000073     rts2800_fpu32_eabi.lib : fflush.c.obj (.text)
                  00009873    00000071                            : open.c.obj (.text)
                  000098e4    00000068     driverlib_eabi.lib : sysctl.obj (.text:SysCtl_getDeviceParametric)
                  0000994c    00000066     rts2800_fpu32_eabi.lib : s_sinf.c.obj (.text)
                  000099b2    00000065                            : _io_perm.c.obj (.text)
                  00009a17    00000063                            : s_cosf.c.obj (.text)
                  00009a7a    00000061                            : hostlseek.c.obj (.text)
                  00009adb    0000005d                            : fclose.c.obj (.text)
                  00009b38    0000005a                            : s_frexp.c.obj (.text)
                  00009b92    00000051     driverlib_eabi.lib : sysctl.obj (.text:SysCtl_getClock)
                  00009be3    00000051     rts2800_fpu32_eabi.lib : getdevice.c.obj (.text)
                  00009c34    00000048     driverlib_eabi.lib : sysctl.obj (.text:SysCtl_selectOscSource)
                  00009c7c    0000003e     rts2800_fpu32_eabi.lib : hostrename.c.obj (.text)
                  00009cba    0000003d                            : fseek.c.obj (.text)
                  00009cf7    00000039                            : hostwrite.c.obj (.text)
                  00009d30    00000038                            : hostread.c.obj (.text)
                  00009d68    00000037     driverlib_eabi.lib : gpio.obj (.text:GPIO_setControllerCore)
                  00009d9f    00000037                        : gpio.obj (.text:GPIO_setPinConfig)
                  00009dd6    00000037                        : gpio.obj (.text:GPIO_setQualificationMode)
                  00009e0d    00000034     rts2800_fpu32_eabi.lib : printf.c.obj (.text)
                  00009e41    00000033                            : close.c.obj (.text)
                  00009e74    00000031     driverlib_eabi.lib : gpio.obj (.text:GPIO_setDirectionMode)
                  00009ea5    00000031     rts2800_fpu32_eabi.lib : atoi.c.obj (.text)
                  00009ed6    00000030                            : _ltoa.c.obj (.text)
                  00009f06    0000002e                            : copy_decompress_lzss.c.obj (.text:decompress:lzss)
                  00009f34    0000002b                            : autoinit.c.obj (.text:__TI_auto_init_nobinit_nopinit)
                  00009f5f    0000002a                            : fd_cmp28.asm.obj (.text)
                  00009f89    0000002a                            : l_div28.asm.obj (.text)
                  00009fb3    00000029                            : exit.c.obj (.text)
                  00009fdc    00000024                            : s_copysign.c.obj (.text)

.text.5    0    0000a000    0000035c     
                  0000a000    00000029     rts2800_fpu32_eabi.lib : hostclose.c.obj (.text)
                  0000a029    00000028     driverlib_eabi.lib : sysctl.obj (.text:CPUTimer_selectClockSource)
                  0000a051    00000001     --HOLE-- [fill = 0]
                  0000a052    00000027     rts2800_fpu32_eabi.lib : e_sqrtf.c.obj (.text)
                  0000a079    00000023                            : fd_tofsfpu32.asm.obj (.text)
                  0000a09c    00000021                            : fd_toi28.asm.obj (.text)
                  0000a0bd    0000001f     driverlib_eabi.lib : sysctl.obj (.text:CPUTimer_getTimerOverflowStatus)
                  0000a0dc    0000001f     rts2800_fpu32_eabi.lib : fd_tol28.asm.obj (.text)
                  0000a0fb    0000001e                            : ll_cmp28.asm.obj (.text)
                  0000a119    0000001d                            : memcpy.c.obj (.text)
                  0000a136    0000001c                            : fs_tofdfpu32.asm.obj (.text)
                  0000a152    0000001c                            : l_tofd28.asm.obj (.text)
                  0000a16e    0000001a     driverlib_eabi.lib : sysctl.obj (.text:CPUTimer_startTimer)
                  0000a188    0000001a                        : sysctl.obj (.text:SysCtl_getLowSpeedClock)
                  0000a1a2    00000019     rts2800_fpu32_eabi.lib : unlink.c.obj (.text)
                  0000a1bb    00000019                            : write.c.obj (.text)
                  0000a1d4    00000018                            : ll_aox28.asm.obj (.text)
                  0000a1ec    00000018                            : lseek.c.obj (.text)
                  0000a204    00000017     driverlib_eabi.lib : sysctl.obj (.text:CPUTimer_isBaseValid)
                  0000a21b    00000017     rts2800_fpu32_eabi.lib : boot28.asm.obj (.text)
                  0000a232    00000015                            : strncpy.c.obj (.text)
                  0000a247    00000014     driverlib_eabi.lib : sysctl.obj (.text:CPUTimer_stopTimer)
                  0000a25b    00000012                        : sysctl.obj (.text:CPUTimer_clearOverflowFlag)
                  0000a26d    00000012                        : sysctl.obj (.text:CPUTimer_disableInterrupt)
                  0000a27f    00000011                        : sysctl.obj (.text:CPUTimer_setPeriod)
                  0000a290    00000010     rts2800_fpu32_eabi.lib : memccpy.c.obj (.text)
                  0000a2a0    0000000f     driverlib_eabi.lib : sysctl.obj (.text:SysCtl_pollCpuTimer)
                  0000a2af    0000000e                        : gpio.obj (.text:GPIO_isPinValid)
                  0000a2bd    0000000e     rts2800_fpu32_eabi.lib : fd_sub28.asm.obj (.text)
                  0000a2cb    0000000d                            : memchr.c.obj (.text)
                  0000a2d8    0000000c                            : args_main.c.obj (.text)
                  0000a2e4    0000000c                            : strchr.c.obj (.text)
                  0000a2f0    0000000b     driverlib_eabi.lib : sysctl.obj (.text:SysCtl_isMCDClockFailureDetected)
                  0000a2fb    0000000b     rts2800_fpu32_eabi.lib : wcslen.c.obj (.text)
                  0000a306    0000000a                            : strcmp.c.obj (.text)
                  0000a310    00000009     driverlib_eabi.lib : sysctl.obj (.text:SysCtl_serviceWatchdog)
                  0000a319    00000009     rts2800_fpu32_eabi.lib : _lock.c.obj (.text)
                  0000a322    00000009                            : fd_neg28.asm.obj (.text)
                  0000a32b    00000008     F2837xD_CodeStartBranch.obj (.text)
                  0000a333    00000008     rts2800_fpu32_eabi.lib : copy_decompress_none.c.obj (.text:decompress:none)
                  0000a33b    00000008                            : strlen.c.obj (.text)
                  0000a343    00000007     driverlib_eabi.lib : sysctl.obj (.text:SysCtl_resetMCD)
                  0000a34a    00000007     rts2800_fpu32_eabi.lib : memset.c.obj (.text)
                  0000a351    00000006                            : copy_zero_init.c.obj (.text:decompress:ZI)
                  0000a357    00000005                            : strcpy.c.obj (.text)

.text.6    0    0000b000    00000800     
                  0000b000    000006c2     rts2800_fpu32_eabi.lib : _printfi.c.obj (.text)
                  0000b6c2    00000121                            : fopen.c.obj (.text)
                  0000b7e3    0000001d                            : i_tofd28.asm.obj (.text)

.bss.1     1    0000c000    00001000     UNINITIALIZED
                  0000c000    00000800     FIR_TIMER.obj (.bss:bit_rev_imag)
                  0000c800    00000800     FIR_TIMER.obj (.bss:bit_rev_real)

.bss.2     1    0000d000    00001000     UNINITIALIZED
                  0000d000    00000800     FIR_TIMER.obj (.bss:signal_real)
                  0000d800    00000400     FIR_TIMER.obj (.bss:magnitude)
                  0000dc00    00000400     FIR_TIMER.obj (.bss:signal_FixedP_imag)

.bss.3     1    0000e000    000007de     UNINITIALIZED
                  0000e000    00000400     FIR_TIMER.obj (.bss:signal_FixedP_real)
                  0000e400    00000200     FIR_TIMER.obj (.bss:magnitude_fixed)
                  0000e600    00000120     rts2800_fpu32_eabi.lib : trgmsg.c.obj (.bss:_CIOBUF_)
                  0000e720    000000a0                            : defs.c.obj (.bss:__TI_tmpnams)
                  0000e7c0    00000014     FIR_TIMER.obj (.bss)
                  0000e7d4    00000008     rts2800_fpu32_eabi.lib : hostopen.c.obj (.bss:parmbuf)
                  0000e7dc    00000002                            : memory.c.obj (.bss)

MODULE SUMMARY

       Module                        code    ro data   rw data
       ------                        ----    -------   -------
    ./
       FIR_TIMER.obj                 618     86        9748   
    +--+-----------------------------+-------+---------+---------+
       Total:                        618     86        9748   
                                                              
    ./device/
       device.obj                    1023    19        6      
       F2837xD_CodeStartBranch.obj   10      0         0      
    +--+-----------------------------+-------+---------+---------+
       Total:                        1033    19        6      
                                                              
    /home/prajuval/ti/C2000Ware_5_03_00_00/driverlib/f2837xd/driverlib/ccs/Debug/driverlib_eabi.lib
       sysctl.obj                    1187    194       0      
       gpio.obj                      228     188       0      
    +--+-----------------------------+-------+---------+---------+
       Total:                        1415    382       0      
                                                              
    /home/prajuval/ti/ccs1200/ccs/tools/compiler/ti-cgt-c2000_22.6.0.LTS/lib/rts2800_fpu32_eabi.lib
       _printfi.c.obj                3286    66        0      
       memory.c.obj                  664     0         3      
       trgmsg.c.obj                  149     0         288    
       fopen.c.obj                   289     0         1      
       defs.c.obj                    0       0         281    
       ll_div28.asm.obj              263     0         0      
       ctype.c.obj                   0       257       0      
       s_scalbn.c.obj                169     28        0      
       fputs.c.obj                   168     2         0      
       fd_add28.asm.obj              156     0         0      
       fd_div28.asm.obj              139     0         0      
       fs_div28.asm.obj              136     0         0      
       fd_mpy28.asm.obj              131     0         0      
       setvbuf.c.obj                 124     0         0      
       fflush.c.obj                  115     0         0      
       open.c.obj                    113     0         1      
       host_device.c.obj             0       0         112    
       s_sinf.c.obj                  102     0         0      
       _io_perm.c.obj                101     0         0      
       s_cosf.c.obj                  99      0         0      
       s_frexp.c.obj                 90      8         0      
       hostlseek.c.obj               97      0         0      
       fclose.c.obj                  93      0         0      
       fputc.c.obj                   83      0         0      
       getdevice.c.obj               81      0         0      
       hostopen.c.obj                58      0         8      
       hostrename.c.obj              62      0         0      
       fseek.c.obj                   61      0         0      
       hostwrite.c.obj               57      0         0      
       hostread.c.obj                56      0         0      
       printf.c.obj                  52      0         0      
       close.c.obj                   51      0         0      
       atoi.c.obj                    49      0         0      
       _ltoa.c.obj                   48      0         0      
       exit.c.obj                    41      0         6      
       copy_decompress_lzss.c.obj    46      0         0      
       autoinit.c.obj                43      0         0      
       fd_cmp28.asm.obj              42      0         0      
       l_div28.asm.obj               42      0         0      
       hostclose.c.obj               41      0         0      
       e_sqrtf.c.obj                 39      0         0      
       hostunlink.c.obj              36      0         0      
       s_copysign.c.obj              36      0         0      
       fd_tofsfpu32.asm.obj          35      0         0      
       fd_toi28.asm.obj              33      0         0      
       fd_tol28.asm.obj              31      0         0      
       ll_cmp28.asm.obj              30      0         0      
       i_tofd28.asm.obj              29      0         0      
       memcpy.c.obj                  29      0         0      
       fs_tofdfpu32.asm.obj          28      0         0      
       l_tofd28.asm.obj              28      0         0      
       unlink.c.obj                  25      0         0      
       write.c.obj                   25      0         0      
       ll_aox28.asm.obj              24      0         0      
       lseek.c.obj                   24      0         0      
       boot28.asm.obj                23      0         0      
       strncpy.c.obj                 21      0         0      
       memccpy.c.obj                 16      0         0      
       fd_sub28.asm.obj              14      0         0      
       _lock.c.obj                   9       0         4      
       memchr.c.obj                  13      0         0      
       args_main.c.obj               12      0         0      
       strchr.c.obj                  12      0         0      
       wcslen.c.obj                  11      0         0      
       strcmp.c.obj                  10      0         0      
       fd_neg28.asm.obj              9       0         0      
       copy_decompress_none.c.obj    8       0         0      
       strlen.c.obj                  8       0         0      
       memset.c.obj                  7       0         0      
       copy_zero_init.c.obj          6       0         0      
       strcpy.c.obj                  5       0         0      
       pre_init.c.obj                2       0         0      
       errno.c.obj                   0       0         1      
       startup.c.obj                 1       0         0      
    +--+-----------------------------+-------+---------+---------+
       Total:                        8036    361       705    
                                                              
       Heap:                         0       0         512    
       Stack:                        0       0         1016   
       Linker Generated:             0       82        0      
    +--+-----------------------------+-------+---------+---------+
       Grand Total:                  11102   930       11987  


LINKER GENERATED COPY TABLES

__TI_cinit_table @ 0000016c records: 4, size/record: 4, table size: 16
	.data: load addr=00000128, load size=00000030 bytes, run addr=0000ad52, run size=000000fd bytes, compression=lzss
	.bss.1: load addr=0000015e, load size=00000004 bytes, run addr=0000c000, run size=00001000 bytes, compression=zero_init
	.bss.2: load addr=00000162, load size=00000004 bytes, run addr=0000d000, run size=00001000 bytes, compression=zero_init
	.bss.3: load addr=00000166, load size=00000004 bytes, run addr=0000e000, run size=000007de bytes, compression=zero_init


LINKER GENERATED HANDLER TABLE

__TI_handler_table @ 00000158 records: 3, size/record: 2, table size: 6
	index: 0, handler: __TI_zero_init
	index: 1, handler: __TI_decompress_lzss
	index: 2, handler: __TI_decompress_none


GLOBAL DATA SYMBOLS: SORTED BY DATA PAGE

address     data page           name
--------    ----------------    ----
00000400      10 (00000400)     __stack

0000a800     2a0 (0000a800)     _ctypes_

0000ab52     2ad (0000ab40)     _sys_memory

0000ad52     2b5 (0000ad40)     _ftable

0000adca     2b7 (0000adc0)     _device

0000ae12     2b8 (0000ae00)     _stream
0000ae3a     2b8 (0000ae00)     Example_Result
0000ae3c     2b8 (0000ae00)     Example_PassCount
0000ae3e     2b8 (0000ae00)     Example_Fail

0000ae40     2b9 (0000ae40)     __TI_enable_exit_profile_output
0000ae42     2b9 (0000ae40)     __TI_cleanup_ptr
0000ae44     2b9 (0000ae40)     __TI_dtors_ptr
0000ae46     2b9 (0000ae40)     _lock
0000ae48     2b9 (0000ae40)     _unlock
0000ae4a     2b9 (0000ae40)     __TI_ft_end
0000ae4b     2b9 (0000ae40)     errno

0000c000     300 (0000c000)     bit_rev_imag

0000c800     320 (0000c800)     bit_rev_real

0000d000     340 (0000d000)     signal_real

0000d800     360 (0000d800)     magnitude

0000dc00     370 (0000dc00)     signal_FixedP_imag

0000e000     380 (0000e000)     signal_FixedP_real

0000e400     390 (0000e400)     magnitude_fixed

0000e600     398 (0000e600)     __CIOBUF_

0000e720     39c (0000e700)     __TI_tmpnams

0000e7c0     39f (0000e7c0)     x
0000e7c2     39f (0000e7c0)     y
0000e7c4     39f (0000e7c0)     even_real
0000e7c6     39f (0000e7c0)     odd_real
0000e7c8     39f (0000e7c0)     even_imag
0000e7ca     39f (0000e7c0)     odd_imag
0000e7cc     39f (0000e7c0)     initial_twiddle
0000e7d0     39f (0000e7c0)     ongoing_twiddle
0000e7d4     39f (0000e7c0)     parmbuf


GLOBAL SYMBOLS: SORTED ALPHABETICALLY BY Name 

page  address   name                                     
----  -------   ----                                     
0     00009fb3  C$$EXIT                                  
0     000094c7  C$$IO$$                                  
0     00008a73  Device_bootCPU2                          
0     00008a42  Device_configureTMXAnalogTrim            
0     000088f0  Device_enableAllPeripherals              
0     00008a2c  Device_enableUnbondedGPIOPullups         
0     00008a0f  Device_enableUnbondedGPIOPullupsFor100Pin
0     000089fc  Device_enableUnbondedGPIOPullupsFor176Pin
0     000088ae  Device_init                              
0     000089db  Device_initGPIO                          
1     0000ae3e  Example_Fail                             
1     0000ae3c  Example_PassCount                        
1     0000ae3a  Example_Result                           
0     00008bfe  Example_done                             
0     00008bf9  Example_setResultFail                    
0     00008bf4  Example_setResultPass                    
0     00009d68  GPIO_setControllerCore                   
0     00009e74  GPIO_setDirectionMode                    
0     00009d9f  GPIO_setPinConfig                        
0     00009dd6  GPIO_setQualificationMode                
0     0000a000  HOSTclose                                
0     00009a7a  HOSTlseek                                
0     000087c4  HOSTopen                                 
0     00009d30  HOSTread                                 
0     00009c7c  HOSTrename                               
0     00008fdb  HOSTunlink                               
0     00009cf7  HOSTwrite                                
0     00000123  SysCtl_delay                             
0     00009b92  SysCtl_getClock                          
0     000098e4  SysCtl_getDeviceParametric               
0     0000a188  SysCtl_getLowSpeedClock                  
0     00009c34  SysCtl_selectOscSource                   
0     00009509  SysCtl_selectXTAL                        
0     0000926a  SysCtl_setClock                          
1     0000e600  __CIOBUF_                                
0     0000016c  __TI_CINIT_Base                          
0     0000017c  __TI_CINIT_Limit                         
0     0000017c  __TI_CINIT_Warm                          
0     00000158  __TI_Handler_Table_Base                  
0     0000015e  __TI_Handler_Table_Limit                 
1     000007f8  __TI_STACK_END                           
abs   000003f8  __TI_STACK_SIZE                          
abs   00000200  __TI_SYSMEM_SIZE                         
0     00009f34  __TI_auto_init_nobinit_nopinit           
0     0000b761  __TI_cleanup                             
1     0000ae42  __TI_cleanup_ptr                         
0     00009adb  __TI_closefile                           
0     00009f06  __TI_decompress_lzss                     
0     0000a333  __TI_decompress_none                     
0     00009800  __TI_doflush                             
1     0000ae44  __TI_dtors_ptr                           
1     0000ae40  __TI_enable_exit_profile_output          
1     0000ae4a  __TI_ft_end                              
0     00008e95  __TI_heap_check                          
0     00008e76  __TI_heap_largest_available              
0     00008e57  __TI_heap_total_available                
0     00009ed6  __TI_ltoa                                
abs   ffffffff  __TI_pprof_out_hndl                      
0     0000848f  __TI_printfi                             
abs   ffffffff  __TI_prof_data_size                      
abs   ffffffff  __TI_prof_data_start                     
0     000099ec  __TI_rd_ok                               
0     000094cc  __TI_readmsg                             
1     0000e720  __TI_tmpnams                             
0     00009474  __TI_writemsg                            
0     000099b2  __TI_wrt_ok                              
0     0000a351  __TI_zero_init                           
0     00008f3f  __c28xabi_addd                           
0     0000a1d4  __c28xabi_andll                          
0     00009f5f  __c28xabi_cmpd                           
0     0000a0fb  __c28xabi_cmpll                          
0     0000a10d  __c28xabi_cmpull                         
0     00009599  __c28xabi_divd                           
0     00009624  __c28xabi_divf                           
0     00009f89  __c28xabi_divl                           
0     00008614  __c28xabi_divll                          
0     00009fa6  __c28xabi_divul                          
0     0000868a  __c28xabi_divull                         
0     0000a079  __c28xabi_dtof                           
0     0000a09c  __c28xabi_dtoi                           
0     0000a0dc  __c28xabi_dtol                           
0     0000a136  __c28xabi_ftod                           
0     0000b7e3  __c28xabi_itod                           
0     0000a152  __c28xabi_ltod                           
0     00009f98  __c28xabi_modl                           
0     00008650  __c28xabi_modll                          
0     00009fad  __c28xabi_modul                          
0     000086b9  __c28xabi_modull                         
0     000096ac  __c28xabi_mpyd                           
0     0000a322  __c28xabi_negd                           
0     0000a1dc  __c28xabi_orll                           
0     0000a2bd  __c28xabi_subd                           
0     0000a1e4  __c28xabi_xorll                          
n/a   UNDEFED   __c_args__                               
0     00008bed  __error__                                
1     00000400  __stack                                  
0     0000a2d8  _args_main                               
0     0000a21b  _c_int00                                 
1     0000a800  _ctypes_                                 
1     0000adca  _device                                  
1     0000ad52  _ftable                                  
1     0000ae46  _lock                                    
0     0000a321  _nop                                     
0     0000a31d  _register_lock                           
0     0000a319  _register_unlock                         
1     0000ae12  _stream                                  
1     0000ab52  _sys_memory                              
0     00008fff  _system_post_cinit                       
0     000087fe  _system_pre_init                         
1     0000ae48  _unlock                                  
0     00009fb3  abort                                    
0     00008da9  aligned_alloc                            
0     00009ea5  atoi                                     
1     0000c000  bit_rev_imag                             
1     0000c800  bit_rev_real                             
0     00009086  bit_reversal_input                       
0     0000906e  bit_reverse                              
0     00008d7c  calloc                                   
0     00009e41  close                                    
0     00000000  code_start                               
0     000090b3  complex_mul                              
0     00009fdc  copysign                                 
0     00009fdc  copysignl                                
0     00009a17  cosf                                     
1     0000ae4b  errno                                    
1     0000e7c8  even_imag                                
1     0000e7c4  even_real                                
0     00009fb5  exit                                     
0     00009b1f  fclose                                   
0     0000982f  fflush                                   
0     00009be3  finddevice                               
0     000090f3  fixed_point_fft                          
0     0000b79c  fopen                                    
0     000097ab  fputc                                    
0     00008e97  fputs                                    
0     00008c2a  free                                     
0     0000b77e  freopen                                  
0     00009b38  frexp                                    
0     00009b38  frexpl                                   
0     00009cba  fseek                                    
0     00009cba  fseeko                                   
0     00009000  generateSignal                           
0     00009bfe  getdevice                                
1     0000e7cc  initial_twiddle                          
0     0000871b  ldexp                                    
0     0000871b  ldexpl                                   
0     0000a1ec  lseek                                    
1     0000d800  magnitude                                
1     0000e400  magnitude_fixed                          
0     0000920d  main                                     
0     00008bff  malloc                                   
0     00008da9  memalign                                 
0     0000a290  memccpy                                  
0     0000a2cb  memchr                                   
0     0000a119  memcpy                                   
0     0000a34a  memset                                   
0     00008d78  minit                                    
1     0000e7ca  odd_imag                                 
1     0000e7c6  odd_real                                 
1     0000e7d0  ongoing_twiddle                          
0     00009873  open                                     
1     0000e7d4  parmbuf                                  
0     00009e13  printf                                   
0     000097ab  putc                                     
0     000097f9  putchar                                  
0     00008f2c  puts                                     
0     00008cf4  realloc                                  
0     0000a1a2  remove                                   
0     0000871b  scalbn                                   
0     0000871b  scalbnl                                  
0     0000972f  setvbuf                                  
1     0000dc00  signal_FixedP_imag                       
1     0000e000  signal_FixedP_real                       
1     0000d000  signal_real                              
0     0000994c  sinf                                     
0     0000a052  sqrtf                                    
0     0000a2e4  strchr                                   
0     0000a306  strcmp                                   
0     0000a357  strcpy                                   
0     0000a33b  strlen                                   
0     0000a232  strncpy                                  
0     000091f3  test_complex_mul                         
0     0000a1a2  unlink                                   
0     0000a2fb  wcslen                                   
0     0000a1bb  write                                    
1     0000e7c0  x                                        
1     0000e7c2  y                                        


GLOBAL SYMBOLS: SORTED BY Symbol Address 

page  address   name                                     
----  -------   ----                                     
0     00000000  code_start                               
0     00000123  SysCtl_delay                             
0     00000158  __TI_Handler_Table_Base                  
0     0000015e  __TI_Handler_Table_Limit                 
0     0000016c  __TI_CINIT_Base                          
0     0000017c  __TI_CINIT_Limit                         
0     0000017c  __TI_CINIT_Warm                          
0     0000848f  __TI_printfi                             
0     00008614  __c28xabi_divll                          
0     00008650  __c28xabi_modll                          
0     0000868a  __c28xabi_divull                         
0     000086b9  __c28xabi_modull                         
0     0000871b  ldexp                                    
0     0000871b  ldexpl                                   
0     0000871b  scalbn                                   
0     0000871b  scalbnl                                  
0     000087c4  HOSTopen                                 
0     000087fe  _system_pre_init                         
0     000088ae  Device_init                              
0     000088f0  Device_enableAllPeripherals              
0     000089db  Device_initGPIO                          
0     000089fc  Device_enableUnbondedGPIOPullupsFor176Pin
0     00008a0f  Device_enableUnbondedGPIOPullupsFor100Pin
0     00008a2c  Device_enableUnbondedGPIOPullups         
0     00008a42  Device_configureTMXAnalogTrim            
0     00008a73  Device_bootCPU2                          
0     00008bed  __error__                                
0     00008bf4  Example_setResultPass                    
0     00008bf9  Example_setResultFail                    
0     00008bfe  Example_done                             
0     00008bff  malloc                                   
0     00008c2a  free                                     
0     00008cf4  realloc                                  
0     00008d78  minit                                    
0     00008d7c  calloc                                   
0     00008da9  aligned_alloc                            
0     00008da9  memalign                                 
0     00008e57  __TI_heap_total_available                
0     00008e76  __TI_heap_largest_available              
0     00008e95  __TI_heap_check                          
0     00008e97  fputs                                    
0     00008f2c  puts                                     
0     00008f3f  __c28xabi_addd                           
0     00008fdb  HOSTunlink                               
0     00008fff  _system_post_cinit                       
0     00009000  generateSignal                           
0     0000906e  bit_reverse                              
0     00009086  bit_reversal_input                       
0     000090b3  complex_mul                              
0     000090f3  fixed_point_fft                          
0     000091f3  test_complex_mul                         
0     0000920d  main                                     
0     0000926a  SysCtl_setClock                          
0     00009474  __TI_writemsg                            
0     000094c7  C$$IO$$                                  
0     000094cc  __TI_readmsg                             
0     00009509  SysCtl_selectXTAL                        
0     00009599  __c28xabi_divd                           
0     00009624  __c28xabi_divf                           
0     000096ac  __c28xabi_mpyd                           
0     0000972f  setvbuf                                  
0     000097ab  fputc                                    
0     000097ab  putc                                     
0     000097f9  putchar                                  
0     00009800  __TI_doflush                             
0     0000982f  fflush                                   
0     00009873  open                                     
0     000098e4  SysCtl_getDeviceParametric               
0     0000994c  sinf                                     
0     000099b2  __TI_wrt_ok                              
0     000099ec  __TI_rd_ok                               
0     00009a17  cosf                                     
0     00009a7a  HOSTlseek                                
0     00009adb  __TI_closefile                           
0     00009b1f  fclose                                   
0     00009b38  frexp                                    
0     00009b38  frexpl                                   
0     00009b92  SysCtl_getClock                          
0     00009be3  finddevice                               
0     00009bfe  getdevice                                
0     00009c34  SysCtl_selectOscSource                   
0     00009c7c  HOSTrename                               
0     00009cba  fseek                                    
0     00009cba  fseeko                                   
0     00009cf7  HOSTwrite                                
0     00009d30  HOSTread                                 
0     00009d68  GPIO_setControllerCore                   
0     00009d9f  GPIO_setPinConfig                        
0     00009dd6  GPIO_setQualificationMode                
0     00009e13  printf                                   
0     00009e41  close                                    
0     00009e74  GPIO_setDirectionMode                    
0     00009ea5  atoi                                     
0     00009ed6  __TI_ltoa                                
0     00009f06  __TI_decompress_lzss                     
0     00009f34  __TI_auto_init_nobinit_nopinit           
0     00009f5f  __c28xabi_cmpd                           
0     00009f89  __c28xabi_divl                           
0     00009f98  __c28xabi_modl                           
0     00009fa6  __c28xabi_divul                          
0     00009fad  __c28xabi_modul                          
0     00009fb3  C$$EXIT                                  
0     00009fb3  abort                                    
0     00009fb5  exit                                     
0     00009fdc  copysign                                 
0     00009fdc  copysignl                                
0     0000a000  HOSTclose                                
0     0000a052  sqrtf                                    
0     0000a079  __c28xabi_dtof                           
0     0000a09c  __c28xabi_dtoi                           
0     0000a0dc  __c28xabi_dtol                           
0     0000a0fb  __c28xabi_cmpll                          
0     0000a10d  __c28xabi_cmpull                         
0     0000a119  memcpy                                   
0     0000a136  __c28xabi_ftod                           
0     0000a152  __c28xabi_ltod                           
0     0000a188  SysCtl_getLowSpeedClock                  
0     0000a1a2  remove                                   
0     0000a1a2  unlink                                   
0     0000a1bb  write                                    
0     0000a1d4  __c28xabi_andll                          
0     0000a1dc  __c28xabi_orll                           
0     0000a1e4  __c28xabi_xorll                          
0     0000a1ec  lseek                                    
0     0000a21b  _c_int00                                 
0     0000a232  strncpy                                  
0     0000a290  memccpy                                  
0     0000a2bd  __c28xabi_subd                           
0     0000a2cb  memchr                                   
0     0000a2d8  _args_main                               
0     0000a2e4  strchr                                   
0     0000a2fb  wcslen                                   
0     0000a306  strcmp                                   
0     0000a319  _register_unlock                         
0     0000a31d  _register_lock                           
0     0000a321  _nop                                     
0     0000a322  __c28xabi_negd                           
0     0000a333  __TI_decompress_none                     
0     0000a33b  strlen                                   
0     0000a34a  memset                                   
0     0000a351  __TI_zero_init                           
0     0000a357  strcpy                                   
0     0000b761  __TI_cleanup                             
0     0000b77e  freopen                                  
0     0000b79c  fopen                                    
0     0000b7e3  __c28xabi_itod                           
1     00000400  __stack                                  
1     000007f8  __TI_STACK_END                           
1     0000a800  _ctypes_                                 
1     0000ab52  _sys_memory                              
1     0000ad52  _ftable                                  
1     0000adca  _device                                  
1     0000ae12  _stream                                  
1     0000ae3a  Example_Result                           
1     0000ae3c  Example_PassCount                        
1     0000ae3e  Example_Fail                             
1     0000ae40  __TI_enable_exit_profile_output          
1     0000ae42  __TI_cleanup_ptr                         
1     0000ae44  __TI_dtors_ptr                           
1     0000ae46  _lock                                    
1     0000ae48  _unlock                                  
1     0000ae4a  __TI_ft_end                              
1     0000ae4b  errno                                    
1     0000c000  bit_rev_imag                             
1     0000c800  bit_rev_real                             
1     0000d000  signal_real                              
1     0000d800  magnitude                                
1     0000dc00  signal_FixedP_imag                       
1     0000e000  signal_FixedP_real                       
1     0000e400  magnitude_fixed                          
1     0000e600  __CIOBUF_                                
1     0000e720  __TI_tmpnams                             
1     0000e7c0  x                                        
1     0000e7c2  y                                        
1     0000e7c4  even_real                                
1     0000e7c6  odd_real                                 
1     0000e7c8  even_imag                                
1     0000e7ca  odd_imag                                 
1     0000e7cc  initial_twiddle                          
1     0000e7d0  ongoing_twiddle                          
1     0000e7d4  parmbuf                                  
abs   00000200  __TI_SYSMEM_SIZE                         
abs   000003f8  __TI_STACK_SIZE                          
abs   ffffffff  __TI_pprof_out_hndl                      
abs   ffffffff  __TI_prof_data_size                      
abs   ffffffff  __TI_prof_data_start                     
n/a   UNDEFED   __c_args__                               

[187 symbols]
